Project/data - Copy.csv
"","store","upc","week","move","price","profit","descrip","custcoun","brand","wp","mks","csame","cdiff","Prod2","Prod3","Prod4","Prod5","Prod6","Prod7","Prod8","Prod9","Prod10","Prod11","summks","os","y","avg_price_product","pricediff_product","withingroupshare"
"1",98,1820000016,91,26,0.0484722222222222,19.05,"BUDWEISER BEER",27452,18200,0.0392382638888889,0.000947107678857642,1,9,0,0,0,0,0,0,0,0,0,0,0.160243720676529,0.839756279323471,-6.78745419309992,0.0484722222222222,0,0.00591041992072495
"12",98,1820000016,92,30,0.0484722222222222,19.05,"BUDWEISER BEER",28509,18200,0.0392382638888889,0.0010522992739135,1,9,0,0,0,0,0,0,0,0,0,0,0.179048444747772,0.820951555252228,-6.65948654594564,0.0484722222222222,0,0.00587717628821569
"23",98,1820000016,93,20,0.0484722222222222,19.05,"BUDWEISER BEER",27892,18200,0.0392382638888889,0.000717051484296572,1,9,0,0,0,0,0,0,0,0,0,0,0.163680188523833,0.836319811476167,-7.06161872534867,0.0484722222222222,0,0.00438080803036321
"34",98,1820000016,94,19,0.0498611111111111,21.3,"BUDWEISER BEER",30186,18200,0.0392406944444444,0.000629430861989001,1,9,0,0,0,0,0,0,0,0,0,0,0.171503153298151,0.828496846701849,-7.1825522923974,0.0498611111111111,0,0.00367008331849598
"45",98,1820000016,95,14,0.0498611111111111,21.3,"BUDWEISER BEER",27923,18200,0.0392406944444444,0.000501378791677112,1,9,0,0,0,0,0,0,0,0,0,0,0.295882349292852,0.704117650707148,-7.24733885204054,0.0498611111111111,0,0.00169452078799357
"56",98,1820000016,96,27,0.0498611111111111,21.3,"BUDWEISER BEER",27563,18200,0.0392406944444444,0.000979574066683598,1,9,0,0,0,0,0,0,0,0,0,0,0.228582258834122,0.771417741165878,-6.66886747179685,0.0498611111111111,0,0.00428543348762013
"67",98,1820000016,97,27,0.0498611111111111,21.3,"BUDWEISER BEER",27377,18200,0.0392406944444444,0.000986229316579611,1,9,0,0,0,0,0,0,0,0,0,0,0.154077437754725,0.845922562245275,-6.75429420025206,0.0498611111111111,0,0.00640086784250386
"78",98,1820000016,98,21,0.0498611111111111,21.3,"BUDWEISER BEER",29035,18200,0.0392406944444444,0.000723265024969864,1,9,0,0,0,0,0,0,0,0,0,0,0.161445559263888,0.838554440736112,-7.05565906659626,0.0498611111111111,0,0.00447993136675667
"89",98,1820000016,99,16,0.0498611111111111,21.3,"BUDWEISER BEER",29394,18200,0.0392406944444444,0.000544328774579846,1,9,0,0,0,0,0,0,0,0,0,0,0.142503970956944,0.857496029043056,-7.3622183978205,0.0498611111111111,0,0.00381974460728754
"100",98,1820000016,100,24,0.0498611111111111,21.3,"BUDWEISER BEER",28115,18200,0.0392406944444444,0.0008536368486573,1,9,0,0,0,0,0,0,0,0,0,0,0.152956618807566,0.847043381192434,-6.90000132220121,0.0498611111111111,0,0.00558090820333351
"111",98,1820000016,101,17,0.0498611111111111,21.3,"BUDWEISER BEER",26946,18200,0.0392406944444444,0.000630891412454539,1,9,0,0,0,0,0,0,0,0,0,0,0.144578047442924,0.855421952557077,-7.21221637823998,0.0498611111111111,0,0.00436367362551083
"122",98,1820000016,102,26,0.0498611111111111,21.3,"BUDWEISER BEER",28849,18200,0.0392406944444444,0.000901244410551492,1,9,0,0,0,0,0,0,0,0,0,0,0.147551396581725,0.852448603418275,-6.8520917103816,0.0498611111111111,0,0.00610800325466466
"133",98,1820000016,103,10,0.0498611111111111,21.3,"BUDWEISER BEER",27950,18200,0.0392406944444444,0.00035778175313059,1,9,0,0,0,0,0,0,0,0,0,0,0.171644858056582,0.828355141943418,-7.74727408442501,0.0498611111111111,0,0.00208443035918179
"144",98,1820000016,104,15,0.0498611111111111,21.3,"BUDWEISER BEER",27037,18200,0.0392406944444444,0.00055479528054148,1,9,0,0,0,0,0,0,0,0,0,0,0.235510838015903,0.764489161984097,-7.22836394583377,0.0498611111111111,0,0.00235571018818258
"155",98,1820000016,105,12,0.0498611111111111,21.3,"BUDWEISER BEER",29325,18200,0.0392406944444444,0.00040920716112532,1,9,0,0,0,0,0,0,0,0,0,0,0.134631013358941,0.865368986641059,-7.65668973487804,0.0498611111111111,0,0.00303947174514931
"166",98,1820000016,106,17,0.0498611111111111,21.3,"BUDWEISER BEER",28468,18200,0.0392406944444444,0.000597161725446115,1,9,0,0,0,0,0,0,0,0,0,0,0.127541630663972,0.872458369336028,-7.28688224409098,0.0498611111111111,0,0.0046820926025278
"177",98,1820000016,107,12,0.0491666666666667,20.19,"BUDWEISER BEER",26328,18200,0.0392399166666667,0.000455788514129444,1,9,0,0,0,0,0,0,0,0,0,0,0.115288595803509,0.884711404196492,-7.57098785672668,0.0493364197530864,-0.000169753086419755,0.00395345706965036
"188",98,1820000016,108,14,0.0484722222222222,19.05,"BUDWEISER BEER",27855,18200,0.0392382638888889,0.000502602764315204,1,9,0,0,0,0,0,0,0,0,0,0,0.115815724839727,0.884184275160273,-7.47262065083487,0.0484722222222222,0,0.00433967636960124
"199",98,1820000016,109,18,0.0484722222222222,19.05,"BUDWEISER BEER",27184,18200,0.0392382638888889,0.000662154208357858,1,9,0,0,0,0,0,0,0,0,0,0,0.124851125911501,0.875148874088499,-7.18665082073398,0.0484722222222222,0,0.00530355015642563
"210",98,1820000016,110,27,0.0484722222222222,19.05,"BUDWEISER BEER",30677,18200,0.0392382638888889,0.000880138214297356,1,9,0,0,0,0,0,0,0,0,0,0,0.106163466721612,0.893836533278388,-6.923199231914,0.0484722222222222,0,0.00829040574386392
"221",98,1820000016,111,24,0.0484722222222222,19.05,"BUDWEISER BEER",30641,18200,0.0392382638888889,0.000783264253777618,1,9,0,0,0,0,0,0,0,0,0,0,0.122334316510869,0.877665683489131,-7.02155090167768,0.0484722222222222,0,0.00640265361443393
"232",98,1820000016,112,8,0.0484722222222222,19.05,"BUDWEISER BEER",26667,18200,0.0392382638888889,0.000299996250046874,1,9,0,0,0,0,0,0,0,0,0,0,0.139806261452893,0.860193738547107,-7.96114294550458,0.0484722222222222,0,0.00214579981561095
"243",98,1820000016,113,14,0.0484722222222222,19.05,"BUDWEISER BEER",28782,18200,0.0392382638888889,0.000486415120561462,1,9,0,0,0,0,0,0,0,0,0,0,0.111227244022762,0.888772755977238,-7.51053444739748,0.0484722222222222,0,0.00437316526931045
"254",98,1820000016,114,13,0.0484722222222222,19.05,"BUDWEISER BEER",27461,18200,0.0392382638888889,0.000473398638068534,1,9,0,0,0,0,0,0,0,0,0,0,0.112970228581518,0.887029771418482,-7.53569600473716,0.0484722222222222,0,0.00419047251663242
"265",98,1820000016,115,15,0.0484722222222222,19.05,"BUDWEISER BEER",35045,18200,0.0392382638888889,0.000428021115708375,1,9,0,0,0,0,0,0,0,0,0,0,0.088921270428748,0.911078729571252,-7.66321206342014,0.0484722222222222,0,0.00481348403643587
"276",98,1820000016,116,25,0.0484722222222222,19.05,"BUDWEISER BEER",24712,18200,0.0392382638888889,0.00101165425704111,1,9,0,0,0,0,0,0,0,0,0,0,0.219650333031936,0.780349666968064,-6.64815524096403,0.0484722222222222,0,0.00460574879662953
"287",98,1820000016,117,29,0.0484722222222222,19.05,"BUDWEISER BEER",28278,18200,0.0392382638888889,0.00102553221585685,1,9,0,0,0,0,0,0,0,0,0,0,0.139797429405902,0.860202570594098,-6.73195619589628,0.0484722222222222,0,0.00733584458752255
"298",98,1820000016,118,16,0.0484722222222222,19.05,"BUDWEISER BEER",28272,18200,0.0392382638888889,0.000565930956423316,1,9,0,0,0,0,0,0,0,0,0,0,0.102755175164284,0.897244824835716,-7.36861195554225,0.0484722222222222,0,0.00550756646094476
"309",98,1820000016,119,16,0.0484722222222222,19.05,"BUDWEISER BEER",30340,18200,0.0392382638888889,0.000527356624917601,1,9,0,0,0,0,0,0,0,0,0,0,0.108132090593923,0.891867909406077,-7.43319628966968,0.0484722222222222,0,0.00487696688393852
"320",98,1820000016,120,17,0.0484722222222222,19.05,"BUDWEISER BEER",27660,18200,0.0392382638888889,0.000614605929139552,1,9,0,0,0,0,0,0,0,0,0,0,0.206769712513018,0.793230287486982,-7.16288756201911,0.0484722222222222,0,0.00297241758316444
"331",98,1820000016,121,11,0.0484722222222222,19.05,"BUDWEISER BEER",27891,18200,0.0392382638888889,0.000394392456347926,1,9,0,0,0,0,0,0,0,0,0,0,0.17975591860958,0.82024408139042,-7.64001073954196,0.0484722222222222,0,0.00219404434301007
"342",98,1820000016,122,23,0.0494444444444444,19.69,"BUDWEISER BEER",25754,18200,0.0397088333333333,0.00089306515492739,1,9,0,0,0,0,0,0,0,0,0,0,0.0955079544492083,0.904492045550792,-6.92046924941375,0.0496450617283951,-0.00020061728395062,0.00935068874710669
"353",98,1820000016,123,12,0.0526388888888889,21.97,"BUDWEISER BEER",28062,18200,0.041074125,0.00042762454564892,1,9,0,0,0,0,0,0,0,0,0,0,0.095828232503149,0.904171767496851,-7.65652904881967,0.0526388888888889,0,0.00446240668828853
"364",98,1820000016,124,13,0.0526388888888889,21.97,"BUDWEISER BEER",28177,18200,0.041074125,0.000461369201831281,1,9,0,0,0,0,0,0,0,0,0,0,0.11012200102275,0.88987799897725,-7.56464105838975,0.0526388888888889,0,0.00418961876415564
"375",98,1820000016,125,13,0.0526388888888889,21.97,"BUDWEISER BEER",25559,18200,0.041074125,0.00050862709808678,1,9,0,0,0,0,0,0,0,0,0,0,0.151938721522505,0.848061278477495,-7.41899304318842,0.0526388888888889,0,0.00334758047843282
"386",98,1820000016,126,20,0.0526388888888889,21.97,"BUDWEISER BEER",25941,18200,0.041074125,0.000770980301453298,1,9,0,0,0,0,0,0,0,0,0,0,0.0977251858019289,0.902274814198071,-7.06501160081187,0.0526388888888889,0,0.00788926923112671
"397",98,1820000016,127,27,0.0519444444444444,20.93,"BUDWEISER BEER",28912,18200,0.0410724722222222,0.000933868289983398,1,9,0,0,0,0,0,0,0,0,0,0,0.0778651447013141,0.922134855298686,-6.89511134458806,0.0521296296296296,-0.000185185185185184,0.0119934059528902
"408",98,1820000016,128,24,0.05125,19.86,"BUDWEISER BEER",25197,18200,0.04107175,0.000952494344564829,1,9,0,0,0,0,0,0,0,0,0,0,0.116308209700146,0.883691790299854,-6.83277945780058,0.05125,0,0.00818939907183211
"419",98,1820000016,129,21,0.05125,19.86,"BUDWEISER BEER",25112,18200,0.04107175,0.000836253583943931,1,9,0,0,0,0,0,0,0,0,0,0,0.119230853928716,0.880769146071284,-6.95961893717347,0.05125,0,0.00701373475395804
"430",98,1820000016,130,24,0.05125,19.86,"BUDWEISER BEER",27962,18200,0.04107175,0.000858307703311637,1,9,0,0,0,0,0,0,0,0,0,0,0.110709567336545,0.889290432663455,-6.9432164932875,0.05125,0,0.00775278708029338
"441",98,1820000016,131,14,0.05125,19.86,"BUDWEISER BEER",27057,18200,0.04107175,0.000517426174372621,1,9,0,0,0,0,0,0,0,0,0,0,0.113224222153805,0.886775777846195,-7.44648058549435,0.05125,0,0.00456992474339761
"452",98,1820000016,132,17,0.05125,19.86,"BUDWEISER BEER",26221,18200,0.04107175,0.000648335303764158,1,9,0,0,0,0,0,0,0,0,0,0,0.122438590667897,0.877561409332103,-7.21049420741363,0.05125,0,0.00529518757303166
"463",98,1820000016,133,18,0.05125,19.86,"BUDWEISER BEER",27724,18200,0.04107175,0.00064925696147742,1,9,0,0,0,0,0,0,0,0,0,0,0.113110420383666,0.886889579616334,-7.21964719325245,0.05125,0,0.00574002783541222
"474",98,1820000016,134,14,0.05125,19.86,"BUDWEISER BEER",24855,18200,0.04107175,0.000563266948300141,1,9,0,0,0,0,0,0,0,0,0,0,0.0919781128432479,0.908021887156752,-7.38527009304034,0.05125,0,0.00612392373455279
"485",98,1820000016,135,17,0.05125,19.86,"BUDWEISER BEER",29105,18200,0.04107175,0.000584092080398557,1,9,0,0,0,0,0,0,0,0,0,0,0.087014757413691,0.912985242586309,-7.35441635348046,0.05125,0,0.00671256345198585
"496",98,1820000016,136,18,0.05125,19.86,"BUDWEISER BEER",29272,18200,0.04107175,0.000614922109866084,1,9,0,0,0,0,0,0,0,0,0,0,0.110040193489792,0.889959806510208,-7.27743597030264,0.05125,0,0.00558815911136257
"507",98,1820000016,137,27,0.05125,19.86,"BUDWEISER BEER",24381,18200,0.04107175,0.00110741971207087,1,9,0,0,0,0,0,0,0,0,0,0,0.145163684101017,0.854836315898983,-6.64887728165098,0.05125,0,0.00762876554786414
"518",98,1820000016,138,29,0.05125,19.86,"BUDWEISER BEER",25399,18200,0.04107175,0.00114177723532423,1,9,0,0,0,0,0,0,0,0,0,0,0.100017015288915,0.899982984711085,-6.66978983045327,0.05125,0,0.0114158299167998
"529",98,1820000016,139,15,0.05125,19.86,"BUDWEISER BEER",28639,18200,0.04107175,0.000523761304514822,1,9,0,0,0,0,0,0,0,0,0,0,0.110086316138778,0.889913683861222,-7.43784369777683,0.05125,0,0.0047577330488065
"540",98,1820000016,140,16,0.05125,19.86,"BUDWEISER BEER",31391,18200,0.04107175,0.000509700232550731,1,9,0,0,0,0,0,0,0,0,0,0,0.142144028105693,0.857855971894307,-7.42836872585806,0.05125,0,0.00358580124218612
"551",98,1820000016,141,24,0.05125,19.86,"BUDWEISER BEER",28176,18200,0.04107175,0.000851788756388416,1,9,0,0,0,0,0,0,0,0,0,0,0.173554742568719,0.826445257431281,-6.87755040227047,0.05125,0,0.00490789674647555
"562",98,1820000016,142,20,0.05125,19.86,"BUDWEISER BEER",31550,18200,0.04107175,0.00063391442155309,1,9,0,0,0,0,0,0,0,0,0,0,0.143746523370508,0.856253476629492,-7.20840776529864,0.05125,0,0.00440994610992552
"573",98,1820000016,143,16,0.05125,19.86,"BUDWEISER BEER",26074,18200,0.04107175,0.00061363810692644,1,9,0,0,0,0,0,0,0,0,0,0,0.126024557852781,0.873975442147219,-7.26140220403185,0.05125,0,0.00486919468222437
"584",98,1820000016,144,18,0.05125,19.86,"BUDWEISER BEER",27181,18200,0.04107175,0.000662227291122475,1,9,0,0,0,0,0,0,0,0,0,0,0.145184687289837,0.854815312710163,-7.16303187898611,0.05125,0,0.00456127504549051
"595",98,1820000016,145,32,0.05125,19.86,"BUDWEISER BEER",28084,18200,0.04107175,0.00113943882637801,1,9,0,0,0,0,0,0,0,0,0,0,0.148585327772893,0.851414672227107,-6.61636340266063,0.05125,0,0.00766858237927501
"606",98,1820000016,146,25,0.05125,19.86,"BUDWEISER BEER",26806,18200,0.04107175,0.000932627023800642,1,9,0,0,0,0,0,0,0,0,0,0,0.126219600037342,0.873780399962658,-6.84257900364894,0.05125,0,0.00738892393514733
"617",98,1820000016,147,15,0.05125,19.86,"BUDWEISER BEER",29036,18200,0.04107175,0.000516600082656013,1,9,0,0,0,0,0,0,0,0,0,0,0.192816164893118,0.807183835106882,-7.35403768127582,0.05125,0,0.00267923637492932
"628",98,1820000016,148,22,0.05125,19.86,"BUDWEISER BEER",26441,18200,0.04107175,0.000832041148216784,1,9,0,0,0,0,0,0,0,0,0,0,0.285278675601689,0.714721324398311,-6.75576609302564,0.05125,0,0.00291659075625581
"639",98,1820000016,149,15,0.05125,19.86,"BUDWEISER BEER",26007,18200,0.04107175,0.000576767793286423,1,9,0,0,0,0,0,0,0,0,0,0,0.12915125426408,0.87084874573592,-7.31978383735347,0.05125,0,0.00446583191601907
"650",98,1820000016,150,12,0.0526388888888889,21.97,"BUDWEISER BEER",27564,18200,0.041074125,0.00043535045711798,1,9,0,0,0,0,0,0,0,0,0,0,0.131905645146946,0.868094354853054,-7.59790433620724,0.0526388888888889,0,0.00330046873000006
"661",98,1820000016,151,22,0.0526388888888889,21.97,"BUDWEISER BEER",25180,18200,0.041074125,0.000873709293089754,1,9,0,0,0,0,0,0,0,0,0,0,0.140298276539399,0.859701723460601,-6.89159307115955,0.0526388888888889,0,0.00622751265832117
"672",98,1820000016,152,12,0.0526388888888889,21.97,"BUDWEISER BEER",25724,18200,0.041074125,0.000466490436946043,1,9,0,0,0,0,0,0,0,0,0,0,0.138258247844966,0.861741752155034,-7.52147339279434,0.0526388888888889,0,0.00337405141622462
"683",98,1820000016,153,15,0.0526388888888889,21.97,"BUDWEISER BEER",27180,18200,0.041074125,0.000551876379690949,1,9,0,0,0,0,0,0,0,0,0,0,0.114528455740993,0.885471544259007,-7.38055152910317,0.0526388888888889,0,0.00481868349765425
"694",98,1820000016,154,19,0.0526388888888889,21.97,"BUDWEISER BEER",25702,18200,0.041074125,0.000739242082328224,1,9,0,0,0,0,0,0,0,0,0,0,0.119874901023928,0.880125098976072,-7.08219388601464,0.0526388888888889,0,0.00616677950107894
"705",98,1820000016,155,11,0.0526388888888889,21.97,"BUDWEISER BEER",25715,18200,0.041074125,0.000427765895391795,1,9,0,0,0,0,0,0,0,0,0,0,0.143169913889917,0.856830086110083,-7.60241883945312,0.0526388888888889,0,0.0029878197434742
"716",98,1820000016,156,8,0.0526388888888889,21.97,"BUDWEISER BEER",26142,18200,0.041074125,0.000306020962435927,1,9,0,0,0,0,0,0,0,0,0,0,0.224777404249238,0.775222595750762,-7.83725188312058,0.0526388888888889,0,0.00136144005870183
"727",98,1820000016,157,10,0.0534722222222222,23.19,"BUDWEISER BEER",24770,18200,0.0410720138888889,0.00040371417036738,1,9,0,0,0,0,0,0,0,0,0,0,0.107849181402936,0.892150818597064,-7.70068334793965,0.0525154320987654,0.000956790123456792,0.00374332160073668
"738",98,1820000016,158,14,0.0554166666666667,25.88,"BUDWEISER BEER",26237,18200,0.0410748333333333,0.000533597591188017,1,9,0,0,0,0,0,0,0,0,0,0,0.0920496658476804,0.90795033415232,-7.43930297769141,0.0529475308641975,0.00246913580246914,0.00579684441300406
"749",98,1820000016,159,14,0.0554166666666667,25.88,"BUDWEISER BEER",27115,18200,0.0410748333333333,0.000516319380416743,1,9,0,0,0,0,0,0,0,0,0,0,0.108752993338645,0.891247006661355,-7.4536513638159,0.0529475308641975,0.00246913580246914,0.00474763373922941
"760",98,1820000016,160,16,0.0554166666666667,25.88,"BUDWEISER BEER",27107,18200,0.0410748333333333,0.00059025344007083,1,9,0,0,0,0,0,0,0,0,0,0,0.101066937940195,0.898933062059805,-7.32841184835354,0.0529475308641975,0.00246913580246914,0.00584022284735789
"771",98,1820000016,161,12,0.0554166666666667,25.88,"BUDWEISER BEER",26231,18200,0.0410748333333333,0.000457473981167321,1,9,0,0,0,0,0,0,0,0,0,0,0.0990504013030653,0.900949598696935,-7.58548458439984,0.0529475308641975,0.00246913580246914,0.00461859795769614
"782",98,1820000016,162,15,0.0554166666666667,25.88,"BUDWEISER BEER",29514,18200,0.0410748333333333,0.000508233380768449,1,9,0,0,0,0,0,0,0,0,0,0,0.0964092472177752,0.903590752782225,-7.48319107672912,0.0529475308641975,0.00246913580246914,0.00527162482267308
"793",98,1820000016,163,12,0.0554166666666667,25.88,"BUDWEISER BEER",27508,18200,0.0410748333333333,0.000436236731132761,1,9,0,0,0,0,0,0,0,0,0,0,0.125937996726062,0.874062003273938,-7.60272153676989,0.0529475308641975,0.00246913580246914,0.00346390082797374
"804",98,1820000016,164,6,0.0554166666666667,25.88,"BUDWEISER BEER",26185,18200,0.0410748333333333,0.000229138819935077,1,9,0,0,0,0,0,0,0,0,0,0,0.126492648439199,0.873507351560801,-8.24594380425365,0.0529475308641975,0.00246913580246914,0.00181147934494563
"815",98,1820000016,165,13,0.0554166666666667,25.88,"BUDWEISER BEER",25531,18200,0.0410748333333333,0.000509184912459363,1,9,0,0,0,0,0,0,0,0,0,0,0.0948876284630554,0.905112371536945,-7.48300314606506,0.0529475308641975,0.00246913580246914,0.00536618862444871
"826",98,1820000016,166,15,0.0554166666666667,25.88,"BUDWEISER BEER",25241,18200,0.0410748333333333,0.000594271225387267,1,9,0,0,0,0,0,0,0,0,0,0,0.106135561638203,0.893864438361797,-7.31597358417102,0.0529475308641975,0.00246913580246914,0.00559917162744215
