Project/data - Copy.csv
"","store","upc","week","move","price","profit","descrip","custcoun","brand","wp","mks","csame","cdiff","Prod2","Prod3","Prod4","Prod5","Prod6","Prod7","Prod8","Prod9","Prod10","Prod11","summks","os","y","avg_price_product","pricediff_product","withingroupshare"
"837",98,1820000016,167,13,0.0554166666666667,25.88,"BUDWEISER BEER",31809,18200,0.0410748333333333,0.000408689364645226,1,9,0,0,0,0,0,0,0,0,0,0,0.133840081904626,0.866159918095374,-7.65886946559225,0.0529475308641975,0.00246913580246914,0.00305356481279245
"848",98,1820000016,168,13,0.0554166666666667,25.88,"BUDWEISER BEER",23208,18200,0.0410748333333333,0.000560151671837297,1,9,0,0,0,0,0,0,0,0,0,0,0.13128591619262,0.86871408380738,-7.34656174300195,0.0529475308641975,0.00246913580246914,0.00426665470358186
"859",98,1820000016,169,13,0.0554166666666667,25.88,"BUDWEISER BEER",26034,18200,0.0410748333333333,0.000499347007759084,1,9,0,0,0,0,0,0,0,0,0,0,0.0771881765067679,0.922811823493232,-7.52187935742837,0.0529475308641975,0.00246913580246914,0.00646921627582822
"870",98,1820000016,170,16,0.0554166666666667,25.88,"BUDWEISER BEER",25525,18200,0.0410748333333333,0.000626836434867777,1,9,0,0,0,0,0,0,0,0,0,0,0.0888341826882022,0.911165817311798,-7.28179453931554,0.0529475308641975,0.00246913580246914,0.00705625262595031
"881",98,1820000016,171,13,0.0554166666666667,25.88,"BUDWEISER BEER",31750,18200,0.0410748333333333,0.000409448818897638,1,9,0,0,0,0,0,0,0,0,0,0,0.120561252067731,0.879438747932269,-7.67222728543652,0.0529475308641975,0.00246913580246914,0.00339618917251797
"892",98,1820000016,172,3,0.0554166666666667,25.88,"BUDWEISER BEER",22874,18200,0.0410748333333333,0.000131153274460086,1,9,0,0,0,0,0,0,0,0,0,0,0.151211757533219,0.848788242466781,-8.77519834094704,0.0529475308641975,0.00246913580246914,0.000867348390096404
"903",98,1820000016,173,3,0.0554166666666667,25.88,"BUDWEISER BEER",24273,18200,0.0410748333333333,0.000123594116920035,1,9,0,0,0,0,0,0,0,0,0,0,0.146965939142058,0.853034060857942,-8.83955181018599,0.0529475308641975,0.00246913580246914,0.000840971164077465
"914",98,1820000016,174,10,0.0554166666666667,25.88,"BUDWEISER BEER",25328,18200,0.0410748333333333,0.000394819962097284,1,9,0,0,0,0,0,0,0,0,0,0,0.0906806562758987,0.909319343724101,-7.74202175585388,0.0529475308641975,0.00246913580246914,0.00435396013121069
"925",98,1820000016,175,11,0.0554166666666667,25.88,"BUDWEISER BEER",24392,18200,0.0410748333333333,0.000450967530337816,1,9,0,0,0,0,0,0,0,0,0,0,0.100080111497559,0.899919888502441,-7.59866568347496,0.0529475308641975,0.00246913580246914,0.00450606542688368
"936",98,1820000016,176,15,0.0554166666666667,25.88,"BUDWEISER BEER",26363,18200,0.0410748333333333,0.000568979251223305,1,9,0,0,0,0,0,0,0,0,0,0,0.115483424007604,0.884516575992396,-7.34895256480459,0.0529475308641975,0.00246913580246914,0.00492693437272728
"947",98,1820000016,177,20,0.0554166666666667,25.88,"BUDWEISER BEER",24619,18200,0.0410748333333333,0.000812380681587392,1,9,0,0,0,0,0,0,0,0,0,0,0.144873598315741,0.855126401684259,-6.95903552523014,0.0529475308641975,0.00246913580246914,0.00560751366040394
"958",98,1820000016,178,11,0.0554166666666667,25.88,"BUDWEISER BEER",24596,18200,0.0410748333333333,0.000447227191413238,1,9,0,0,0,0,0,0,0,0,0,0,0.0835025711701047,0.916497428829895,-7.62524781714576,0.0529475308641975,0.00246913580246914,0.00535584934866476
"969",98,1820000016,179,9,0.0554166666666667,25.88,"BUDWEISER BEER",27053,18200,0.0410748333333333,0.000332680294237238,1,9,0,0,0,0,0,0,0,0,0,0,0.0838380876956477,0.916161912304352,-7.9207664367483,0.0529475308641975,0.00246913580246914,0.00396812836958957
"980",98,1820000016,180,7,0.0554166666666667,25.88,"BUDWEISER BEER",23136,18200,0.0410748333333333,0.000302558782849239,1,9,0,0,0,0,0,0,0,0,0,0,0.110438192882818,0.889561807117182,-7.98620868684867,0.0529475308641975,0.00246913580246914,0.00273962091330373
"991",98,1820000016,181,14,0.0554166666666667,25.88,"BUDWEISER BEER",27525,18200,0.0410748333333333,0.000508628519527702,1,9,0,0,0,0,0,0,0,0,0,0,0.0874874669124413,0.912512533087559,-7.49223917324628,0.0529475308641975,0.00246913580246914,0.00581373009732634
"1002",98,1820000016,182,14,0.0554166666666667,25.88,"BUDWEISER BEER",25302,18200,0.0410748333333333,0.000553315943403683,1,9,0,0,0,0,0,0,0,0,0,0,0.105970211977017,0.894029788022983,-7.38756520893186,0.0529475308641975,0.00246913580246914,0.00522142905143654
"1013",98,1820000016,183,7,0.0554166666666667,25.88,"BUDWEISER BEER",25223,18200,0.0410748333333333,0.000277524481623915,1,9,0,0,0,0,0,0,0,0,0,0,0.123718013410591,0.876281986589409,-8.05753406925505,0.0529475308641975,0.00246913580246914,0.00224320189092331
"1024",98,1820000016,184,3,0.0554166666666667,25.88,"BUDWEISER BEER",25577,18200,0.0410748333333333,0.000117292880322164,1,9,0,0,0,0,0,0,0,0,0,0,0.0964007860886125,0.903599213911388,-8.94946713612202,0.0529475308641975,0.00246913580246914,0.00121672120198634
"1035",98,1820000016,185,12,0.0554166666666667,25.88,"BUDWEISER BEER",26353,18200,0.0410748333333333,0.000455356126437218,1,9,0,0,0,0,0,0,0,0,0,0,0.0831524555903188,0.916847544409681,-7.60761667441258,0.0529475308641975,0.00246913580246914,0.00547615970213433
"1046",98,1820000016,186,13,0.0554166666666667,25.88,"BUDWEISER BEER",25851,18200,0.0410748333333333,0.000502881900119918,1,9,0,0,0,0,0,0,0,0,0,0,0.0880884434683574,0.911911556531643,-7.50294293534868,0.0529475308641975,0.00246913580246914,0.00570882944821882
"1057",98,1820000016,187,11,0.0554166666666667,25.88,"BUDWEISER BEER",26461,18200,0.0410748333333333,0.000415706133555043,1,9,0,0,0,0,0,0,0,0,0,0,0.122104872446396,0.877895127553604,-7.6553038198705,0.0529475308641975,0.00246913580246914,0.00340450078056909
"1068",98,1820000016,188,7,0.0554166666666667,25.88,"BUDWEISER BEER",24725,18200,0.0410748333333333,0.000283114256825076,1,9,0,0,0,0,0,0,0,0,0,0,0.0915860700243336,0.908413929975666,-8.07360487319484,0.0529475308641975,0.00246913580246914,0.00309123709260431
"1079",98,1820000016,189,14,0.0554166666666667,25.88,"BUDWEISER BEER",26501,18200,0.0410748333333333,0.000528281951624467,1,9,0,0,0,0,0,0,0,0,0,0,0.110501893699279,0.889498106300721,-7.42878251666958,0.0529475308641975,0.00246913580246914,0.00478075021105193
"1090",98,1820000016,190,17,0.0554166666666667,25.88,"BUDWEISER BEER",25327,18200,0.0410748333333333,0.000671220436688119,1,9,0,0,0,0,0,0,0,0,0,0,0.112943377169279,0.887056622830721,-7.1865664929157,0.0529475308641975,0.00246913580246914,0.00594298181541091
"1101",98,1820000016,191,18,0.0554166666666667,25.88,"BUDWEISER BEER",27322,18200,0.0410748333333333,0.000658809750384306,1,9,0,0,0,0,0,0,0,0,0,0,0.170020651905694,0.829979348094306,-7.13872129923613,0.0529475308641975,0.00246913580246914,0.0038748807453681
"1112",98,1820000016,192,9,0.0554166666666667,25.88,"BUDWEISER BEER",25371,18200,0.0410748333333333,0.000354735721887194,1,9,0,0,0,0,0,0,0,0,0,0,0.157472767607061,0.842527232392939,-7.77278819715117,0.0529475308641975,0.00246913580246914,0.00225267979522885
"1123",98,1820000016,193,8,0.0554166666666667,25.88,"BUDWEISER BEER",27618,18200,0.0410748333333333,0.000289666159750887,1,9,0,0,0,0,0,0,0,0,0,0,0.120045759348851,0.879954240651149,-8.01889609924351,0.0529475308641975,0.00246913580246914,0.00241296453387514
"1134",98,1820000016,194,2,0.0554166666666667,25.88,"BUDWEISER BEER",26470,18200,0.0410748333333333,7.55572346052135e-05,1,9,0,0,0,0,0,0,0,0,0,0,0.175971942176195,0.824028057823805,-9.29706941576587,0.0529475308641975,0.00246913580246914,0.000429370919425101
"2",98,1820011168,91,64,0.0346875,13.11,"BUDWEISER BEER",27452,18200,0.03013996875,0.0023313419787265,1,9,1,0,0,0,0,0,0,0,0,0,0.160243720676529,0.839756279323471,-5.88666764776172,0.0346875,0,0.0145487259587076
"13",98,1820011168,92,59,0.0346875,13.11,"BUDWEISER BEER",28509,18200,0.03013996875,0.00206952190536322,1,9,1,0,0,0,0,0,0,0,0,0,0.179048444747772,0.820951555252228,-5.98314648370208,0.0346875,0,0.0115584467001575
"24",98,1820011168,93,41,0.0381597222222222,2.82,"BUDWEISER BEER",27892,18200,0.0370836180555556,0.00146995554280797,1,9,1,0,0,0,0,0,0,0,0,0,0.163680188523833,0.836319811476167,-6.34377893219835,0.038545524691358,-0.000385802469135804,0.00898065646224457
"35",98,1820011168,94,38,0.0381597222222222,2.82,"BUDWEISER BEER",30186,18200,0.0370836180555556,0.001258861723978,1,9,1,0,0,0,0,0,0,0,0,0,0.171503153298151,0.828496846701849,-6.48940511183745,0.038545524691358,-0.000385802469135804,0.00734016663699196
"46",98,1820011168,95,46,0.0381597222222222,2.82,"BUDWEISER BEER",27923,18200,0.0370836180555556,0.00164738745836765,1,9,1,0,0,0,0,0,0,0,0,0,0.295882349292852,0.704117650707148,-6.0577547851667,0.038545524691358,-0.000385802469135804,0.0055677111605503
"57",98,1820011168,96,72,0.0357291666666667,9.81,"BUDWEISER BEER",27563,18200,0.0322241354166667,0.00261219751115626,1,9,1,0,0,0,0,0,0,0,0,0,0.228582258834122,0.771417741165878,-5.68803821878512,0.0355516975308642,0.000177469135802466,0.0114278226336537
"68",98,1820011168,97,40,0.0381597222222222,2.82,"BUDWEISER BEER",27377,18200,0.0370836180555556,0.00146108046900683,1,9,1,0,0,0,0,0,0,0,0,0,0.154077437754725,0.845922562245275,-6.36125161214245,0.0372878086419753,0.000871913580246915,0.0094827671740798
"79",98,1820011168,98,42,0.0381597222222222,2.82,"BUDWEISER BEER",29035,18200,0.0370836180555556,0.00144653004993973,1,9,1,0,0,0,0,0,0,0,0,0,0.161445559263888,0.838554440736112,-6.36251188603631,0.0381597222222222,0,0.00895986273351333
"90",98,1820011168,99,29,0.0381597222222222,2.82,"BUDWEISER BEER",29394,18200,0.0370836180555556,0.000986595903925971,1,9,1,0,0,0,0,0,0,0,0,0,0.142503970956944,0.857496029043056,-6.76751129007381,0.0381597222222222,0,0.00692328710070866
"101",98,1820011168,100,38,0.0381597222222222,2.82,"BUDWEISER BEER",28115,18200,0.0370836180555556,0.00135159167704073,1,9,1,0,0,0,0,0,0,0,0,0,0.152956618807566,0.847043381192434,-6.44046899282277,0.0381597222222222,0,0.00883643798861139
"112",98,1820011168,101,38,0.0381597222222222,2.82,"BUDWEISER BEER",26946,18200,0.0370836180555556,0.00141022786313367,1,9,1,0,0,0,0,0,0,0,0,0,0.144578047442924,0.855421952557077,-6.40784356256981,0.0381597222222222,0,0.00975409398643597
"123",98,1820011168,102,59,0.0346875,13.11,"BUDWEISER BEER",28849,18200,0.03013996875,0.00204513154702069,1,9,1,0,0,0,0,0,0,0,0,0,0.147551396581725,0.852448603418275,-6.03265080449736,0.0346875,0,0.0138604689240467
"134",98,1820011168,103,59,0.0347916666666667,12.77,"BUDWEISER BEER",27950,18200,0.0303487708333333,0.00211091234347048,1,9,1,0,0,0,0,0,0,0,0,0,0.171644858056582,0.828355141943418,-5.97232173351334,0.0346990740740741,9.25925925925886e-05,0.0122981391191726
"145",98,1820011168,104,34,0.0381597222222222,2.82,"BUDWEISER BEER",27037,18200,0.0370836180555556,0.00125753596922736,1,9,1,0,0,0,0,0,0,0,0,0,0.235510838015903,0.764489161984097,-6.41005362231982,0.038545524691358,-0.000385802469135804,0.00533960975988051
"156",98,1820011168,105,31,0.0381597222222222,2.82,"BUDWEISER BEER",29325,18200,0.0370836180555556,0.00105711849957374,1,9,1,0,0,0,0,0,0,0,0,0,0.134631013358941,0.865368986641059,-6.7076091801809,0.038545524691358,-0.000385802469135804,0.00785196867496905
"167",98,1820011168,106,45,0.0346875,13.11,"BUDWEISER BEER",28468,18200,0.03013996875,0.00158072221441619,1,9,1,0,0,0,0,0,0,0,0,0,0.127541630663972,0.872458369336028,-6.31343309837688,0.0346875,0,0.012393774536103
"178",98,1820011168,107,29,0.0347222222222222,13,"BUDWEISER BEER",26328,18200,0.0302083333333333,0.00110148890914616,1,9,1,0,0,0,0,0,0,0,0,0,0.115288595803509,0.884711404196492,-6.6885986765282,0.0360763888888889,-0.00135416666666667,0.00955418791832171
"189",98,1820011168,108,20,0.0381597222222222,2.82,"BUDWEISER BEER",27855,18200,0.0370836180555556,0.00071800394902172,1,9,1,0,0,0,0,0,0,0,0,0,0.115815724839727,0.884184275160273,-7.11594570689614,0.0384799382716049,-0.000320216049382718,0.00619953767085891
"200",98,1820011168,109,27,0.0381597222222222,2.82,"BUDWEISER BEER",27184,18200,0.0370836180555556,0.000993231312536786,1,9,1,0,0,0,0,0,0,0,0,0,0.124851125911501,0.875148874088499,-6.78118571262581,0.0382021604938272,-4.24382716049387e-05,0.00795532523463845
"211",98,1820011168,110,27,0.0381597222222222,2.82,"BUDWEISER BEER",30677,18200,0.0370836180555556,0.000880138214297356,1,9,1,0,0,0,0,0,0,0,0,0,0.106163466721612,0.893836533278388,-6.923199231914,0.038028549382716,0.000131172839506172,0.00829040574386392
"222",98,1820011168,111,27,0.0364236111111111,7.72,"BUDWEISER BEER",30641,18200,0.0336117083333333,0.00088117228549982,1,9,1,0,0,0,0,0,0,0,0,0,0.122334316510869,0.877665683489131,-6.9037678660213,0.0364236111111111,0,0.00720298531623817
"233",98,1820011168,112,30,0.0364236111111111,7.72,"BUDWEISER BEER",26667,18200,0.0336117083333333,0.00112498593767578,1,9,1,0,0,0,0,0,0,0,0,0,0.139806261452893,0.860193738547107,-6.63938710552226,0.0364274691358025,-3.85802469135554e-06,0.00804674930854107
"244",98,1820011168,113,31,0.0381597222222222,2.82,"BUDWEISER BEER",28782,18200,0.0370836180555556,0.00107706205267181,1,9,1,0,0,0,0,0,0,0,0,0,0.111227244022762,0.888772755977238,-6.71560457252759,0.038545524691358,-0.000385802469135804,0.00968343738204456
"255",98,1820011168,114,25,0.0381597222222222,2.82,"BUDWEISER BEER",27461,18200,0.0370836180555556,0.000910381996285641,1,9,1,0,0,0,0,0,0,0,0,0,0.112970228581518,0.887029771418482,-6.8817695373305,0.0385378086419753,-0.000378086419753086,0.00805860099352389
"266",98,1820011168,115,27,0.0364236111111111,7.72,"BUDWEISER BEER",35045,18200,0.0336117083333333,0.000770438008275075,1,9,1,0,0,0,0,0,0,0,0,0,0.088921270428748,0.911078729571252,-7.07542539851802,0.0364236111111111,0,0.00866427126558456
"277",98,1820011168,116,44,0.0364236111111111,7.72,"BUDWEISER BEER",24712,18200,0.0336117083333333,0.00178051149239236,1,9,1,0,0,0,0,0,0,0,0,0,0.219650333031936,0.780349666968064,-6.08284143191397,0.0364236111111111,0,0.00810611788206797
"288",98,1820011168,117,27,0.0375694444444444,4.43,"BUDWEISER BEER",28278,18200,0.0359051180555556,0.000954805856142584,1,9,1,0,0,0,0,0,0,0,0,0,0.139797429405902,0.860202570594098,-6.80341515987843,0.0375077160493827,6.17283950617303e-05,0.00682992427114168
"299",98,1820011168,118,20,0.0364236111111111,7.72,"BUDWEISER BEER",28272,18200,0.0336117083333333,0.000707413695529145,1,9,1,0,0,0,0,0,0,0,0,0,0.102755175164284,0.897244824835716,-7.14546840422804,0.0364236111111111,0,0.00688445807618095
"310",98,1820011168,119,27,0.0364236111111111,7.72,"BUDWEISER BEER",30340,18200,0.0336117083333333,0.000889914304548451,1,9,1,0,0,0,0,0,0,0,0,0,0.108132090593923,0.891867909406077,-6.90994814590513,0.0364236111111111,0,0.00822988161664625
"321",98,1820011168,120,45,0.0381597222222222,2.82,"BUDWEISER BEER",27660,18200,0.0370836180555556,0.00162689804772234,1,9,1,0,0,0,0,0,0,0,0,0,0.206769712513018,0.793230287486982,-6.18943841630501,0.038545524691358,-0.000385802469135804,0.00786816419072941
"332",98,1820011168,121,43,0.0381597222222222,2.82,"BUDWEISER BEER",27891,18200,0.0370836180555556,0.00154171596572371,1,9,1,0,0,0,0,0,0,0,0,0,0.17975591860958,0.82024408139042,-6.27670589664677,0.0381597222222222,0,0.00857671879540299
"343",98,1820011168,122,25,0.0381597222222222,3.78,"BUDWEISER BEER",25754,18200,0.0367172847222222,0.000970722994486293,1,9,1,0,0,0,0,0,0,0,0,0,0.0955079544492083,0.904492045550792,-6.8370876404747,0.0381597222222222,0,0.0101637921164203
"354",98,1820011168,123,27,0.0381597222222222,7.64,"BUDWEISER BEER",28062,18200,0.0352443194444444,0.000962155227710071,1,9,1,0,0,0,0,0,0,0,0,0,0.095828232503149,0.904171767496851,-6.84559883260334,0.0381597222222222,0,0.0100404150486492
"365",98,1820011168,124,14,0.0416319444444444,1.33,"BUDWEISER BEER",28177,18200,0.0410782395833333,0.000496859140433687,1,9,1,0,0,0,0,0,0,0,0,0,0.11012200102275,0.88987799897725,-7.49053308623602,0.0416203703703704,1.15740740740736e-05,0.00451189713062915
"376",98,1820011168,125,34,0.0381597222222222,7.64,"BUDWEISER BEER",25559,18200,0.0352443194444444,0.00133025548730389,1,9,1,0,0,0,0,0,0,0,0,0,0.151938721522505,0.848061278477495,-6.45758187603379,0.0381597222222222,0,0.00875521048205508
"387",98,1820011168,126,29,0.0382638888888889,7.35,"BUDWEISER BEER",25941,18200,0.0354514930555556,0.00111792143710728,1,9,1,0,0,0,0,0,0,0,0,0,0.0977251858019289,0.902274814198071,-6.69344804437939,0.0381712962962963,9.25925925925955e-05,0.0114394403851337
"398",98,1820011168,127,18,0.0416319444444444,1.33,"BUDWEISER BEER",28912,18200,0.0410782395833333,0.000622578859988932,1,9,1,0,0,0,0,0,0,0,0,0,0.0778651447013141,0.922134855298686,-7.30057645269622,0.0416319444444444,0,0.00799560396859347
"409",98,1820011168,128,19,0.0416319444444444,1.33,"BUDWEISER BEER",25197,18200,0.0410782395833333,0.00075405802278049,1,9,1,0,0,0,0,0,0,0,0,0,0.116308209700146,0.883691790299854,-7.06639430898209,0.0416319444444444,0,0.00648327426520042
"420",98,1820011168,129,32,0.0381597222222222,7.64,"BUDWEISER BEER",25112,18200,0.0352443194444444,0.00127429117553361,1,9,1,0,0,0,0,0,0,0,0,0,0.119230853928716,0.880769146071284,-6.53840547209716,0.0381597222222222,0,0.0106875958155551
"431",98,1820011168,130,23,0.0381597222222222,7.64,"BUDWEISER BEER",27962,18200,0.0352443194444444,0.000822544882340319,1,9,1,0,0,0,0,0,0,0,0,0,0.110709567336545,0.889290432663455,-6.9857761077063,0.0381674382716049,-7.71604938271803e-06,0.00742975428528115
"442",98,1820011168,131,22,0.0416319444444444,2.55,"BUDWEISER BEER",27057,18200,0.0405703298611111,0.000813098274014118,1,9,1,0,0,0,0,0,0,0,0,0,0.113224222153805,0.886775777846195,-6.99449546175129,0.0416203703703704,1.15740740740736e-05,0.00718131031105338
"453",98,1820011168,132,22,0.0381597222222222,0.36,"BUDWEISER BEER",26221,18200,0.0380223472222222,0.00083902215781244,1,9,1,0,0,0,0,0,0,0,0,0,0.122438590667897,0.877561409332103,-6.95266509811153,0.0381597222222222,0,0.00685259568274686
