Project/data - Copy.csv
"","store","upc","week","move","price","profit","descrip","custcoun","brand","wp","mks","csame","cdiff","Prod2","Prod3","Prod4","Prod5","Prod6","Prod7","Prod8","Prod9","Prod10","Prod11","summks","os","y","avg_price_product","pricediff_product","withingroupshare"
"124",98,3410000354,102,26,0.0498611111111111,20.83,"MILLER LITE BEER",28849,34100,0.0394750416666667,0.000901244410551492,6,4,0,1,0,0,0,0,0,0,0,0,0.147551396581725,0.852448603418275,-6.8520917103816,0.0498611111111111,0,0.00610800325466466
"135",98,3410000354,103,12,0.0498611111111111,20.83,"MILLER LITE BEER",27950,34100,0.0394750416666667,0.000429338103756708,6,4,0,1,0,0,0,0,0,0,0,0,0.171644858056582,0.828355141943418,-7.56495252763106,0.0498611111111111,0,0.00250131643101815
"146",98,3410000354,104,25,0.0498611111111111,20.83,"MILLER LITE BEER",27037,34100,0.0394750416666667,0.000924658800902467,6,4,0,1,0,0,0,0,0,0,0,0,0.235510838015903,0.764489161984097,-6.71753832206778,0.0498611111111111,0,0.00392618364697096
"157",98,3410000354,105,21,0.0498611111111111,20.83,"MILLER LITE BEER",29325,34100,0.0394750416666667,0.00071611253196931,6,4,0,1,0,0,0,0,0,0,0,0,0.134631013358941,0.865368986641059,-7.09707394694262,0.0498611111111111,0,0.00531907555401129
"168",98,3410000354,106,27,0.0498611111111111,20.83,"MILLER LITE BEER",28468,34100,0.0394750416666667,0.000948433328649712,6,4,0,1,0,0,0,0,0,0,0,0,0.127541630663972,0.872458369336028,-6.82425872214287,0.0498611111111111,0,0.0074362647216618
"179",98,3410000354,107,23,0.0490277777777778,19.49,"MILLER LITE BEER",26328,34100,0.0394722638888889,0.000873594652081434,6,4,0,1,0,0,0,0,0,0,0,0,0.115288595803509,0.884711404196492,-6.92040029058553,0.0492592592592593,-0.000231481481481485,0.00757745938349653
"190",98,3410000354,108,12,0.0484722222222222,18.56,"MILLER LITE BEER",27855,34100,0.0394757777777778,0.000430802369413032,6,4,0,1,0,0,0,0,0,0,0,0,0.115815724839727,0.884184275160273,-7.62677133066213,0.0484722222222222,0,0.00371972260251535
"201",98,3410000354,109,15,0.0484722222222222,18.56,"MILLER LITE BEER",27184,34100,0.0394757777777778,0.000551795173631548,6,4,0,1,0,0,0,0,0,0,0,0,0.124851125911501,0.875148874088499,-7.36897237752793,0.0484722222222222,0,0.00441962513035469
"212",98,3410000354,110,17,0.0484722222222222,18.56,"MILLER LITE BEER",30677,34100,0.0394757777777778,0.000554161097890928,6,4,0,1,0,0,0,0,0,0,0,0,0.106163466721612,0.893836533278388,-7.38582275386212,0.0484722222222222,0,0.0052198850979884
"223",98,3410000354,111,22,0.0484722222222222,18.56,"MILLER LITE BEER",30641,34100,0.0394757777777778,0.000717992232629483,6,4,0,1,0,0,0,0,0,0,0,0,0.122334316510869,0.877665683489131,-7.10856227866731,0.0484722222222222,0,0.00586909914656444
"234",98,3410000354,112,13,0.0484722222222222,18.56,"MILLER LITE BEER",26667,34100,0.0394757777777778,0.000487493906326171,6,4,0,1,0,0,0,0,0,0,0,0,0.139806261452893,0.860193738547107,-7.47563512972288,0.0484722222222222,0,0.0034869247003678
"245",98,3410000354,113,28,0.0484722222222222,18.56,"MILLER LITE BEER",28782,34100,0.0394757777777778,0.000972830241122924,6,4,0,1,0,0,0,0,0,0,0,0,0.111227244022762,0.888772755977238,-6.81738726683753,0.0484722222222222,0,0.0087463305386209
"256",98,3410000354,114,31,0.0484722222222222,18.56,"MILLER LITE BEER",27461,34100,0.0394757777777778,0.0011288736753942,6,4,0,1,0,0,0,0,0,0,0,0,0.112970228581518,0.887029771418482,-6.66665815771355,0.0484722222222222,0,0.00999266523196962
"267",98,3410000354,115,20,0.0484722222222222,18.56,"MILLER LITE BEER",35045,34100,0.0394757777777778,0.0005706948209445,6,4,0,1,0,0,0,0,0,0,0,0,0.088921270428748,0.911078729571252,-7.37552999096836,0.0484722222222222,0,0.00641797871524782
"278",98,3410000354,116,27,0.0484722222222222,18.56,"MILLER LITE BEER",24712,34100,0.0394757777777778,0.0010925865976044,6,4,0,1,0,0,0,0,0,0,0,0,0.219650333031936,0.780349666968064,-6.5711941998279,0.0484722222222222,0,0.00497420870035989
"289",98,3410000354,117,26,0.0484722222222222,18.56,"MILLER LITE BEER",28278,34100,0.0394757777777778,0.000919442676285452,6,4,0,1,0,0,0,0,0,0,0,0,0.139797429405902,0.860202570594098,-6.84115548786127,0.0484722222222222,0,0.00657696411295125
"300",98,3410000354,118,17,0.0484722222222222,18.56,"MILLER LITE BEER",28272,34100,0.0394757777777778,0.000601301641199774,6,4,0,1,0,0,0,0,0,0,0,0,0.102755175164284,0.897244824835716,-7.30798733372582,0.0484722222222222,0,0.0058517893647538
"311",98,3410000354,119,28,0.0484722222222222,18.56,"MILLER LITE BEER",30340,34100,0.0394757777777778,0.000922874093605801,6,4,0,1,0,0,0,0,0,0,0,0,0.108132090593923,0.891867909406077,-6.87358050173426,0.0484722222222222,0,0.0085346920468924
"322",98,3410000354,120,24,0.0484722222222222,18.56,"MILLER LITE BEER",27660,34100,0.0394757777777778,0.000867678958785249,6,4,0,1,0,0,0,0,0,0,0,0,0.206769712513018,0.793230287486982,-6.81804707572739,0.0484722222222222,0,0.00419635423505568
"333",98,3410000354,121,19,0.0484722222222222,18.56,"MILLER LITE BEER",27891,34100,0.0394757777777778,0.000681223333691872,6,4,0,1,0,0,0,0,0,0,0,0,0.17975591860958,0.82024408139042,-7.09346703317389,0.0484722222222222,0,0.0037897129561083
"344",98,3410000354,122,18,0.0502777777777778,20.08,"MILLER LITE BEER",25754,34100,0.040182,0.000698920556030131,6,4,0,1,0,0,0,0,0,0,0,0,0.0955079544492083,0.904492045550792,-7.16559170744674,0.0500154320987654,0.00026234567901235,0.00731793032382263
"355",98,3410000354,123,23,0.0526388888888889,21.97,"MILLER LITE BEER",28062,34100,0.041074125,0.000819613712493764,6,4,0,1,0,0,0,0,0,0,0,0,0.095828232503149,0.904171767496851,-7.00594148267852,0.0526388888888889,0,0.00855294615255301
"366",98,3410000354,124,12,0.0526388888888889,21.97,"MILLER LITE BEER",28177,34100,0.041074125,0.000425879263228875,6,4,0,1,0,0,0,0,0,0,0,0,0.11012200102275,0.88987799897725,-7.64468376606328,0.0526388888888889,0,0.00386734039768213
"377",98,3410000354,125,12,0.0526388888888889,21.97,"MILLER LITE BEER",25559,34100,0.041074125,0.000469501936695489,6,4,0,1,0,0,0,0,0,0,0,0,0.151938721522505,0.848061278477495,-7.49903575086195,0.0526388888888889,0,0.00309007428778415
"388",98,3410000354,126,14,0.0526388888888889,21.97,"MILLER LITE BEER",25941,34100,0.041074125,0.000539686211017308,6,4,0,1,0,0,0,0,0,0,0,0,0.0977251858019289,0.902274814198071,-7.42168654475061,0.0526388888888889,0,0.00552248846178869
"399",98,3410000354,127,16,0.0522222222222222,21.35,"MILLER LITE BEER",28912,34100,0.0410727777777778,0.000553403431101273,6,4,0,1,0,0,0,0,0,0,0,0,0.0778651447013141,0.922134855298686,-7.41835948835261,0.0520987654320988,0.000123456790123454,0.00710720352763864
"410",98,3410000354,128,24,0.05125,19.86,"MILLER LITE BEER",25197,34100,0.04107175,0.000952494344564829,6,4,0,1,0,0,0,0,0,0,0,0,0.116308209700146,0.883691790299854,-6.83277945780058,0.05125,0,0.00818939907183211
"421",98,3410000354,129,20,0.05125,19.86,"MILLER LITE BEER",25112,34100,0.04107175,0.000796431984708506,6,4,0,1,0,0,0,0,0,0,0,0,0.119230853928716,0.880769146071284,-7.0084091013429,0.05125,0,0.00667974738472194
"432",98,3410000354,130,31,0.05125,19.86,"MILLER LITE BEER",27962,34100,0.04107175,0.00110864745011086,6,4,0,1,0,0,0,0,0,0,0,0,0.110709567336545,0.889290432663455,-6.6872831191503,0.05125,0,0.0100140166453789
"443",98,3410000354,131,23,0.05125,19.86,"MILLER LITE BEER",27057,34100,0.04107175,0.000850057286469306,6,4,0,1,0,0,0,0,0,0,0,0,0.113224222153805,0.886775777846195,-6.95004369918046,0.05125,0,0.00750773350701036
"454",98,3410000354,132,25,0.05125,19.86,"MILLER LITE BEER",26221,34100,0.04107175,0.00095343427024141,6,4,0,1,0,0,0,0,0,0,0,0,0.122438590667897,0.877561409332103,-6.82483172660164,0.05125,0,0.00778704054857597
"465",98,3410000354,133,27,0.05125,19.86,"MILLER LITE BEER",27724,34100,0.04107175,0.00097388544221613,6,4,0,1,0,0,0,0,0,0,0,0,0.113110420383666,0.886889579616334,-6.81418208514429,0.05125,0,0.00861004175311833
"476",98,3410000354,134,19,0.05125,19.86,"MILLER LITE BEER",24855,34100,0.04107175,0.000764433715550191,6,4,0,1,0,0,0,0,0,0,0,0,0.0919781128432479,0.908021887156752,-7.07988844348916,0.05125,0,0.00831103935403593
"487",98,3410000354,135,25,0.05125,19.86,"MILLER LITE BEER",29105,34100,0.04107175,0.000858958941762584,6,4,0,1,0,0,0,0,0,0,0,0,0.087014757413691,0.912985242586309,-6.96875387266847,0.05125,0,0.00987141684115567
"498",98,3410000354,136,34,0.05125,19.86,"MILLER LITE BEER",29272,34100,0.04107175,0.00116151954085816,6,4,0,1,0,0,0,0,0,0,0,0,0.110040193489792,0.889959806510208,-6.64144720358265,0.05125,0,0.010555411654796
"509",98,3410000354,137,30,0.05125,19.86,"MILLER LITE BEER",24381,34100,0.04107175,0.00123046634674542,6,4,0,1,0,0,0,0,0,0,0,0,0.145163684101017,0.854836315898983,-6.54351676599315,0.05125,0,0.00847640616429349
"520",98,3410000354,138,26,0.05125,19.86,"MILLER LITE BEER",25399,34100,0.04107175,0.00102366234891137,6,4,0,1,0,0,0,0,0,0,0,0,0.100017015288915,0.899982984711085,-6.77898912241827,0.05125,0,0.0102348819943723
"531",98,3410000354,139,32,0.05125,19.86,"MILLER LITE BEER",28639,34100,0.04107175,0.00111735744963162,6,4,0,1,0,0,0,0,0,0,0,0,0.110086316138778,0.889913683861222,-6.68015799607932,0.05125,0,0.0101498305041205
"542",98,3410000354,140,21,0.05125,19.86,"MILLER LITE BEER",31391,34100,0.04107175,0.000668981555222835,6,4,0,1,0,0,0,0,0,0,0,0,0.142144028105693,0.857855971894307,-7.15643501037441,0.05125,0,0.00470636413036928
"553",98,3410000354,141,27,0.05125,19.86,"MILLER LITE BEER",28176,34100,0.04107175,0.000958262350936968,6,4,0,1,0,0,0,0,0,0,0,0,0.173554742568719,0.826445257431281,-6.75976736661409,0.05125,0,0.00552138383978499
"564",98,3410000354,142,29,0.05125,19.86,"MILLER LITE BEER",31550,34100,0.04107175,0.000919175911251981,6,4,0,1,0,0,0,0,0,0,0,0,0.143746523370508,0.856253476629492,-6.83684420886616,0.05125,0,0.006394421859392
"575",98,3410000354,143,28,0.05125,19.86,"MILLER LITE BEER",26074,34100,0.04107175,0.00107386668712127,6,4,0,1,0,0,0,0,0,0,0,0,0.126024557852781,0.873975442147219,-6.70178641609643,0.05125,0,0.00852109069389265
"586",98,3410000354,144,27,0.05125,19.86,"MILLER LITE BEER",27181,34100,0.04107175,0.000993340936683713,6,4,0,1,0,0,0,0,0,0,0,0,0.145184687289837,0.854815312710163,-6.75756677087795,0.05125,0,0.00684191256823576
"597",98,3410000354,145,34,0.05125,19.86,"MILLER LITE BEER",28084,34100,0.04107175,0.00121065375302663,6,4,0,1,0,0,0,0,0,0,0,0,0.148585327772893,0.851414672227107,-6.5557387808442,0.05125,0,0.0081478687779797
"608",98,3410000354,146,36,0.05125,19.86,"MILLER LITE BEER",26806,34100,0.04107175,0.00134298291427292,6,4,0,1,0,0,0,0,0,0,0,0,0.126219600037342,0.873780399962658,-6.47793589006103,0.05125,0,0.0106400504666122
"619",98,3410000354,147,32,0.05125,19.86,"MILLER LITE BEER",29036,34100,0.04107175,0.00110208017633283,6,4,0,1,0,0,0,0,0,0,0,0,0.192816164893118,0.807183835106882,-6.5963519795783,0.05125,0,0.00571570426651589
"630",98,3410000354,148,24,0.05125,19.86,"MILLER LITE BEER",26441,34100,0.04107175,0.000907681252600129,6,4,0,1,0,0,0,0,0,0,0,0,0.285278675601689,0.714721324398311,-6.66875471603601,0.05125,0,0.00318173537046088
"641",98,3410000354,149,37,0.05125,19.86,"MILLER LITE BEER",26007,34100,0.04107175,0.00142269389010651,6,4,0,1,0,0,0,0,0,0,0,0,0.12915125426408,0.87084874573592,-6.41691612581146,0.05125,0,0.0110157187261804
"652",98,3410000354,150,21,0.0526388888888889,21.97,"MILLER LITE BEER",27564,34100,0.041074125,0.000761863299956465,6,4,0,1,0,0,0,0,0,0,0,0,0.131905645146946,0.868094354853054,-7.03828854827182,0.0526388888888889,0,0.0057758202775001
"663",98,3410000354,151,23,0.0526388888888889,21.97,"MILLER LITE BEER",25180,34100,0.041074125,0.000913423351866561,6,4,0,1,0,0,0,0,0,0,0,0,0.140298276539399,0.859701723460601,-6.84714130858872,0.0526388888888889,0,0.00651058141551759
"674",98,3410000354,152,29,0.0526388888888889,21.97,"MILLER LITE BEER",25724,34100,0.041074125,0.00112735188928627,6,4,0,1,0,0,0,0,0,0,0,0,0.138258247844966,0.861741752155034,-6.63908421259587,0.0526388888888889,0,0.0081539575892095
"685",98,3410000354,153,21,0.0526388888888889,21.97,"MILLER LITE BEER",27180,34100,0.041074125,0.000772626931567329,6,4,0,1,0,0,0,0,0,0,0,0,0.114528455740993,0.885471544259007,-7.04407929248196,0.0526388888888889,0,0.00674615689671595
"696",98,3410000354,154,23,0.0526388888888889,21.97,"MILLER LITE BEER",25702,34100,0.041074125,0.000894871994397323,6,4,0,1,0,0,0,0,0,0,0,0,0.119874901023928,0.880125098976072,-6.89113864925193,0.0526388888888889,0,0.00746504886972714
"707",98,3410000354,155,19,0.0526388888888889,21.97,"MILLER LITE BEER",25715,34100,0.041074125,0.000738868364767645,6,4,0,1,0,0,0,0,0,0,0,0,0.143169913889917,0.856830086110083,-7.05587513308505,0.0526388888888889,0,0.00516077955690999
"718",98,3410000354,156,10,0.0526388888888889,21.97,"MILLER LITE BEER",26142,34100,0.041074125,0.000382526203044909,6,4,0,1,0,0,0,0,0,0,0,0,0.224777404249238,0.775222595750762,-7.61410833180637,0.0526388888888889,0,0.00170180007337729
"729",98,3410000354,157,13,0.0534722222222222,23.19,"MILLER LITE BEER",24770,34100,0.0410720138888889,0.000524828421477594,6,4,0,1,0,0,0,0,0,0,0,0,0.107849181402936,0.892150818597064,-7.43831908347216,0.0528086419753086,0.000663580246913584,0.00486631808095769
"740",98,3410000354,158,23,0.0554166666666667,25.88,"MILLER LITE BEER",26237,34100,0.0410748333333333,0.000876624614094599,6,4,0,1,0,0,0,0,0,0,0,0,0.0920496658476804,0.90795033415232,-6.94286609137752,0.0529475308641975,0.00246913580246914,0.00952338724993524
"751",98,3410000354,159,23,0.0554166666666667,25.88,"MILLER LITE BEER",27115,34100,0.0410748333333333,0.000848238982113221,6,4,0,1,0,0,0,0,0,0,0,0,0.108752993338645,0.891247006661355,-6.957214477502,0.0529475308641975,0.00246913580246914,0.00779968400016261
"762",98,3410000354,160,17,0.0554166666666667,25.88,"MILLER LITE BEER",27107,34100,0.0410748333333333,0.000627144280075257,6,4,0,1,0,0,0,0,0,0,0,0,0.101066937940195,0.898933062059805,-7.2677872265371,0.0529475308641975,0.00246913580246914,0.00620523677531776
"773",98,3410000354,161,22,0.0554166666666667,25.88,"MILLER LITE BEER",26231,34100,0.0410748333333333,0.000838702298806755,6,4,0,1,0,0,0,0,0,0,0,0,0.0990504013030653,0.900949598696935,-6.97934878082952,0.0529475308641975,0.00246913580246914,0.0084674295891096
"784",98,3410000354,162,29,0.0554166666666667,25.88,"MILLER LITE BEER",29514,34100,0.0410748333333333,0.000982584536152334,6,4,0,1,0,0,0,0,0,0,0,0,0.0964092472177752,0.903590752782225,-6.82394544784486,0.0529475308641975,0.00246913580246914,0.0101918079905013
"795",98,3410000354,163,14,0.0554166666666667,25.88,"MILLER LITE BEER",27508,34100,0.0410748333333333,0.000508942852988222,6,4,0,1,0,0,0,0,0,0,0,0,0.125937996726062,0.874062003273938,-7.44857085694263,0.0529475308641975,0.00246913580246914,0.00404121763263603
"806",98,3410000354,164,19,0.0554166666666667,25.88,"MILLER LITE BEER",26185,34100,0.0410748333333333,0.000725606263127745,6,4,0,1,0,0,0,0,0,0,0,0,0.126492648439199,0.873507351560801,-7.09326429431527,0.0529475308641975,0.00246913580246914,0.00573635125899449
"817",98,3410000354,165,28,0.0554166666666667,25.88,"MILLER LITE BEER",25531,34100,0.0410748333333333,0.00109670596529709,6,4,0,1,0,0,0,0,0,0,0,0,0.0948876284630554,0.905112371536945,-6.71574799335139,0.0529475308641975,0.00246913580246914,0.0115579447295818
"828",98,3410000354,166,21,0.0554166666666667,25.88,"MILLER LITE BEER",25241,34100,0.0410748333333333,0.000831979715542173,6,4,0,1,0,0,0,0,0,0,0,0,0.106135561638203,0.893864438361797,-6.97950134754981,0.0529475308641975,0.00246913580246914,0.00783884027841901
"839",98,3410000354,167,14,0.0554166666666667,25.88,"MILLER LITE BEER",31809,34100,0.0410748333333333,0.000440127008079474,6,4,0,1,0,0,0,0,0,0,0,0,0.133840081904626,0.866159918095374,-7.58476149343853,0.0529475308641975,0.00246913580246914,0.00328845441377648
"850",98,3410000354,168,14,0.0554166666666667,25.88,"MILLER LITE BEER",23208,34100,0.0410748333333333,0.000603240261978628,6,4,0,1,0,0,0,0,0,0,0,0,0.13128591619262,0.86871408380738,-7.27245377084823,0.0529475308641975,0.00246913580246914,0.0045948589115497
"861",98,3410000354,169,13,0.0554166666666667,25.88,"MILLER LITE BEER",26034,34100,0.0410748333333333,0.000499347007759084,6,4,0,1,0,0,0,0,0,0,0,0,0.0771881765067679,0.922811823493232,-7.52187935742837,0.0529475308641975,0.00246913580246914,0.00646921627582822
"872",98,3410000354,170,19,0.0554166666666667,25.88,"MILLER LITE BEER",25525,34100,0.0410748333333333,0.000744368266405485,6,4,0,1,0,0,0,0,0,0,0,0,0.0888341826882022,0.911165817311798,-7.10994428238888,0.0529475308641975,0.00246913580246914,0.008379299993316
"883",98,3410000354,171,17,0.0554166666666667,25.88,"MILLER LITE BEER",31750,34100,0.0410748333333333,0.000535433070866142,6,4,0,1,0,0,0,0,0,0,0,0,0.120561252067731,0.879438747932269,-7.40396329884184,0.0529475308641975,0.00246913580246914,0.00444117045636965
"894",98,3410000354,172,9,0.0554166666666667,25.88,"MILLER LITE BEER",22874,34100,0.0410748333333333,0.000393459823380257,6,4,0,1,0,0,0,0,0,0,0,0,0.151211757533219,0.848788242466781,-7.67658605227893,0.0529475308641975,0.00246913580246914,0.00260204517028921
"905",98,3410000354,173,8,0.0554166666666667,25.88,"MILLER LITE BEER",24273,34100,0.0410748333333333,0.000329584311786759,6,4,0,1,0,0,0,0,0,0,0,0,0.146965939142058,0.853034060857942,-7.85872255717426,0.0529475308641975,0.00246913580246914,0.00224258977087324
"916",98,3410000354,174,17,0.0554166666666667,25.88,"MILLER LITE BEER",25328,34100,0.0410748333333333,0.000671193935565382,6,4,0,1,0,0,0,0,0,0,0,0,0.0906806562758987,0.909319343724101,-7.21139350479171,0.0529475308641975,0.00246913580246914,0.00740173222305818
"927",98,3410000354,175,15,0.0554166666666667,25.88,"MILLER LITE BEER",24392,34100,0.0410748333333333,0.00061495572318793,6,4,0,1,0,0,0,0,0,0,0,0,0.100080111497559,0.899919888502441,-7.28851075517112,0.0529475308641975,0.00246913580246914,0.0061446346730232
