Project/data - Copy.csv
"","store","upc","week","move","price","profit","descrip","custcoun","brand","wp","mks","csame","cdiff","Prod2","Prod3","Prod4","Prod5","Prod6","Prod7","Prod8","Prod9","Prod10","Prod11","summks","os","y","avg_price_product","pricediff_product","withingroupshare"
"609",98,3410000554,146,10,0.05125,19.86,"MILLER GENUINE DRAFT",26806,34100,0.04107175,0.000373050809520257,6,4,0,0,1,0,0,0,0,0,0,0,0.126219600037342,0.873780399962658,-7.7588697355231,0.05125,0,0.00295556957405893
"620",98,3410000554,147,10,0.05125,19.86,"MILLER GENUINE DRAFT",29036,34100,0.04107175,0.000344400055104009,6,4,0,0,1,0,0,0,0,0,0,0,0.192816164893118,0.807183835106882,-7.75950278938398,0.05125,0,0.00178615758328622
"631",98,3410000554,148,11,0.05125,19.86,"MILLER GENUINE DRAFT",26441,34100,0.04107175,0.000416020574108392,6,4,0,0,1,0,0,0,0,0,0,0,0.285278675601689,0.714721324398311,-7.44891327358559,0.05125,0,0.0014582953781279
"642",98,3410000554,149,12,0.05125,19.86,"MILLER GENUINE DRAFT",26007,34100,0.04107175,0.000461414234629138,6,4,0,0,1,0,0,0,0,0,0,0,0.12915125426408,0.87084874573592,-7.54292738866768,0.05125,0,0.00357266553281525
"653",98,3410000554,150,15,0.0526388888888889,21.97,"MILLER GENUINE DRAFT",27564,34100,0.041074125,0.000544188071397475,6,4,0,0,1,0,0,0,0,0,0,0,0.131905645146946,0.868094354853054,-7.37476078489304,0.0525154320987654,0.000123456790123454,0.00412558591250007
"664",98,3410000554,151,17,0.0526388888888889,21.97,"MILLER GENUINE DRAFT",25180,34100,0.041074125,0.000675138999205719,6,4,0,0,1,0,0,0,0,0,0,0,0.140298276539399,0.859701723460601,-7.14942218046165,0.0526234567901235,1.54320987654291e-05,0.00481216887233909
"675",98,3410000554,152,13,0.0526388888888889,21.97,"MILLER GENUINE DRAFT",25724,34100,0.041074125,0.000505364640024879,6,4,0,0,1,0,0,0,0,0,0,0,0.138258247844966,0.861741752155034,-7.44143068512081,0.0526388888888889,0,0.00365522236757667
"686",98,3410000554,153,9,0.0526388888888889,21.97,"MILLER GENUINE DRAFT",27180,34100,0.041074125,0.00033112582781457,6,4,0,0,1,0,0,0,0,0,0,0,0.114528455740993,0.885471544259007,-7.89137715286916,0.0526388888888889,0,0.00289121009859255
"697",98,3410000554,154,17,0.0526388888888889,21.97,"MILLER GENUINE DRAFT",25702,34100,0.041074125,0.000661427126293674,6,4,0,0,1,0,0,0,0,0,0,0,0.119874901023928,0.880125098976072,-7.19341952112486,0.0526388888888889,0,0.00551764481675484
"708",98,3410000554,155,8,0.0526388888888889,21.97,"MILLER GENUINE DRAFT",25715,34100,0.041074125,0.000311102469375851,6,4,0,0,1,0,0,0,0,0,0,0,0.143169913889917,0.856830086110083,-7.92087257057165,0.0526388888888889,0,0.00217295981343578
"719",98,3410000554,156,10,0.0526388888888889,21.97,"MILLER GENUINE DRAFT",26142,34100,0.041074125,0.000382526203044909,6,4,0,0,1,0,0,0,0,0,0,0,0.224777404249238,0.775222595750762,-7.61410833180637,0.0526388888888889,0,0.00170180007337729
"730",98,3410000554,157,10,0.0543055555555556,24.37,"MILLER GENUINE DRAFT",24770,34100,0.0410712916666667,0.00040371417036738,6,4,0,0,1,0,0,0,0,0,0,0,0.107849181402936,0.892150818597064,-7.70068334793965,0.0530555555555556,0.00125,0.00374332160073668
"741",98,3410000554,158,5,0.0554166666666667,25.88,"MILLER GENUINE DRAFT",26237,34100,0.0410748333333333,0.000190570568281435,6,4,0,0,1,0,0,0,0,0,0,0,0.0920496658476804,0.90795033415232,-8.46892239487257,0.0529475308641975,0.00246913580246914,0.00207030157607288
"752",98,3410000554,159,5,0.0554166666666667,25.88,"MILLER GENUINE DRAFT",27115,34100,0.0410748333333333,0.000184399778720266,6,4,0,0,1,0,0,0,0,0,0,0,0.108752993338645,0.891247006661355,-8.48327078099705,0.0529475308641975,0.00246913580246914,0.00169558347829622
"763",98,3410000554,160,3,0.0554166666666667,25.88,"MILLER GENUINE DRAFT",27107,34100,0.0410748333333333,0.000110672520013281,6,4,0,0,1,0,0,0,0,0,0,0,0.101066937940195,0.898933062059805,-9.00238828192521,0.0529475308641975,0.00246913580246914,0.0010950417838796
"774",98,3410000554,161,15,0.0554166666666667,25.88,"MILLER GENUINE DRAFT",26231,34100,0.0410748333333333,0.000571842476459151,6,4,0,0,1,0,0,0,0,0,0,0,0.0990504013030653,0.900949598696935,-7.36234103308563,0.0529475308641975,0.00246913580246914,0.00577324744712018
"785",98,3410000554,162,17,0.0554166666666667,25.88,"MILLER GENUINE DRAFT",29514,34100,0.0410748333333333,0.000575997831537575,6,4,0,0,1,0,0,0,0,0,0,0,0.0964092472177752,0.903590752782225,-7.35802793377511,0.0529475308641975,0.00246913580246914,0.00597450813236282
"796",98,3410000554,163,4,0.0554166666666667,25.88,"MILLER GENUINE DRAFT",27508,34100,0.0410748333333333,0.00014541224371092,6,4,0,0,1,0,0,0,0,0,0,0,0.125937996726062,0.874062003273938,-8.701333825438,0.0529475308641975,0.00246913580246914,0.00115463360932458
"807",98,3410000554,164,5,0.0554166666666667,25.88,"MILLER GENUINE DRAFT",26185,34100,0.0410748333333333,0.000190949016612564,6,4,0,0,1,0,0,0,0,0,0,0,0.126492648439199,0.873507351560801,-8.42826536104761,0.0529475308641975,0.00246913580246914,0.00150956612078802
"818",98,3410000554,165,10,0.0554166666666667,25.88,"MILLER GENUINE DRAFT",25531,34100,0.0410748333333333,0.000391680701891818,6,4,0,0,1,0,0,0,0,0,0,0,0.0948876284630554,0.905112371536945,-7.74536741053255,0.0529475308641975,0.00246913580246914,0.00412783740342208
"829",98,3410000554,166,4,0.0554166666666667,25.88,"MILLER GENUINE DRAFT",25241,34100,0.0410748333333333,0.000158472326769938,6,4,0,0,1,0,0,0,0,0,0,0,0.106135561638203,0.893864438361797,-8.63772942415334,0.0529475308641975,0.00246913580246914,0.00149311243398457
"840",98,3410000554,167,10,0.0554166666666667,25.88,"MILLER GENUINE DRAFT",31809,34100,0.0410748333333333,0.000314376434342482,6,4,0,0,1,0,0,0,0,0,0,0,0.133840081904626,0.866159918095374,-7.92123373005974,0.0529475308641975,0.00246913580246914,0.00234889600984034
"851",98,3410000554,168,9,0.0554166666666667,25.88,"MILLER GENUINE DRAFT",23208,34100,0.0410748333333333,0.000387797311271975,6,4,0,0,1,0,0,0,0,0,0,0,0.13128591619262,0.86871408380738,-7.71428652312727,0.0529475308641975,0.00246913580246914,0.00295383787171052
"862",98,3410000554,169,10,0.0554166666666667,25.88,"MILLER GENUINE DRAFT",26034,34100,0.0410748333333333,0.000384113082891603,6,4,0,0,1,0,0,0,0,0,0,0,0.0771881765067679,0.922811823493232,-7.78424362189586,0.0529475308641975,0.00246913580246914,0.00497632021217555
"873",98,3410000554,170,4,0.0554166666666667,25.88,"MILLER GENUINE DRAFT",25525,34100,0.0410748333333333,0.000156709108716944,6,4,0,0,1,0,0,0,0,0,0,0,0.0888341826882022,0.911165817311798,-8.66808890043543,0.0529475308641975,0.00246913580246914,0.00176406315648758
"884",98,3410000554,171,3,0.0554166666666667,25.88,"MILLER GENUINE DRAFT",31750,34100,0.0410748333333333,9.4488188976378e-05,6,4,0,0,1,0,0,0,0,0,0,0,0.120561252067731,0.879438747932269,-9.13856435422995,0.0529475308641975,0.00246913580246914,0.000783735962888761
"895",98,3410000554,172,3,0.0554166666666667,25.88,"MILLER GENUINE DRAFT",22874,34100,0.0410748333333333,0.000131153274460086,6,4,0,0,1,0,0,0,0,0,0,0,0.151211757533219,0.848788242466781,-8.77519834094704,0.0529475308641975,0.00246913580246914,0.000867348390096404
"906",98,3410000554,173,5,0.0554166666666667,25.88,"MILLER GENUINE DRAFT",24273,34100,0.0410748333333333,0.000205990194866724,6,4,0,0,1,0,0,0,0,0,0,0,0.146965939142058,0.853034060857942,-8.32872618642,0.0529475308641975,0.00246913580246914,0.00140161860679577
"917",98,3410000554,174,8,0.0554166666666667,25.88,"MILLER GENUINE DRAFT",25328,34100,0.0410748333333333,0.000315855969677827,6,4,0,0,1,0,0,0,0,0,0,0,0.0906806562758987,0.909319343724101,-7.96516530716809,0.0529475308641975,0.00246913580246914,0.00348316810496855
"928",98,3410000554,175,11,0.0554166666666667,25.88,"MILLER GENUINE DRAFT",24392,34100,0.0410748333333333,0.000450967530337816,6,4,0,0,1,0,0,0,0,0,0,0,0.100080111497559,0.899919888502441,-7.59866568347496,0.0529475308641975,0.00246913580246914,0.00450606542688368
"939",98,3410000554,176,11,0.0554166666666667,25.88,"MILLER GENUINE DRAFT",26363,34100,0.0410748333333333,0.000417251450897091,6,4,0,0,1,0,0,0,0,0,0,0,0.115483424007604,0.884516575992396,-7.65910749310843,0.0529475308641975,0.00246913580246914,0.00361308520666667
"950",98,3410000554,177,10,0.0554166666666667,25.88,"MILLER GENUINE DRAFT",24619,34100,0.0410748333333333,0.000406190340793696,6,4,0,0,1,0,0,0,0,0,0,0,0.144873598315741,0.855126401684259,-7.65218270579008,0.0529475308641975,0.00246913580246914,0.00280375683020197
"961",98,3410000554,178,10,0.0554166666666667,25.88,"MILLER GENUINE DRAFT",24596,34100,0.0410748333333333,0.000406570174012034,6,4,0,0,1,0,0,0,0,0,0,0,0.0835025711701047,0.916497428829895,-7.72055799695008,0.0529475308641975,0.00246913580246914,0.0048689539533316
"972",98,3410000554,179,10,0.0554166666666667,25.88,"MILLER GENUINE DRAFT",27053,34100,0.0410748333333333,0.000369644771374709,6,4,0,0,1,0,0,0,0,0,0,0,0.0838380876956477,0.916161912304352,-7.81540592109047,0.0529475308641975,0.00246913580246914,0.00440903152176619
"983",98,3410000554,180,14,0.0554166666666667,25.88,"MILLER GENUINE DRAFT",23136,34100,0.0410748333333333,0.000605117565698479,6,4,0,0,1,0,0,0,0,0,0,0,0.110438192882818,0.889561807117182,-7.29306150628873,0.0529475308641975,0.00246913580246914,0.00547924182660745
"994",98,3410000554,181,11,0.0554166666666667,25.88,"MILLER GENUINE DRAFT",27525,34100,0.0410748333333333,0.000399636693914623,6,4,0,0,1,0,0,0,0,0,0,0,0.0874874669124413,0.912512533087559,-7.73340123006317,0.0529475308641975,0.00246913580246914,0.00456793079075641
"1005",98,3410000554,182,3,0.0554166666666667,25.88,"MILLER GENUINE DRAFT",25302,34100,0.0410748333333333,0.000118567702157932,6,4,0,0,1,0,0,0,0,0,0,0,0.105970211977017,0.894029788022983,-8.92801024987901,0.0529475308641975,0.00246913580246914,0.00111887765387926
"1016",98,3410000554,183,8,0.0554166666666667,25.88,"MILLER GENUINE DRAFT",25223,34100,0.0410748333333333,0.000317170836141617,6,4,0,0,1,0,0,0,0,0,0,0,0.123718013410591,0.876281986589409,-7.92400267663052,0.0529475308641975,0.00246913580246914,0.00256365930391236
"1027",98,3410000554,184,14,0.0554166666666667,25.88,"MILLER GENUINE DRAFT",25577,34100,0.0410748333333333,0.000547366774836767,6,4,0,0,1,0,0,0,0,0,0,0,0.0964007860886125,0.903599213911388,-7.40902209517487,0.0529475308641975,0.00246913580246914,0.00567803227593624
"1038",98,3410000554,185,11,0.0554166666666667,25.88,"MILLER GENUINE DRAFT",26353,34100,0.0410748333333333,0.00041740978256745,6,4,0,0,1,0,0,0,0,0,0,0,0.0831524555903188,0.916847544409681,-7.69462805140221,0.0529475308641975,0.00246913580246914,0.0050198130602898
"1049",98,3410000554,186,13,0.0554166666666667,25.88,"MILLER GENUINE DRAFT",25851,34100,0.0410748333333333,0.000502881900119918,6,4,0,0,1,0,0,0,0,0,0,0,0.0880884434683574,0.911911556531643,-7.50294293534868,0.0529475308641975,0.00246913580246914,0.00570882944821882
"1060",98,3410000554,187,16,0.0554166666666667,25.88,"MILLER GENUINE DRAFT",26461,34100,0.0410748333333333,0.000604663466989154,6,4,0,0,1,0,0,0,0,0,0,0,0.122104872446396,0.877895127553604,-7.28061037042909,0.0529475308641975,0.00246913580246914,0.00495200113537322
"1071",98,3410000554,188,15,0.0554166666666667,25.88,"MILLER GENUINE DRAFT",24725,34100,0.0410748333333333,0.000606673407482305,6,4,0,0,1,0,0,0,0,0,0,0,0.0915860700243336,0.908413929975666,-7.31146482114795,0.0529475308641975,0.00246913580246914,0.00662407948415209
"1082",98,3410000554,189,10,0.0554166666666667,25.88,"MILLER GENUINE DRAFT",26501,34100,0.0410748333333333,0.000377344251160334,6,4,0,0,1,0,0,0,0,0,0,0,0.110501893699279,0.889498106300721,-7.76525475329079,0.0529475308641975,0.00246913580246914,0.00341482157932281
"1093",98,3410000554,190,15,0.0554166666666667,25.88,"MILLER GENUINE DRAFT",25327,34100,0.0410748333333333,0.000592253326489517,6,4,0,0,1,0,0,0,0,0,0,0,0.112943377169279,0.887056622830721,-7.31172963586971,0.0529475308641975,0.00246913580246914,0.00524380748418609
"1104",98,3410000554,191,8,0.0554166666666667,25.88,"MILLER GENUINE DRAFT",27322,34100,0.0410748333333333,0.000292804333504136,6,4,0,0,1,0,0,0,0,0,0,0,0.170020651905694,0.829979348094306,-7.94965151545246,0.0529475308641975,0.00246913580246914,0.0017221692201636
"1115",98,3410000554,192,8,0.0554166666666667,25.88,"MILLER GENUINE DRAFT",25371,34100,0.0410748333333333,0.000315320641677506,6,4,0,0,1,0,0,0,0,0,0,0,0.157472767607061,0.842527232392939,-7.89057123280755,0.0529475308641975,0.00246913580246914,0.00200238204020342
"1126",98,3410000554,193,14,0.0554166666666667,25.88,"MILLER GENUINE DRAFT",27618,34100,0.0410748333333333,0.000506915779564052,6,4,0,0,1,0,0,0,0,0,0,0,0.120045759348851,0.879954240651149,-7.45928031130809,0.0529475308641975,0.00246913580246914,0.00422268793428149
"1137",98,3410000554,194,9,0.0554166666666667,25.88,"MILLER GENUINE DRAFT",26470,34100,0.0410748333333333,0.000340007555723461,6,4,0,0,1,0,0,0,0,0,0,0,0.175971942176195,0.824028057823805,-7.79299201898959,0.0529475308641975,0.00246913580246914,0.00193216913741295
"5",98,3410017306,91,56,0.0381597222222222,0.64,"MILLER GENUINE DRAFT",27452,34100,0.0379155,0.00203992423138569,6,4,0,0,0,1,0,0,0,0,0,0,0.160243720676529,0.839756279323471,-6.02019904038625,0.0381597222222222,0,0.0127301352138691
"16",98,3410017306,92,64,0.0381597222222222,0.64,"MILLER GENUINE DRAFT",28509,34100,0.0379155,0.00224490511768214,6,4,0,0,0,1,0,0,0,0,0,0,0.179048444747772,0.820951555252228,-5.90180084424812,0.0381597222222222,0,0.0125379760815268
"27",98,3410017306,93,70,0.0381597222222222,0.64,"MILLER GENUINE DRAFT",27892,34100,0.0379155,0.002509680195038,6,4,0,0,0,1,0,0,0,0,0,0,0.163680188523833,0.836319811476167,-5.8088557568533,0.0381597222222222,0,0.0153328281062712
"38",98,3410017306,94,95,0.0329513888888889,15.06,"MILLER GENUINE DRAFT",30186,34100,0.0279889097222222,0.00314715430994501,6,4,0,0,0,1,0,0,0,0,0,0,0.171503153298151,0.828496846701849,-5.5731143799633,0.0329513888888889,0,0.0183504165924799
"49",98,3410017306,95,243,0.0329513888888889,15.06,"MILLER GENUINE DRAFT",27923,34100,0.0279889097222222,0.0087025033126813,6,4,0,0,0,1,0,0,0,0,0,0,0.295882349292852,0.704117650707148,-4.39333473831525,0.0329513888888889,0,0.0294120393916027
"60",98,3410017306,96,105,0.0358680555555556,5.71,"MILLER GENUINE DRAFT",27563,34100,0.0338199895833333,0.00380945470376955,6,4,0,0,0,1,0,0,0,0,0,0,0.228582258834122,0.771417741165878,-5.31074398764366,0.035733024691358,0.000135030864197534,0.0166655746740783
"71",98,3410017306,97,75,0.0381597222222222,0.63,"MILLER GENUINE DRAFT",27377,34100,0.0379193159722222,0.00273952587938781,6,4,0,0,0,1,0,0,0,0,0,0,0.154077437754725,0.845922562245275,-5.73264295272008,0.0381442901234568,1.54320987654291e-05,0.0177801884513996
"82",98,3410017306,98,87,0.0346875,9.3,"MILLER GENUINE DRAFT",29035,34100,0.0314615625,0.00299638367487515,6,4,0,0,0,1,0,0,0,0,0,0,0.161445559263888,0.838554440736112,-5.6342733856651,0.0346875,0,0.0185597156622776
"93",98,3410017306,99,76,0.0346875,9.3,"MILLER GENUINE DRAFT",29394,34100,0.0314615625,0.00258556167925427,6,4,0,0,0,1,0,0,0,0,0,0,0.142503970956944,0.857496029043056,-5.80407377977396,0.0346875,0,0.0181437868846158
"104",98,3410017306,100,75,0.0346875,9.3,"MILLER GENUINE DRAFT",28115,34100,0.0314615625,0.00266761515205406,6,4,0,0,0,1,0,0,0,0,0,0,0.152956618807566,0.847043381192434,-5.76056703901284,0.0346875,0,0.0174403381354172
"115",98,3410017306,101,65,0.0381597222222222,0.63,"MILLER GENUINE DRAFT",26946,34100,0.0379193159722222,0.00241223187114971,6,4,0,0,0,1,0,0,0,0,0,0,0.144578047442924,0.855421952557077,-5.87104245240056,0.0381597222222222,0,0.0166846344504826
"126",98,3410017306,102,67,0.0381597222222222,0.63,"MILLER GENUINE DRAFT",28849,34100,0.0379193159722222,0.00232243751949808,6,4,0,0,0,1,0,0,0,0,0,0,0.147551396581725,0.852448603418275,-5.90549562901212,0.0381597222222222,0,0.0157398545408666
"137",98,3410017306,103,57,0.0381597222222222,0.63,"MILLER GENUINE DRAFT",27950,34100,0.0379193159722222,0.00203935599284436,6,4,0,0,0,1,0,0,0,0,0,0,0.171644858056582,0.828355141943418,-6.00680790958451,0.0381520061728395,7.71604938271803e-06,0.0118812530473362
"148",98,3410017306,104,161,0.0339930555555556,11.54,"MILLER GENUINE DRAFT",27037,34100,0.0300702569444444,0.00595480267781189,6,4,0,0,0,1,0,0,0,0,0,0,0.235510838015903,0.764489161984097,-4.85500978195152,0.0339776234567901,1.54320987654291e-05,0.025284622686493
"159",98,3410017306,105,67,0.0339930555555556,11.54,"MILLER GENUINE DRAFT",29325,34100,0.0300702569444444,0.0022847399829497,6,4,0,0,0,1,0,0,0,0,0,0,0.134631013358941,0.865368986641059,-5.93690376527508,0.0339930555555556,0,0.016970383910417
"170",98,3410017306,106,70,0.0381597222222222,0.63,"MILLER GENUINE DRAFT",28468,34100,0.0379193159722222,0.00245890122242518,6,4,0,0,0,1,0,0,0,0,0,0,0.127541630663972,0.872458369336028,-5.87160034609784,0.0381442901234568,1.54320987654291e-05,0.019279204833938
"181",98,3410017306,107,42,0.0381597222222222,0.63,"MILLER GENUINE DRAFT",26328,34100,0.0379193159722222,0.00159525979945305,6,4,0,0,0,1,0,0,0,0,0,0,0.115288595803509,0.884711404196492,-6.31822488823131,0.0381597222222222,0,0.0138370997437763
"192",98,3410017306,108,40,0.0364236111111111,4.09,"MILLER GENUINE DRAFT",27855,34100,0.0349338854166667,0.00143600789804344,6,4,0,0,0,1,0,0,0,0,0,0,0.115815724839727,0.884184275160273,-6.4227985263362,0.0364236111111111,0,0.0123990753417178
"203",98,3410017306,109,62,0.0364236111111111,4.09,"MILLER GENUINE DRAFT",27184,34100,0.0349338854166667,0.00228075338434373,6,4,0,0,0,1,0,0,0,0,0,0,0.124851125911501,0.875148874088499,-5.94988819358505,0.0364236111111111,0,0.0182677838721327
"214",98,3410017306,110,59,0.0381597222222222,0.63,"MILLER GENUINE DRAFT",30677,34100,0.0379193159722222,0.00192326498679793,6,4,0,0,0,1,0,0,0,0,0,0,0.106163466721612,0.893836533278388,-6.14149865401261,0.0381597222222222,0,0.0181160718106656
"225",98,3410017306,111,55,0.0381597222222222,0.63,"MILLER GENUINE DRAFT",30641,34100,0.0379193159722222,0.00179498058157371,6,4,0,0,0,1,0,0,0,0,0,0,0.122334316510869,0.877665683489131,-6.19227154679316,0.0381520061728395,7.71604938271803e-06,0.0146727478664111
