Project/data - Copy.csv
"","store","upc","week","move","price","profit","descrip","custcoun","brand","wp","mks","csame","cdiff","Prod2","Prod3","Prod4","Prod5","Prod6","Prod7","Prod8","Prod9","Prod10","Prod11","summks","os","y","avg_price_product","pricediff_product","withingroupshare"
"236",98,3410017306,112,56,0.0364236111111111,4.09,"MILLER GENUINE DRAFT",26667,34100,0.0349338854166667,0.00209997375032812,6,4,0,0,0,1,0,0,0,0,0,0,0.139806261452893,0.860193738547107,-6.01523279644927,0.0364236111111111,0,0.0150205987092767
"247",98,3410017306,113,51,0.0364236111111111,4.09,"MILLER GENUINE DRAFT",28782,34100,0.0349338854166667,0.00177194079633104,6,4,0,0,0,1,0,0,0,0,0,0,0.111227244022762,0.888772755977238,-6.21776614428841,0.0364236111111111,0,0.0159308163382023
"258",98,3410017306,114,46,0.0381597222222222,0.63,"MILLER GENUINE DRAFT",27461,34100,0.0379193159722222,0.00167510287316558,6,4,0,0,0,1,0,0,0,0,0,0,0.112970228581518,0.887029771418482,-6.2720039657096,0.0381597222222222,0,0.0148278258280839
"269",98,3410017306,115,52,0.0381597222222222,0.63,"MILLER GENUINE DRAFT",35045,34100,0.0379193159722222,0.0014838065344557,6,4,0,0,0,1,0,0,0,0,0,0,0.088921270428748,0.911078729571252,-6.42001854594092,0.0381520061728395,7.71604938271803e-06,0.0166867446596443
"280",98,3410017306,116,115,0.0364236111111111,4.09,"MILLER GENUINE DRAFT",24712,34100,0.0349338854166667,0.00465360958238912,6,4,0,0,0,1,0,0,0,0,0,0,0.219650333031936,0.780349666968064,-5.12209893746898,0.0364236111111111,0,0.0211864444644958
"291",98,3410017306,117,51,0.0364236111111111,4.09,"MILLER GENUINE DRAFT",28278,34100,0.0349338854166667,0.00180352217271377,6,4,0,0,0,1,0,0,0,0,0,0,0.139797429405902,0.860202570594098,-6.16742639315843,0.0364236111111111,0,0.0129009680677121
"302",98,3410017306,118,51,0.0381597222222222,0.63,"MILLER GENUINE DRAFT",28272,34100,0.0379193159722222,0.00180390492359932,6,4,0,0,0,1,0,0,0,0,0,0,0.102755175164284,0.897244824835716,-6.20937504505771,0.0381597222222222,0,0.0175553680942614
"313",98,3410017306,119,59,0.0381597222222222,0.63,"MILLER GENUINE DRAFT",30340,34100,0.0379193159722222,0.00194462755438365,6,4,0,0,0,1,0,0,0,0,0,0,0.108132090593923,0.891867909406077,-6.12824756800374,0.0381597222222222,0,0.0179838153845233
"324",98,3410017306,120,144,0.0364236111111111,4.09,"MILLER GENUINE DRAFT",27660,34100,0.0349338854166667,0.0052060737527115,6,4,0,0,0,1,0,0,0,0,0,0,0.206769712513018,0.793230287486982,-5.02628760649933,0.0364236111111111,0,0.0251781254103341
"335",98,3410017306,121,105,0.0364236111111111,4.09,"MILLER GENUINE DRAFT",27891,34100,0.0349338854166667,0.00376465526513929,6,4,0,0,0,1,0,0,0,0,0,0,0.17975591860958,0.82024408139042,-5.38394566218281,0.0364236111111111,0,0.0209431505469143
"346",98,3410017306,122,23,0.0416319444444444,7.28,"MILLER GENUINE DRAFT",25754,34100,0.0386011388888889,0.00089306515492739,6,4,0,0,0,1,0,0,0,0,0,0,0.0955079544492083,0.904492045550792,-6.92046924941375,0.0416319444444444,0,0.00935068874710669
"357",98,3410017306,123,35,0.0416319444444444,1.33,"MILLER GENUINE DRAFT",28062,34100,0.0410782395833333,0.00124723825814268,6,4,0,0,0,1,0,0,0,0,0,0,0.095828232503149,0.904171767496851,-6.58608763711825,0.0416319444444444,0,0.0130153528408415
"368",98,3410017306,124,59,0.0381597222222222,7.64,"MILLER GENUINE DRAFT",28177,34100,0.0352443194444444,0.00209390637754197,6,4,0,0,0,1,0,0,0,0,0,0,0.11012200102275,0.88987799897725,-6.05205297194556,0.0381597222222222,0,0.0190144236219371
"379",98,3410017306,125,69,0.0381597222222222,7.64,"MILLER GENUINE DRAFT",25559,34100,0.0352443194444444,0.00269963613599906,6,4,0,0,0,1,0,0,0,0,0,0,0.151938721522505,0.848061278477495,-5.74983589605269,0.0381597222222222,0,0.0177679271547588
"390",98,3410017306,126,39,0.0416319444444444,1.33,"MILLER GENUINE DRAFT",25941,34100,0.0410782395833333,0.00150341158783393,6,4,0,0,0,1,0,0,0,0,0,0,0.0977251858019289,0.902274814198071,-6.39718222823622,0.0416319444444444,0,0.0153840750006971
"401",98,3410017306,127,29,0.0416319444444444,1.33,"MILLER GENUINE DRAFT",28912,34100,0.0410782395833333,0.00100304371887106,6,4,0,0,0,1,0,0,0,0,0,0,0.0778651447013141,0.922134855298686,-6.82365238060591,0.0416319444444444,0,0.012881806393845
"412",98,3410017306,128,51,0.0381597222222222,7.64,"MILLER GENUINE DRAFT",25197,34100,0.0352443194444444,0.00202405048220026,6,4,0,0,0,1,0,0,0,0,0,0,0.116308209700146,0.883691790299854,-6.0790076554242,0.0381597222222222,0,0.0174024730276432
"423",98,3410017306,129,48,0.0381597222222222,7.64,"MILLER GENUINE DRAFT",25112,34100,0.0352443194444444,0.00191143676330041,6,4,0,0,0,1,0,0,0,0,0,0,0.119230853928716,0.880769146071284,-6.132940363989,0.0381597222222222,0,0.0160313937233327
"434",98,3410017306,130,43,0.0416319444444444,1.33,"MILLER GENUINE DRAFT",27962,34100,0.0410782395833333,0.00153780130176668,6,4,0,0,0,1,0,0,0,0,0,0,0.110709567336545,0.889290432663455,-6.36007020794188,0.0416319444444444,0,0.0138904101855256
"445",98,3410017306,131,32,0.0416319444444444,2.51,"MILLER GENUINE DRAFT",27057,34100,0.0405869826388889,0.00118268839856599,6,4,0,0,0,1,0,0,0,0,0,0,0.113224222153805,0.886775777846195,-6.61980201230988,0.0416319444444444,0,0.0104455422706231
"456",98,3410017306,132,46,0.0381597222222222,0.54,"MILLER GENUINE DRAFT",26221,34100,0.0379536597222222,0.00175431905724419,6,4,0,0,0,1,0,0,0,0,0,0,0.122438590667897,0.877561409332103,-6.21506615498075,0.0381597222222222,0,0.0143281546093798
"467",98,3410017306,133,55,0.0381597222222222,0.54,"MILLER GENUINE DRAFT",27724,34100,0.0379536597222222,0.00198384071562545,6,4,0,0,0,1,0,0,0,0,0,0,0.113110420383666,0.886889579616334,-6.10268576591615,0.0381674382716049,-7.71604938271803e-06,0.0175389739415373
"478",98,3410017306,134,34,0.0416319444444444,8.84,"MILLER GENUINE DRAFT",24855,34100,0.0379516805555556,0.00136793401730034,6,4,0,0,0,1,0,0,0,0,0,0,0.0919781128432479,0.908021887156752,-6.49796689803944,0.0416319444444444,0,0.0148723862124853
"489",98,3410017306,135,32,0.0416319444444444,8.84,"MILLER GENUINE DRAFT",29105,34100,0.0379516805555556,0.00109946744545611,6,4,0,0,0,1,0,0,0,0,0,0,0.087014757413691,0.912985242586309,-6.72189379473695,0.0416319444444444,0,0.0126354135566792
"500",98,3410017306,136,48,0.0381597222222222,0.54,"MILLER GENUINE DRAFT",29272,34100,0.0379536597222222,0.00163979229297622,6,4,0,0,0,1,0,0,0,0,0,0,0.110040193489792,0.889959806510208,-6.29660671729092,0.0381597222222222,0,0.0149017576303002
"511",98,3410017306,137,80,0.0381597222222222,0.54,"MILLER GENUINE DRAFT",24381,34100,0.0379536597222222,0.00328124359132111,6,4,0,0,0,1,0,0,0,0,0,0,0.145163684101017,0.854836315898983,-5.56268751298143,0.0381597222222222,0,0.0226037497714493
"522",98,3410017306,138,38,0.0416319444444444,8.84,"MILLER GENUINE DRAFT",25399,34100,0.0379516805555556,0.00149612189456278,6,4,0,0,0,1,0,0,0,0,0,0,0.100017015288915,0.899982984711085,-6.39949950071336,0.0416319444444444,0,0.0149586736840825
"533",98,3410017306,139,58,0.0416319444444444,8.84,"MILLER GENUINE DRAFT",28639,34100,0.0379516805555556,0.00202521037745731,6,4,0,0,0,1,0,0,0,0,0,0,0.110086316138778,0.889913683861222,-6.08545088833262,0.0416319444444444,0,0.0183965677887185
"544",98,3410017306,140,60,0.0416319444444444,8.84,"MILLER GENUINE DRAFT",31391,34100,0.0379516805555556,0.00191137587206524,6,4,0,0,0,1,0,0,0,0,0,0,0.142144028105693,0.857855971894307,-6.10661288587574,0.0416319444444444,0,0.0134467546581979
"555",98,3410017306,141,90,0.0381597222222222,0.54,"MILLER GENUINE DRAFT",28176,34100,0.0379536597222222,0.00319420783645656,6,4,0,0,0,1,0,0,0,0,0,0,0.173554742568719,0.826445257431281,-5.55579456228816,0.0381597222222222,0,0.0184046127992833
"566",98,3410017306,142,96,0.0381597222222222,0.54,"MILLER GENUINE DRAFT",31550,34100,0.0379536597222222,0.00304278922345483,6,4,0,0,0,1,0,0,0,0,0,0,0.143746523370508,0.856253476629492,-5.63979184738479,0.0381597222222222,0,0.0211677413276425
"577",98,3410017306,143,47,0.0416319444444444,8.84,"MILLER GENUINE DRAFT",26074,34100,0.0379516805555556,0.00180256193909642,6,4,0,0,0,1,0,0,0,0,0,0,0.126024557852781,0.873975442147219,-6.18384332456157,0.0416319444444444,0,0.0143032593790341
"588",98,3410017306,144,56,0.0416319444444444,8.84,"MILLER GENUINE DRAFT",27181,34100,0.0379516805555556,0.00206026268349215,6,4,0,0,0,1,0,0,0,0,0,0,0.145184687289837,0.854815312710163,-6.02805194614713,0.0416319444444444,0,0.0141906334748594
"599",98,3410017306,145,75,0.0416319444444444,8.84,"MILLER GENUINE DRAFT",28084,34100,0.0379516805555556,0.00267055974932346,6,4,0,0,0,1,0,0,0,0,0,0,0.148585327772893,0.851414672227107,-5.76461119192405,0.0410686728395062,0.00056327160493827,0.0179732399514258
"610",98,3410017306,146,62,0.0416319444444444,8.84,"MILLER GENUINE DRAFT",26806,34100,0.0379516805555556,0.00231291501902559,6,4,0,0,0,1,0,0,0,0,0,0,0.126219600037342,0.873780399962658,-5.93432044347205,0.0403703703703704,0.00126157407407407,0.0183245313591654
"621",98,3410017306,147,109,0.0364236111111111,4.19,"MILLER GENUINE DRAFT",29036,34100,0.0348974618055556,0.0037539606006337,6,4,0,0,0,1,0,0,0,0,0,0,0.192816164893118,0.807183835106882,-5.37074000014888,0.0362384259259259,0.000185185185185184,0.0194691176578198
"632",98,3410017306,148,215,0.0364236111111111,4.19,"MILLER GENUINE DRAFT",26441,34100,0.0348974618055556,0.00813131122120949,6,4,0,0,0,1,0,0,0,0,0,0,0.285278675601689,0.714721324398311,-4.47617051825629,0.0362307098765432,0.000192901234567902,0.0285030460270454
"643",98,3410017306,149,51,0.0416319444444444,8.84,"MILLER GENUINE DRAFT",26007,34100,0.0379516805555556,0.00196101049717384,6,4,0,0,0,1,0,0,0,0,0,0,0.12915125426408,0.87084874573592,-6.09600840573136,0.0410532407407407,0.000578703703703706,0.0151838285144648
"654",98,3410017306,150,74,0.0381597222222222,0.54,"MILLER GENUINE DRAFT",27564,34100,0.0379536597222222,0.00268466115222754,6,4,0,0,0,1,0,0,0,0,0,0,0.131905645146946,0.868094354853054,-5.77874589279108,0.0381597222222222,0,0.020352890501667
"665",98,3410017306,151,80,0.0381597222222222,0.54,"MILLER GENUINE DRAFT",25180,34100,0.0379536597222222,0.00317712470214456,6,4,0,0,0,1,0,0,0,0,0,0,0.140298276539399,0.859701723460601,-5.60060888984398,0.0381635802469136,-3.85802469135554e-06,0.0226455005757133
"676",98,3410017306,152,63,0.0416319444444444,8.84,"MILLER GENUINE DRAFT",25724,34100,0.0379516805555556,0.00244907479396672,6,4,0,0,0,1,0,0,0,0,0,0,0.138258247844966,0.861741752155034,-5.86324531619081,0.0408641975308642,0.000767746913580246,0.0177137699351793
"687",98,3410017306,153,52,0.0416319444444444,8.84,"MILLER GENUINE DRAFT",27180,34100,0.0379516805555556,0.00191317144959529,6,4,0,0,0,1,0,0,0,0,0,0,0.114528455740993,0.885471544259007,-6.13735801162395,0.0408680555555556,0.00076388888888889,0.0167047694585347
"698",98,3410017306,154,66,0.0416319444444444,8.84,"MILLER GENUINE DRAFT",25702,34100,0.0379516805555556,0.00256789354914014,6,4,0,0,0,1,0,0,0,0,0,0,0.119874901023928,0.880125098976072,-5.83697812315465,0.0408603395061728,0.000771604938271601,0.0214214445826953
"709",98,3410017306,155,56,0.0381597222222222,0.54,"MILLER GENUINE DRAFT",25715,34100,0.0379536597222222,0.00217771728563095,6,4,0,0,0,1,0,0,0,0,0,0,0.143169913889917,0.856830086110083,-5.97496242151634,0.0378047839506173,0.000354938271604939,0.0152107186940505
"720",98,3410017306,156,124,0.0346875,9.4,"MILLER GENUINE DRAFT",26142,34100,0.031426875,0.00474332491775687,6,4,0,0,0,1,0,0,0,0,0,0,0.224777404249238,0.775222595750762,-5.09641185919537,0.0343016975308642,0.000385802469135804,0.0211023209098784
"731",98,3410017306,157,38,0.0416319444444444,8.84,"MILLER GENUINE DRAFT",24770,34100,0.0379516805555556,0.00153411384739604,6,4,0,0,0,1,0,0,0,0,0,0,0.107849181402936,0.892150818597064,-6.36568228120731,0.0397106481481481,0.0019212962962963,0.0142246220827994
"742",98,3410017306,158,45,0.0416319444444444,8.84,"MILLER GENUINE DRAFT",26237,34100,0.0379516805555556,0.00171513511453291,6,4,0,0,0,1,0,0,0,0,0,0,0.0920496658476804,0.90795033415232,-6.27169781753635,0.0400887345679012,0.00154320987654321,0.0186327141846559
"753",98,3410017306,159,37,0.0381597222222222,0.54,"MILLER GENUINE DRAFT",27115,34100,0.0379536597222222,0.00136455836252996,6,4,0,0,0,1,0,0,0,0,0,0,0.108752993338645,0.891247006661355,-6.48179078078693,0.0377854938271605,0.000374228395061731,0.012547317739392
"764",98,3410017306,160,39,0.0381597222222222,0.54,"MILLER GENUINE DRAFT",27107,34100,0.0379536597222222,0.00143874276017265,6,4,0,0,0,1,0,0,0,0,0,0,0.101066937940195,0.898933062059805,-6.43743892446367,0.0377854938271605,0.000374228395061731,0.0142355431904349
"775",98,3410017306,161,34,0.0416319444444444,8.84,"MILLER GENUINE DRAFT",26231,34100,0.0379516805555556,0.00129617627997408,6,4,0,0,0,1,0,0,0,0,0,0,0.0990504013030653,0.900949598696935,-6.54403070957168,0.0408680555555556,0.00076388888888889,0.0130860275468057
"786",98,3410017306,162,37,0.0416319444444444,8.84,"MILLER GENUINE DRAFT",29514,34100,0.0379516805555556,0.00125364233922884,6,4,0,0,0,1,0,0,0,0,0,0,0.0964092472177752,0.903590752782225,-6.58032336518711,0.0409336419753086,0.000698302469135804,0.0130033412292603
"797",98,3410017306,163,44,0.0381597222222222,0.54,"MILLER GENUINE DRAFT",27508,34100,0.0379536597222222,0.00159953468082012,6,4,0,0,0,1,0,0,0,0,0,0,0.125937996726062,0.874062003273938,-6.30343855263963,0.0381597222222222,0,0.0127009697025704
"808",98,3410017306,164,38,0.0381597222222222,0.54,"MILLER GENUINE DRAFT",26185,34100,0.0379536597222222,0.00145121252625549,6,4,0,0,0,1,0,0,0,0,0,0,0.126492648439199,0.873507351560801,-6.40011711375532,0.0381597222222222,0,0.011472702517989
"819",98,3410017306,165,40,0.0416319444444444,8.84,"MILLER GENUINE DRAFT",25531,34100,0.0379516805555556,0.00156672280756727,6,4,0,0,0,1,0,0,0,0,0,0,0.0948876284630554,0.905112371536945,-6.35907304941266,0.0416319444444444,0,0.0165113496136883
"830",98,3410017306,166,26,0.0416319444444444,8.84,"MILLER GENUINE DRAFT",25241,34100,0.0379516805555556,0.0010300701240046,6,4,0,0,0,1,0,0,0,0,0,0,0.106135561638203,0.893864438361797,-6.76592724725175,0.0416319444444444,0,0.00970523082089973
"841",98,3410017306,167,70,0.0381597222222222,0.54,"MILLER GENUINE DRAFT",31809,34100,0.0379536597222222,0.00220063504039737,6,4,0,0,0,1,0,0,0,0,0,0,0.133840081904626,0.866159918095374,-5.97532358100443,0.0381597222222222,0,0.0164422720688824
"852",98,3410017306,168,46,0.0381597222222222,0.54,"MILLER GENUINE DRAFT",23208,34100,0.0379536597222222,0.00198207514650121,6,4,0,0,0,1,0,0,0,0,0,0,0.13128591619262,0.86871408380738,-6.0828697039744,0.0381751543209877,-1.54320987654361e-05,0.0150973935665204
"863",98,3410017306,169,20,0.0416319444444444,8.84,"MILLER GENUINE DRAFT",26034,34100,0.0379516805555556,0.000768226165783207,6,4,0,0,0,1,0,0,0,0,0,0,0.0771881765067679,0.922811823493232,-7.09109644133592,0.0416319444444444,0,0.0099526404243511
"874",98,3410017306,170,23,0.0416319444444444,8.84,"MILLER GENUINE DRAFT",25525,34100,0.0379516805555556,0.000901077375122429,6,4,0,0,0,1,0,0,0,0,0,0,0.0888341826882022,0.911165817311798,-6.91888904562617,0.0416319444444444,0,0.0101433631498036
"885",98,3410017306,171,76,0.0381597222222222,0.54,"MILLER GENUINE DRAFT",31750,34100,0.0379536597222222,0.00239370078740157,6,4,0,0,0,1,0,0,0,0,0,0,0.120561252067731,0.879438747932269,-5.90644330261173,0.0381597222222222,0,0.019854644393182
"896",98,3410017306,172,47,0.0381597222222222,0.54,"MILLER GENUINE DRAFT",22874,34100,0.0379536597222222,0.00205473463320801,6,4,0,0,0,1,0,0,0,0,0,0,0.151211757533219,0.848788242466781,-6.02366302790509,0.0381597222222222,0,0.0135884581115103
"907",98,3410017306,173,62,0.0381597222222222,0.54,"MILLER GENUINE DRAFT",24273,34100,0.0379536597222222,0.00255427841634738,6,4,0,0,0,1,0,0,0,0,0,0,0.146965939142058,0.853034060857942,-5.81102971380901,0.0381635802469136,-3.85802469135554e-06,0.0173800707242676
"918",98,3410017306,174,43,0.0416319444444444,8.84,"MILLER GENUINE DRAFT",25328,34100,0.0379516805555556,0.00169772583701832,6,4,0,0,0,1,0,0,0,0,0,0,0.0906806562758987,0.909319343724101,-6.28340673315436,0.0416319444444444,0,0.018722028564206
"929",98,3410017306,175,23,0.0416319444444444,8.84,"MILLER GENUINE DRAFT",24392,34100,0.0379516805555556,0.00094293210888816,6,4,0,0,0,1,0,0,0,0,0,0,0.100080111497559,0.899919888502441,-6.86106674034418,0.0416319444444444,0,0.00942177316530224
"940",98,3410017306,176,39,0.0381597222222222,0.54,"MILLER GENUINE DRAFT",26363,34100,0.0379536597222222,0.00147934605318059,6,4,0,0,0,1,0,0,0,0,0,0,0.115483424007604,0.884516575992396,-6.39344111977716,0.0381597222222222,0,0.0128100293690909
"951",98,3410017306,177,56,0.0381597222222222,0.54,"MILLER GENUINE DRAFT",24619,34100,0.0379536597222222,0.0022746659084447,6,4,0,0,0,1,0,0,0,0,0,0,0.144873598315741,0.855126401684259,-5.92941610804898,0.0381635802469136,-3.85802469135554e-06,0.015701038249131
"962",98,3410017306,178,24,0.0416319444444444,8.84,"MILLER GENUINE DRAFT",24596,34100,0.0379516805555556,0.000975768417628883,6,4,0,0,0,1,0,0,0,0,0,0,0.0835025711701047,0.916497428829895,-6.84508925959618,0.0416319444444444,0,0.0116854894879958
"973",98,3410017306,179,19,0.0416319444444444,8.84,"MILLER GENUINE DRAFT",27053,34100,0.0379516805555556,0.000702325065611947,6,4,0,0,0,1,0,0,0,0,0,0,0.0838380876956477,0.916161912304352,-7.17355203491808,0.0416319444444444,0,0.00837715989135576
"984",98,3410017306,180,47,0.0381597222222222,0.54,"MILLER GENUINE DRAFT",23136,34100,0.0379536597222222,0.00203146611341632,6,4,0,0,0,1,0,0,0,0,0,0,0.110438192882818,0.889561807117182,-6.08197123419393,0.0381597222222222,0,0.0183945975607536
"995",98,3410017306,181,43,0.0381597222222222,0.54,"MILLER GENUINE DRAFT",27525,34100,0.0379536597222222,0.0015622161671208,6,4,0,0,0,1,0,0,0,0,0,0,0.0874874669124413,0.912512533087559,-6.37009638716798,0.0381597222222222,0,0.0178564567275023
"1006",98,3410017306,182,33,0.0416319444444444,8.84,"MILLER GENUINE DRAFT",25302,34100,0.0379516805555556,0.00130424472373725,6,4,0,0,0,1,0,0,0,0,0,0,0.105970211977017,0.894029788022983,-6.53011497708064,0.0416203703703704,1.15740740740736e-05,0.0123076541926718
