Project/data - Copy.csv
"","store","upc","week","move","price","profit","descrip","custcoun","brand","wp","mks","csame","cdiff","Prod2","Prod3","Prod4","Prod5","Prod6","Prod7","Prod8","Prod9","Prod10","Prod11","summks","os","y","avg_price_product","pricediff_product","withingroupshare"
"1017",98,3410017306,183,28,0.0381597222222222,0.54,"MILLER GENUINE DRAFT",25223,34100,0.0379536597222222,0.00111009792649566,6,4,0,0,0,1,0,0,0,0,0,0,0.123718013410591,0.876281986589409,-6.67123970813516,0.0381597222222222,0,0.00897280756369326
"1028",98,3410017306,184,35,0.0382291666666667,0.72,"MILLER GENUINE DRAFT",25577,34100,0.0379539166666667,0.00136841693709192,6,4,0,0,0,1,0,0,0,0,0,0,0.0964007860886125,0.903599213911388,-6.49273136330072,0.0381674382716049,6.17283950617303e-05,0.0141950806898406
"1039",98,3410017306,185,14,0.0416319444444444,8.84,"MILLER GENUINE DRAFT",26353,34100,0.0379516805555556,0.000531248814176754,6,4,0,0,0,1,0,0,0,0,0,0,0.0831524555903188,0.916847544409681,-7.45346599458532,0.0416319444444444,0,0.00638885298582338
"1050",98,3410017306,186,28,0.0416319444444444,8.84,"MILLER GENUINE DRAFT",25851,34100,0.0379516805555556,0.00108313024641213,6,4,0,0,0,1,0,0,0,0,0,0,0.0880884434683574,0.911911556531643,-6.73568778263501,0.0416319444444444,0,0.0122959403500098
"1061",98,3410017306,187,56,0.0381597222222222,0.54,"MILLER GENUINE DRAFT",26461,34100,0.0379536597222222,0.00211632213446204,6,4,0,0,0,1,0,0,0,0,0,0,0.122104872446396,0.877895127553604,-6.02784740193373,0.0381635802469136,-3.85802469135554e-06,0.0173320039738063
"1072",98,3410017306,188,26,0.0381597222222222,0.54,"MILLER GENUINE DRAFT",24725,34100,0.0379536597222222,0.001051567239636,6,4,0,0,0,1,0,0,0,0,0,0,0.0915860700243336,0.908413929975666,-6.76141848422867,0.0381674382716049,-7.71604938271803e-06,0.0114817377725303
"1083",98,3410017306,189,41,0.0416319444444444,8.84,"MILLER GENUINE DRAFT",26501,34100,0.0379516805555556,0.00154711142975737,6,4,0,0,0,1,0,0,0,0,0,0,0.110501893699279,0.889498106300721,-6.35426777958053,0.0416319444444444,0,0.0140007684752235
"1094",98,3410017306,190,35,0.0416319444444444,8.84,"MILLER GENUINE DRAFT",25327,34100,0.0379516805555556,0.00138192442847554,6,4,0,0,0,1,0,0,0,0,0,0,0.112943377169279,0.887056622830721,-6.4644317754825,0.0416319444444444,0,0.0122355507964342
"1105",98,3410017306,191,60,0.0381597222222222,0.54,"MILLER GENUINE DRAFT",27322,34100,0.0379536597222222,0.00219603250128102,6,4,0,0,0,1,0,0,0,0,0,0,0.170020651905694,0.829979348094306,-5.93474849491019,0.0381597222222222,0,0.012916269151227
"1116",98,3410017306,192,40,0.0381597222222222,0.54,"MILLER GENUINE DRAFT",25371,34100,0.0379536597222222,0.00157660320838753,6,4,0,0,0,1,0,0,0,0,0,0,0.157472767607061,0.842527232392939,-6.28113332037345,0.0381597222222222,0,0.0100119102010171
"1127",98,3410017306,193,57,0.0392361111111111,3.27,"MILLER GENUINE DRAFT",27618,34100,0.0379530902777778,0.00206387138822507,6,4,0,0,0,1,0,0,0,0,0,0,0.120045759348851,0.879954240651149,-6.0552863730888,0.0389274691358025,0.000308641975308645,0.0171923723038603
"1138",98,3410017306,194,102,0.0364236111111111,-4.19,"MILLER GENUINE DRAFT",26470,34100,0.0379497604166667,0.00385341896486589,6,4,0,0,0,1,0,0,0,0,0,0,0.175971942176195,0.824028057823805,-5.36524378304154,0.0364236111111111,0,0.0218979168906801
"6",98,3410017505,91,29,0.05125,20.95,"MILLER GEN DRFT LNNR",27452,34100,0.040513125,0.00105638933411045,6,4,0,0,0,0,1,0,0,0,0,0,0.160243720676529,0.839756279323471,-6.67825490113492,0.05125,0,0.00659239145003936
"17",98,3410017505,92,34,0.05125,20.95,"MILLER GEN DRFT LNNR",28509,34100,0.040513125,0.00119260584376863,6,4,0,0,0,0,1,0,0,0,0,0,0.179048444747772,0.820951555252228,-6.53432340299163,0.05125,0,0.00666079979331112
"28",98,3410017505,93,49,0.05125,20.95,"MILLER GEN DRFT LNNR",27892,34100,0.040513125,0.0017567761365266,6,4,0,0,0,0,1,0,0,0,0,0,0.163680188523833,0.836319811476167,-6.16553070079203,0.05125,0,0.0107329796743899
"39",98,3410017505,94,62,0.0415277777777778,2.44,"MILLER GEN DRFT LNNR",30186,34100,0.0405145,0.00205393228649043,6,4,0,0,0,0,1,0,0,0,0,0,0.171503153298151,0.828496846701849,-5.99985688651875,0.0415277777777778,0,0.0119760613550922
"50",98,3410017505,95,185,0.0415277777777778,2.44,"MILLER GEN DRFT LNNR",27923,34100,0.0405145,0.00662536260430469,6,4,0,0,0,0,1,0,0,0,0,0,0.295882349292852,0.704117650707148,-4.66604035657747,0.0415277777777778,0,0.0223918818413436
"61",98,3410017505,96,160,0.0415277777777778,2.44,"MILLER GEN DRFT LNNR",27563,34100,0.0405145,0.00580488335812502,6,4,0,0,0,0,1,0,0,0,0,0,0.228582258834122,0.771417741165878,-4.88953052256735,0.0415277777777778,0,0.0253951614081193
"72",98,3410017505,97,37,0.05125,20.94,"MILLER GEN DRFT LNNR",27377,34100,0.04051825,0.00135149943383132,6,4,0,0,0,0,1,0,0,0,0,0,0.154077437754725,0.845922562245275,-6.43921315361216,0.05125,0,0.00877155963602381
"83",98,3410017505,98,33,0.05125,20.94,"MILLER GEN DRFT LNNR",29035,34100,0.04051825,0.00113655932495264,6,4,0,0,0,0,1,0,0,0,0,0,0.161445559263888,0.838554440736112,-6.6036739428532,0.05125,0,0.00703989214776048
"94",98,3410017505,99,21,0.05125,20.94,"MILLER GEN DRFT LNNR",29394,34100,0.04051825,0.000714431516636048,6,4,0,0,0,0,1,0,0,0,0,0,0.142503970956944,0.857496029043056,-7.09028468233686,0.05125,0,0.00501341479706489
"105",98,3410017505,100,24,0.05125,20.94,"MILLER GEN DRFT LNNR",28115,34100,0.04051825,0.0008536368486573,6,4,0,0,0,0,1,0,0,0,0,0,0.152956618807566,0.847043381192434,-6.90000132220121,0.05125,0,0.00558090820333351
"116",98,3410017505,101,39,0.05125,20.94,"MILLER GEN DRFT LNNR",26946,34100,0.04051825,0.00144733912268982,6,4,0,0,0,0,1,0,0,0,0,0,0.144578047442924,0.855421952557077,-6.38186807616655,0.05125,0,0.0100107806702895
"127",98,3410017505,102,38,0.05125,20.94,"MILLER GEN DRFT LNNR",28849,34100,0.04051825,0.00131720336926757,6,4,0,0,0,0,1,0,0,0,0,0,0.147551396581725,0.852448603418275,-6.4726020886767,0.0512191358024691,3.08641975308652e-05,0.0089270816798945
"138",98,3410017505,103,154,0.0415277777777778,2.44,"MILLER GEN DRFT LNNR",27950,34100,0.0405145,0.00550983899821109,6,4,0,0,0,0,1,0,0,0,0,0,0.171644858056582,0.828355141943418,-5.01290657500543,0.0415277777777778,0,0.0321002275313996
"149",98,3410017505,104,166,0.0415277777777778,2.44,"MILLER GEN DRFT LNNR",27037,34100,0.0405145,0.00613973443799238,6,4,0,0,0,0,1,0,0,0,0,0,0.235510838015903,0.764489161984097,-4.82442635857943,0.0415277777777778,0,0.0260698594158872
"160",98,3410017505,105,36,0.05125,20.94,"MILLER GEN DRFT LNNR",29325,34100,0.04051825,0.00122762148337596,6,4,0,0,0,0,1,0,0,0,0,0,0.134631013358941,0.865368986641059,-6.55807744620993,0.0503703703703704,0.000879629629629626,0.00911841523544792
"171",98,3410017505,106,29,0.05125,20.94,"MILLER GEN DRFT LNNR",28468,34100,0.04051825,0.00101868764929043,6,4,0,0,0,0,1,0,0,0,0,0,0.127541630663972,0.872458369336028,-6.75279975816072,0.0506635802469136,0.000586419753086417,0.0079870991454886
"182",98,3410017505,107,21,0.05125,20.94,"MILLER GEN DRFT LNNR",26328,34100,0.04051825,0.000797629899726527,6,4,0,0,0,0,1,0,0,0,0,0,0.115288595803509,0.884711404196492,-7.01137206879126,0.05125,0,0.00691854987188814
"193",98,3410017505,108,24,0.05125,20.94,"MILLER GEN DRFT LNNR",27855,34100,0.04051825,0.000861604738826064,6,4,0,0,0,0,1,0,0,0,0,0,0.115815724839727,0.884184275160273,-6.93362415010219,0.05125,0,0.00743944520503069
"204",98,3410017505,109,31,0.05125,20.94,"MILLER GEN DRFT LNNR",27184,34100,0.04051825,0.00114037669217187,6,4,0,0,0,0,1,0,0,0,0,0,0.124851125911501,0.875148874088499,-6.64303537414499,0.05125,0,0.00913389193606637
"215",98,3410017505,110,39,0.05125,20.94,"MILLER GEN DRFT LNNR",30677,34100,0.04051825,0.00127131075398507,6,4,0,0,0,0,1,0,0,0,0,0,0.106163466721612,0.893836533278388,-6.55547445178869,0.05125,0,0.0119750305189146
"226",98,3410017505,111,101,0.0415277777777778,2.44,"MILLER GEN DRFT LNNR",30641,34100,0.0405145,0.00329623706798081,6,4,0,0,0,0,1,0,0,0,0,0,0.122334316510869,0.877665683489131,-5.58448421518437,0.0415277777777778,0,0.0269445006274095
"237",98,3410017505,112,22,0.0415277777777778,2.44,"MILLER GEN DRFT LNNR",26667,34100,0.0405145,0.000824989687628905,6,4,0,0,0,0,1,0,0,0,0,0,0.139806261452893,0.860193738547107,-6.9495420338261,0.0415432098765432,-1.54320987654291e-05,0.00590094949293012
"248",98,3410017505,113,18,0.05125,20.94,"MILLER GEN DRFT LNNR",28782,34100,0.04051825,0.000625390869293308,6,4,0,0,0,0,1,0,0,0,0,0,0.111227244022762,0.888772755977238,-7.25922001911657,0.05125,0,0.005622641060542
"259",98,3410017505,114,30,0.05125,20.94,"MILLER GEN DRFT LNNR",27461,34100,0.04051825,0.00109245839554277,6,4,0,0,0,0,1,0,0,0,0,0,0.112970228581518,0.887029771418482,-6.69944798053654,0.05125,0,0.00967032119222866
"270",98,3410017505,115,21,0.05125,20.94,"MILLER GEN DRFT LNNR",35045,34100,0.04051825,0.000599229561991725,6,4,0,0,0,0,1,0,0,0,0,0,0.088921270428748,0.911078729571252,-7.32673982679892,0.051141975308642,0.000108024691358025,0.00673887765101021
"281",98,3410017505,116,150,0.0415277777777778,2.44,"MILLER GEN DRFT LNNR",24712,34100,0.0405145,0.00606992554224668,6,4,0,0,0,0,1,0,0,0,0,0,0.219650333031936,0.780349666968064,-4.85639577173598,0.0415277777777778,0,0.0276344927797772
"292",98,3410017505,117,88,0.0415277777777778,2.44,"MILLER GEN DRFT LNNR",28278,34100,0.0405145,0.00311195982742768,6,4,0,0,0,0,1,0,0,0,0,0,0.139797429405902,0.860202570594098,-5.62191521140455,0.0415277777777778,0,0.0222604939207581
"303",98,3410017505,118,24,0.05125,20.94,"MILLER GEN DRFT LNNR",28272,34100,0.04051825,0.000848896434634975,6,4,0,0,0,0,1,0,0,0,0,0,0.102755175164284,0.897244824835716,-6.96314684743409,0.05125,0,0.00826134969141713
"314",98,3410017505,119,68,0.0415277777777778,2.44,"MILLER GEN DRFT LNNR",30340,34100,0.0405145,0.0022412656558998,6,4,0,0,0,0,1,0,0,0,0,0,0.108132090593923,0.891867909406077,-5.98627730673335,0.0415277777777778,0,0.0207271092567387
"325",98,3410017505,120,138,0.0415277777777778,2.44,"MILLER GEN DRFT LNNR",27660,34100,0.0405145,0.00498915401301518,6,4,0,0,0,0,1,0,0,0,0,0,0.206769712513018,0.793230287486982,-5.06884722091813,0.0415277777777778,0,0.0241290368515702
"336",98,3410017505,121,29,0.05125,20.94,"MILLER GEN DRFT LNNR",27891,34100,0.04051825,0.0010397619303718,6,4,0,0,0,0,1,0,0,0,0,0,0.17975591860958,0.82024408139042,-6.67061018235386,0.0503858024691358,0.000864197530864197,0.00578429872248108
"347",98,3410017505,122,36,0.0519444444444444,21.55,"MILLER GEN DRFT LNNR",25754,34100,0.0407504166666667,0.00139784111206026,6,4,0,0,0,0,1,0,0,0,0,0,0.0955079544492083,0.904492045550792,-6.47244452688679,0.0510030864197531,0.000941358024691356,0.0146358606476453
"358",98,3410017505,123,33,0.0554166666666667,24.31,"MILLER GEN DRFT LNNR",28062,34100,0.041944875,0.00117596750053453,6,4,0,0,0,0,1,0,0,0,0,0,0.095828232503149,0.904171767496851,-6.64492813714119,0.0553703703703704,4.62962962962943e-05,0.0122716183927935
"369",98,3410017505,124,86,0.0443055555555556,5.32,"MILLER GEN DRFT LNNR",28177,34100,0.0419485,0.00305213471980693,6,4,0,0,0,0,1,0,0,0,0,0,0.11012200102275,0.88987799897725,-5.67524311959778,0.0443055555555556,0,0.0277159395167219
"380",98,3410017505,125,70,0.0443055555555556,5.32,"MILLER GEN DRFT LNNR",25559,34100,0.0419485,0.00273876129739035,6,4,0,0,0,0,1,0,0,0,0,0,0.151938721522505,0.848061278477495,-5.73544715860059,0.0443055555555556,0,0.0180254333454075
"391",98,3410017505,126,3,0.0516666666666667,18.81,"MILLER GEN DRFT LNNR",25941,34100,0.0419481666666667,0.000115647045217995,6,4,0,0,0,0,1,0,0,0,0,0,0.0977251858019289,0.902274814198071,-8.96213158569775,0.0537654320987654,-0.00209876543209877,0.00118339038466901
"402",98,3410017505,127,18,0.0551388888888889,23.92,"MILLER GEN DRFT LNNR",28912,34100,0.0419496666666667,0.000622578859988932,6,4,0,0,0,0,1,0,0,0,0,0,0.0778651447013141,0.922134855298686,-7.30057645269622,0.0550154320987654,0.000123456790123454,0.00799560396859347
"413",98,3410017505,128,32,0.0540277777777778,22.36,"MILLER GEN DRFT LNNR",25197,34100,0.0419471666666667,0.00126999245941977,6,4,0,0,0,0,1,0,0,0,0,0,0.116308209700146,0.883691790299854,-6.5450973853488,0.0540277777777778,0,0.0109191987624428
"424",98,3410017505,129,19,0.0540277777777778,22.36,"MILLER GEN DRFT LNNR",25112,34100,0.0419471666666667,0.000756610385473081,6,4,0,0,0,0,1,0,0,0,0,0,0.119230853928716,0.880769146071284,-7.05970239573045,0.0540277777777778,0,0.00634576001548585
"435",98,3410017505,130,27,0.0536111111111111,21.76,"MILLER GEN DRFT LNNR",27962,34100,0.0419453333333333,0.000965596166225592,6,4,0,0,0,0,1,0,0,0,0,0,0.110709567336545,0.889290432663455,-6.82543345763112,0.053858024691358,-0.000246913580246914,0.00872188546533005
"446",98,3410017505,131,60,0.0443055555555556,5.32,"MILLER GEN DRFT LNNR",27057,34100,0.0419485,0.00221754074731123,6,4,0,0,0,0,1,0,0,0,0,0,0.113224222153805,0.886775777846195,-5.99119335288751,0.0443055555555556,0,0.0195853917574183
"457",98,3410017505,132,65,0.0443055555555556,5.32,"MILLER GEN DRFT LNNR",26221,34100,0.0419485,0.00247892910262766,6,4,0,0,0,0,1,0,0,0,0,0,0.122438590667897,0.877561409332103,-5.86932028157421,0.0443055555555556,0,0.0202463054262975
"468",98,3410017505,133,20,0.0540277777777778,22.36,"MILLER GEN DRFT LNNR",27724,34100,0.0419471666666667,0.0007213966238638,6,4,0,0,0,0,1,0,0,0,0,0,0.113110420383666,0.886889579616334,-7.11428667759463,0.0540277777777778,0,0.00637780870601357
"479",98,3410017505,134,21,0.0540277777777778,22.36,"MILLER GEN DRFT LNNR",24855,34100,0.0419471666666667,0.000844900422450211,6,4,0,0,0,0,1,0,0,0,0,0,0.0919781128432479,0.908021887156752,-6.97980498493218,0.0540277777777778,0,0.00918588560182918
"490",98,3410017505,135,15,0.0540277777777778,22.36,"MILLER GEN DRFT LNNR",29105,34100,0.0419471666666667,0.00051537536505755,6,4,0,0,0,0,1,0,0,0,0,0,0.087014757413691,0.912985242586309,-7.47957949643446,0.0540277777777778,0,0.0059228501046934
"501",98,3410017505,136,17,0.0540277777777778,22.36,"MILLER GEN DRFT LNNR",29272,34100,0.0419471666666667,0.000580759770429079,6,4,0,0,0,0,1,0,0,0,0,0,0.110040193489792,0.889959806510208,-7.33459438414259,0.0540277777777778,0,0.00527770582739798
"512",98,3410017505,137,15,0.0540277777777778,22.36,"MILLER GEN DRFT LNNR",24381,34100,0.0419471666666667,0.000615233173372708,6,4,0,0,0,0,1,0,0,0,0,0,0.145163684101017,0.854836315898983,-7.2366639465531,0.0540277777777778,0,0.00423820308214674
"523",98,3410017505,138,22,0.0540277777777778,22.36,"MILLER GEN DRFT LNNR",25399,34100,0.0419471666666667,0.00086617583369424,6,4,0,0,0,0,1,0,0,0,0,0,0.100017015288915,0.899982984711085,-6.94604320708143,0.0540277777777778,0,0.00866028476446884
"534",98,3410017505,139,39,0.0536111111111111,21.76,"MILLER GEN DRFT LNNR",28639,34100,0.0419453333333333,0.00136177939173854,6,4,0,0,0,0,1,0,0,0,0,0,0.110086316138778,0.889913683861222,-6.4823322527494,0.0538271604938272,-0.000216049382716049,0.0123701059268969
"545",98,3410017505,140,222,0.0415277777777778,1,"MILLER GEN DRFT LNNR",31391,34100,0.0411125,0.00707209072664139,6,4,0,0,0,0,1,0,0,0,0,0,0.142144028105693,0.857855971894307,-4.79828006622556,0.0415277777777778,0,0.0497529922353324
"556",98,3410017505,141,169,0.0415277777777778,1,"MILLER GEN DRFT LNNR",28176,34100,0.0411125,0.00599801249290176,6,4,0,0,0,0,1,0,0,0,0,0,0.173554742568719,0.826445257431281,-4.92570551769535,0.0415277777777778,0,0.0345597729230987
"567",98,3410017505,142,19,0.0540277777777778,22.36,"MILLER GEN DRFT LNNR",31550,34100,0.0419471666666667,0.000602218700475436,6,4,0,0,0,0,1,0,0,0,0,0,0.143746523370508,0.856253476629492,-7.25970105968619,0.0540277777777778,0,0.00418944880442924
"578",98,3410017505,143,18,0.0540277777777778,22.36,"MILLER GEN DRFT LNNR",26074,34100,0.0419471666666667,0.000690342870292245,6,4,0,0,0,0,1,0,0,0,0,0,0.126024557852781,0.873975442147219,-7.14361916837547,0.0540277777777778,0,0.00547784401750242
"589",98,3410017505,144,33,0.0540277777777778,22.36,"MILLER GEN DRFT LNNR",27181,34100,0.0419471666666667,0.00121408336705787,6,4,0,0,0,0,1,0,0,0,0,0,0.145184687289837,0.854815312710163,-6.5568960754158,0.0540277777777778,0,0.00836233758339927
"600",98,3410017505,145,68,0.0540277777777778,22.36,"MILLER GEN DRFT LNNR",28084,34100,0.0419471666666667,0.00242130750605327,6,4,0,0,0,0,1,0,0,0,0,0,0.148585327772893,0.851414672227107,-5.86259160028425,0.0540277777777778,0,0.0162957375559594
"611",98,3410017505,146,27,0.0540277777777778,22.36,"MILLER GEN DRFT LNNR",26806,34100,0.0419471666666667,0.00100723718570469,6,4,0,0,0,0,1,0,0,0,0,0,0.126219600037342,0.873780399962658,-6.76561796251281,0.0540277777777778,0,0.00798003784995912
"622",98,3410017505,147,79,0.0443055555555556,5.32,"MILLER GEN DRFT LNNR",29036,34100,0.0419485,0.00272076043532167,6,4,0,0,0,0,1,0,0,0,0,0,0.192816164893118,0.807183835106882,-5.692640029911,0.0443055555555556,0,0.0141106449079611
"633",98,3410017505,148,136,0.0443055555555556,5.32,"MILLER GEN DRFT LNNR",26441,34100,0.0419485,0.0051435270980674,6,4,0,0,0,0,1,0,0,0,0,0,0.285278675601689,0.714721324398311,-4.93415366064791,0.0443055555555556,0,0.018029833765945
"644",98,3410017505,149,38,0.0540277777777778,22.36,"MILLER GEN DRFT LNNR",26007,34100,0.0419471666666667,0.0014611450763256,6,4,0,0,0,0,1,0,0,0,0,0,0.12915125426408,0.87084874573592,-6.3902478787293,0.0540277777777778,0,0.011313440853915
"655",98,3410017505,150,41,0.0554166666666667,24.31,"MILLER GEN DRFT LNNR",27564,34100,0.041944875,0.0014874473951531,6,4,0,0,0,0,1,0,0,0,0,0,0.131905645146946,0.868094354853054,-6.36923891929094,0.0541975308641975,0.00121913580246914,0.0112766014941669
"666",98,3410017505,151,32,0.0554166666666667,24.31,"MILLER GEN DRFT LNNR",25180,34100,0.041944875,0.00127084988085782,6,4,0,0,0,0,1,0,0,0,0,0,0.140298276539399,0.859701723460601,-6.51689962171814,0.0553703703703704,4.62962962962943e-05,0.00905820023028534
"677",98,3410017505,152,33,0.0554166666666667,24.31,"MILLER GEN DRFT LNNR",25724,34100,0.041944875,0.00128284870160162,6,4,0,0,0,0,1,0,0,0,0,0,0.138258247844966,0.861741752155034,-6.50987248111586,0.0554166666666667,0,0.00927864139461771
