Project/data - Copy.csv
"","store","upc","week","move","price","profit","descrip","custcoun","brand","wp","mks","csame","cdiff","Prod2","Prod3","Prod4","Prod5","Prod6","Prod7","Prod8","Prod9","Prod10","Prod11","summks","os","y","avg_price_product","pricediff_product","withingroupshare"
"688",98,3410017505,153,27,0.0554166666666667,24.31,"MILLER GEN DRFT LNNR",27180,34100,0.041944875,0.000993377483443709,6,4,0,0,0,0,1,0,0,0,0,0,0.114528455740993,0.885471544259007,-6.79276486420105,0.0554166666666667,0,0.00867363029577765
"699",98,3410017505,154,21,0.0554166666666667,24.31,"MILLER GEN DRFT LNNR",25702,34100,0.041944875,0.000817057038362773,6,4,0,0,0,0,1,0,0,0,0,0,0.119874901023928,0.880125098976072,-6.98211042745765,0.0554166666666667,0,0.00681591418540304
"710",98,3410017505,155,54,0.0443055555555556,5.32,"MILLER GEN DRFT LNNR",25715,34100,0.0419485,0.00209994166828699,6,4,0,0,0,0,1,0,0,0,0,0,0.143169913889917,0.856830086110083,-6.01133006568721,0.0443055555555556,0,0.0146674787406915
"721",98,3410017505,156,65,0.0443055555555556,5.32,"MILLER GEN DRFT LNNR",26142,34100,0.0419485,0.00248642031979191,6,4,0,0,0,0,1,0,0,0,0,0,0.224777404249238,0.775222595750762,-5.74230615490477,0.0443055555555556,0,0.0110617004769524
"732",98,3410017505,157,25,0.0561111111111111,25.24,"MILLER GEN DRFT LNNR",24770,34100,0.0419486666666667,0.00100928542591845,6,4,0,0,0,0,1,0,0,0,0,0,0.107849181402936,0.892150818597064,-6.7843926160655,0.0554475308641975,0.000663580246913577,0.0093583040018417
"743",98,3410017505,158,25,0.0581944444444445,27.92,"MILLER GEN DRFT LNNR",26237,34100,0.0419465555555556,0.000952852841407173,6,4,0,0,0,0,1,0,0,0,0,0,0.0920496658476804,0.90795033415232,-6.85948448243847,0.0557253086419753,0.00246913580246914,0.0103515078803644
"754",98,3410017505,159,25,0.0581944444444445,27.92,"MILLER GEN DRFT LNNR",27115,34100,0.0419465555555556,0.000921998893601328,6,4,0,0,0,0,1,0,0,0,0,0,0.108752993338645,0.891247006661355,-6.87383286856295,0.0557253086419753,0.00246913580246914,0.00847791739148109
"765",98,3410017505,160,13,0.0581944444444445,27.92,"MILLER GEN DRFT LNNR",27107,34100,0.0419465555555556,0.00047958092005755,6,4,0,0,0,0,1,0,0,0,0,0,0.101066937940195,0.898933062059805,-7.53605121313178,0.0557253086419753,0.00246913580246914,0.00474518106347828
"776",98,3410017505,161,15,0.0581944444444445,27.92,"MILLER GEN DRFT LNNR",26231,34100,0.0419465555555556,0.000571842476459151,6,4,0,0,0,0,1,0,0,0,0,0,0.0990504013030653,0.900949598696935,-7.36234103308563,0.0557253086419753,0.00246913580246914,0.00577324744712018
"787",98,3410017505,162,11,0.0581944444444445,27.92,"MILLER GEN DRFT LNNR",29514,34100,0.0419465555555556,0.000372704479230196,6,4,0,0,0,0,1,0,0,0,0,0,0.0964092472177752,0.903590752782225,-7.79334600503296,0.0557253086419753,0.00246913580246914,0.00386585820329359
"798",98,3410017505,163,63,0.0443055555555556,5.32,"MILLER GEN DRFT LNNR",27508,34100,0.0419485,0.002290242838447,6,4,0,0,0,0,1,0,0,0,0,0,0.125937996726062,0.874062003273938,-5.94449346016636,0.0443055555555556,0,0.0181854793468621
"809",98,3410017505,164,74,0.0443055555555556,5.32,"MILLER GEN DRFT LNNR",26185,34100,0.0419485,0.00282604544586595,6,4,0,0,0,0,1,0,0,0,0,0,0.126492648439199,0.873507351560801,-5.73363818027754,0.044320987654321,-1.54320987654291e-05,0.0223415785876627
"820",98,3410017505,165,17,0.0581944444444445,27.92,"MILLER GEN DRFT LNNR",25531,34100,0.0419465555555556,0.00066585719321609,6,4,0,0,0,0,1,0,0,0,0,0,0.0948876284630554,0.905112371536945,-7.21473915947038,0.0557253086419753,0.00246913580246914,0.00701732358581754
"831",98,3410017505,166,55,0.0443055555555556,5.32,"MILLER GEN DRFT LNNR",25241,34100,0.0419485,0.00217899449308664,6,4,0,0,0,0,1,0,0,0,0,0,0.106135561638203,0.893864438361797,-6.01669060004076,0.0443055555555556,0,0.0205302959672879
"842",98,3410017505,167,69,0.0443055555555556,5.32,"MILLER GEN DRFT LNNR",31809,34100,0.0419485,0.00216919739696312,6,4,0,0,0,0,1,0,0,0,0,0,0.133840081904626,0.866159918095374,-5.98971231845653,0.0443055555555556,0,0.0162073824678984
"853",98,3410017505,168,17,0.0508333333333333,17.48,"MILLER GEN DRFT LNNR",23208,34100,0.0419476666666667,0.00073250603240262,6,4,0,0,0,0,1,0,0,0,0,0,0.13128591619262,0.86871408380738,-7.07829775640727,0.0509722222222222,-0.00013888888888889,0.00557947153545321
"864",98,3410017505,169,9,0.0581944444444445,27.92,"MILLER GEN DRFT LNNR",26034,34100,0.0419465555555556,0.000345701774602443,6,4,0,0,0,0,1,0,0,0,0,0,0.0771881765067679,0.922811823493232,-7.88960413755369,0.0557253086419753,0.00246913580246914,0.004478688190958
"875",98,3410017505,170,16,0.0581944444444445,27.92,"MILLER GEN DRFT LNNR",25525,34100,0.0419465555555556,0.000626836434867777,6,4,0,0,0,0,1,0,0,0,0,0,0.0888341826882022,0.911165817311798,-7.28179453931554,0.0557253086419753,0.00246913580246914,0.00705625262595031
"886",98,3410017505,171,60,0.0443055555555556,5.32,"MILLER GEN DRFT LNNR",31750,34100,0.0419485,0.00188976377952756,6,4,0,0,0,0,1,0,0,0,0,0,0.120561252067731,0.879438747932269,-6.14283208067596,0.0443055555555556,0,0.0156747192577752
"897",98,3410017505,172,73,0.0443055555555556,5.32,"MILLER GEN DRFT LNNR",22874,34100,0.0419485,0.00319139634519542,6,4,0,0,0,0,1,0,0,0,0,0,0.151211757533219,0.848788242466781,-5.58335118846675,0.0443055555555556,0,0.0211054774923458
"908",98,3410017505,173,80,0.0443055555555556,5.32,"MILLER GEN DRFT LNNR",24273,34100,0.0419485,0.00329584311786759,6,4,0,0,0,0,1,0,0,0,0,0,0.146965939142058,0.853034060857942,-5.55613746418022,0.0443055555555556,0,0.0224258977087324
"919",98,3410017505,174,9,0.0581944444444445,27.92,"MILLER GEN DRFT LNNR",25328,34100,0.0419465555555556,0.000355337965887555,6,4,0,0,0,0,1,0,0,0,0,0,0.0906806562758987,0.909319343724101,-7.84738227151171,0.0557253086419753,0.00246913580246914,0.00391856411808962
"930",98,3410017505,175,18,0.0573611111111111,26.87,"MILLER GEN DRFT LNNR",24392,34100,0.0419481805555556,0.000737946867825517,6,4,0,0,0,0,1,0,0,0,0,0,0.100080111497559,0.899919888502441,-7.10618919837716,0.0554166666666667,0.00194444444444444,0.00737356160762784
"941",98,3410017505,176,57,0.0443055555555556,5.32,"MILLER GEN DRFT LNNR",26363,34100,0.0419485,0.00216212115464856,6,4,0,0,0,0,1,0,0,0,0,0,0.115483424007604,0.884516575992396,-6.01395149807226,0.0443055555555556,0,0.0187223506163637
"952",98,3410017505,177,119,0.0443055555555556,5.32,"MILLER GEN DRFT LNNR",24619,34100,0.0419485,0.00483366505544498,6,4,0,0,0,0,1,0,0,0,0,0,0.144873598315741,0.855126401684259,-5.1756443056726,0.0443055555555556,0,0.0333647062794035
"963",98,3410017505,178,11,0.0581944444444445,27.92,"MILLER GEN DRFT LNNR",24596,34100,0.0419465555555556,0.000447227191413238,6,4,0,0,0,0,1,0,0,0,0,0,0.0835025711701047,0.916497428829895,-7.62524781714576,0.0557253086419753,0.00246913580246914,0.00535584934866476
"974",98,3410017505,179,13,0.0581944444444445,27.92,"MILLER GEN DRFT LNNR",27053,34100,0.0419465555555556,0.000480538202787122,6,4,0,0,0,0,1,0,0,0,0,0,0.0838380876956477,0.916161912304352,-7.55304165662298,0.0557253086419753,0.00246913580246914,0.00573174097829605
"985",98,3410017505,180,11,0.0581944444444445,27.92,"MILLER GEN DRFT LNNR",23136,34100,0.0419465555555556,0.000475449515905947,6,4,0,0,0,0,1,0,0,0,0,0,0.110438192882818,0.889561807117182,-7.53422356310562,0.0557253086419753,0.00246913580246914,0.00430511857804871
"996",98,3410017505,181,12,0.0581944444444445,27.92,"MILLER GEN DRFT LNNR",27525,34100,0.0419465555555556,0.000435967302452316,6,4,0,0,0,0,1,0,0,0,0,0,0.0874874669124413,0.912512533087559,-7.64638985307354,0.055679012345679,0.00251543209876544,0.00498319722627972
"1007",98,3410017505,182,72,0.0443055555555556,5.32,"MILLER GEN DRFT LNNR",25302,34100,0.0419485,0.00284562485179037,6,4,0,0,0,0,1,0,0,0,0,0,0.105970211977017,0.894029788022983,-5.74995641953106,0.0443055555555556,0,0.0268530636931022
"1018",98,3410017505,183,58,0.0443055555555556,5.32,"MILLER GEN DRFT LNNR",25223,34100,0.0419485,0.00229948856202672,6,4,0,0,0,0,1,0,0,0,0,0,0.123718013410591,0.876281986589409,-5.94300120776394,0.0443055555555556,0,0.0185865299533646
"1029",98,3410017505,184,13,0.0581944444444445,27.92,"MILLER GEN DRFT LNNR",25577,34100,0.0419465555555556,0.000508269148062713,6,4,0,0,0,0,1,0,0,0,0,0,0.0964007860886125,0.903599213911388,-7.4831300673286,0.0557253086419753,0.00246913580246914,0.0052724585419408
"1040",98,3410017505,185,20,0.0581944444444445,27.92,"MILLER GEN DRFT LNNR",26353,34100,0.0419465555555556,0.000758926877395363,6,4,0,0,0,0,1,0,0,0,0,0,0.0831524555903188,0.916847544409681,-7.09679105064659,0.0552623456790124,0.0029320987654321,0.00912693283689054
"1051",98,3410017505,186,16,0.0581944444444445,27.92,"MILLER GEN DRFT LNNR",25851,34100,0.0419465555555556,0.000618931569378361,6,4,0,0,0,0,1,0,0,0,0,0,0.0880884434683574,0.911911556531643,-7.29530357057043,0.0552623456790124,0.0029320987654321,0.00702625162857701
"1062",98,3410017505,187,22,0.0581944444444445,27.92,"MILLER GEN DRFT LNNR",26461,34100,0.0419465555555556,0.000831412267110087,6,4,0,0,0,0,1,0,0,0,0,0,0.122104872446396,0.877895127553604,-6.96215663931056,0.0556481481481482,0.0025462962962963,0.00680900156113818
"1073",98,3410017505,188,10,0.0581944444444445,27.92,"MILLER GEN DRFT LNNR",24725,34100,0.0419465555555556,0.000404448938321537,6,4,0,0,0,0,1,0,0,0,0,0,0.0915860700243336,0.908413929975666,-7.71692992925611,0.0557253086419753,0.00246913580246914,0.00441605298943473
"1084",98,3410017505,189,11,0.0581944444444445,27.92,"MILLER GEN DRFT LNNR",26501,34100,0.0419465555555556,0.000415078676276367,6,4,0,0,0,0,1,0,0,0,0,0,0.110501893699279,0.889498106300721,-7.66994457348647,0.0557253086419753,0.00246913580246914,0.00375630373725509
"1095",98,3410017505,190,8,0.0581944444444445,27.92,"MILLER GEN DRFT LNNR",25327,34100,0.0419465555555556,0.000315868440794409,6,4,0,0,0,0,1,0,0,0,0,0,0.112943377169279,0.887056622830721,-7.94033829529208,0.0557253086419753,0.00246913580246914,0.00279669732489925
"1106",98,3410017505,191,119,0.0443055555555556,5.32,"MILLER GEN DRFT LNNR",27322,34100,0.0419485,0.00435546446087402,6,4,0,0,0,0,1,0,0,0,0,0,0.170020651905694,0.829979348094306,-5.24996956402076,0.0442901234567901,1.54320987654291e-05,0.0256172671499336
"1117",98,3410017505,192,97,0.0443055555555556,5.32,"MILLER GEN DRFT LNNR",25371,34100,0.0419485,0.00382326278033976,6,4,0,0,0,0,1,0,0,0,0,0,0.157472767607061,0.842527232392939,-5.395301795984,0.0443055555555556,0,0.0242788822374665
"1128",98,3410017505,193,40,0.0581944444444445,27.92,"MILLER GEN DRFT LNNR",27618,34100,0.0419465555555556,0.00144833079875444,6,4,0,0,0,0,1,0,0,0,0,0,0.120045759348851,0.879954240651149,-6.40945818680941,0.0557253086419753,0.00246913580246914,0.0120648226693757
"1139",98,3410017505,194,33,0.0581944444444445,27.92,"MILLER GEN DRFT LNNR",26470,34100,0.0419465555555556,0.00124669437098602,6,4,0,0,0,0,1,0,0,0,0,0,0.175971942176195,0.824028057823805,-6.49370903485933,0.0557253086419753,0.00246913580246914,0.00708462017051416
"7",98,3410057306,91,87,0.0381597222222222,0.64,"MILLER LITE BEER",27452,34100,0.0379155,0.00316916800233134,6,4,0,0,0,0,0,1,0,0,0,0,0.160243720676529,0.839756279323471,-5.57964261246681,0.0381597222222222,0,0.0197771743501181
"18",98,3410057306,92,103,0.0381597222222222,0.64,"MILLER LITE BEER",28509,34100,0.0379155,0.00361289417376969,6,4,0,0,0,0,0,1,0,0,0,0,0.179048444747772,0.820951555252228,-5.42595493937816,0.0381597222222222,0,0.0201783052562072
"29",98,3410057306,93,98,0.0381597222222222,0.64,"MILLER LITE BEER",27892,34100,0.0379155,0.00351355227305321,6,4,0,0,0,0,0,1,0,0,0,0,0.163680188523833,0.836319811476167,-5.47238352023209,0.0381597222222222,0,0.0214659593487797
"40",98,3410057306,94,182,0.0329513888888889,15.06,"MILLER LITE BEER",30186,34100,0.0279889097222222,0.00602928509905254,6,4,0,0,0,0,0,1,0,0,0,0,0.171503153298151,0.828496846701849,-4.92298458448705,0.0330941358024691,-0.000142746913580245,0.0351555349455931
"51",98,3410057306,95,335,0.0329513888888889,15.06,"MILLER LITE BEER",27923,34100,0.0279889097222222,0.0119972782294166,6,4,0,0,0,0,0,1,0,0,0,0,0.295882349292852,0.704117650707148,-4.07226564983073,0.0329513888888889,0,0.0405474617127033
"62",98,3410057306,96,157,0.0354166666666667,7.05,"MILLER LITE BEER",27563,34100,0.0329197916666667,0.00569604179516018,6,4,0,0,0,0,0,1,0,0,0,0,0.228582258834122,0.771417741165878,-4.90845853245287,0.0357947530864198,-0.000378086419753086,0.024919002131717
"73",98,3410057306,97,95,0.0380902777777778,0.45,"MILLER LITE BEER",27377,34100,0.0379188715277778,0.00347006611389122,6,4,0,0,0,0,0,1,0,0,0,0,0.154077437754725,0.845922562245275,-5.49625417465584,0.0381481481481481,-5.78703703703679e-05,0.0225215720384395
"84",98,3410057306,98,159,0.0346875,9.3,"MILLER LITE BEER",29035,34100,0.0314615625,0.00547614947477183,6,4,0,0,0,0,0,1,0,0,0,0,0.161445559263888,0.838554440736112,-5.03127730209945,0.0346875,0,0.0339194803483005
"95",98,3410057306,99,132,0.0346875,9.3,"MILLER LITE BEER",29394,34100,0.0314615625,0.00449071239028373,6,4,0,0,0,0,0,1,0,0,0,0,0.142503970956944,0.857496029043056,-5.25200519747392,0.0346875,0,0.0315128930101222
"106",98,3410057306,100,120,0.0346875,9.3,"MILLER LITE BEER",28115,34100,0.0314615625,0.0042681842432865,6,4,0,0,0,0,0,1,0,0,0,0,0.152956618807566,0.847043381192434,-5.29056340976711,0.0347067901234568,-1.92901234567916e-05,0.0279045410166676
"117",98,3410057306,101,94,0.0381597222222222,0.63,"MILLER LITE BEER",26946,34100,0.0379193159722222,0.00348845839827804,6,4,0,0,0,0,0,1,0,0,0,0,0.144578047442924,0.855421952557077,-5.5021349400262,0.0381597222222222,0,0.0241285482822363
"128",98,3410057306,102,98,0.0381597222222222,0.63,"MILLER LITE BEER",28849,34100,0.0379193159722222,0.00339699816284793,6,4,0,0,0,0,0,1,0,0,0,0,0.147551396581725,0.852448603418275,-5.52522076973251,0.0381597222222222,0,0.0230224738060437
"139",98,3410057306,103,74,0.0381597222222222,0.63,"MILLER LITE BEER",27950,34100,0.0379193159722222,0.00264758497316637,6,4,0,0,0,0,0,1,0,0,0,0,0.171644858056582,0.828355141943418,-5.74579408421489,0.0381597222222222,0,0.0154247846579453
"150",98,3410057306,104,200,0.0339930555555556,11.54,"MILLER LITE BEER",27037,34100,0.0300702569444444,0.00739727040721974,6,4,0,0,0,0,0,1,0,0,0,0,0.235510838015903,0.764489161984097,-4.63809678038794,0.0339930555555556,0,0.0314094691757677
"161",98,3410057306,105,72,0.0339930555555556,11.54,"MILLER LITE BEER",29325,34100,0.0300702569444444,0.00245524296675192,6,4,0,0,0,0,0,1,0,0,0,0,0.134631013358941,0.865368986641059,-5.86493026564999,0.0339660493827161,2.70061728395027e-05,0.0182368304708958
"172",98,3410057306,106,81,0.0381597222222222,0.63,"MILLER LITE BEER",28468,34100,0.0379193159722222,0.00284529998594914,6,4,0,0,0,0,0,1,0,0,0,0,0.127541630663972,0.872458369336028,-5.72564643347476,0.0381597222222222,0,0.0223087941649854
"183",98,3410057306,107,63,0.0381597222222222,0.63,"MILLER LITE BEER",26328,34100,0.0379193159722222,0.00239288969917958,6,4,0,0,0,0,0,1,0,0,0,0,0.115288595803509,0.884711404196492,-5.91275978012315,0.0381597222222222,0,0.0207556496156644
"194",98,3410057306,108,73,0.0364236111111111,4.09,"MILLER LITE BEER",27855,34100,0.0349338854166667,0.00262071441392928,6,4,0,0,0,0,0,1,0,0,0,0,0.115815724839727,0.884184275160273,-5.82121853930174,0.0364236111111111,0,0.022628312498635
"205",98,3410057306,109,61,0.0364236111111111,4.09,"MILLER LITE BEER",27184,34100,0.0349338854166667,0.00224396703943496,6,4,0,0,0,0,0,1,0,0,0,0,0.124851125911501,0.875148874088499,-5.96614871445683,0.0364236111111111,0,0.0179731421967758
"216",98,3410057306,110,80,0.0381597222222222,0.63,"MILLER LITE BEER",30677,34100,0.0379193159722222,0.00260781693125143,6,4,0,0,0,0,0,1,0,0,0,0,0.106163466721612,0.893836533278388,-5.83700946324445,0.0381597222222222,0,0.0245641651670042
"227",98,3410057306,111,83,0.0381597222222222,0.63,"MILLER LITE BEER",30641,34100,0.0379193159722222,0.0027087888776476,6,4,0,0,0,0,0,1,0,0,0,0,0.122334316510869,0.877665683489131,-5.78076412422903,0.0381558641975309,3.85802469135554e-06,0.022142510416584
"238",98,3410057306,112,79,0.0364236111111111,4.09,"MILLER LITE BEER",26667,34100,0.0349338854166667,0.00296246296921288,6,4,0,0,0,0,0,1,0,0,0,0,0.139806261452893,0.860193738547107,-5.6711366347174,0.0364236111111111,0,0.0211897731791582
"249",98,3410057306,113,55,0.0364236111111111,4.09,"MILLER LITE BEER",28782,34100,0.0349338854166667,0.00191091654506289,6,4,0,0,0,0,0,1,0,0,0,0,0.111227244022762,0.888772755977238,-6.14225859178026,0.0364236111111111,0,0.0171802921294339
"260",98,3410057306,114,74,0.0381597222222222,0.63,"MILLER LITE BEER",27461,34100,0.0379193159722222,0.0026947307090055,6,4,0,0,0,0,0,1,0,0,0,0,0.112970228581518,0.887029771418482,-5.79658026899453,0.0381597222222222,0,0.0238534589408307
"271",98,3410057306,115,69,0.0381597222222222,0.63,"MILLER LITE BEER",35045,34100,0.0379193159722222,0.00196889713225852,6,4,0,0,0,0,0,1,0,0,0,0,0.088921270428748,0.911078729571252,-6.13715575992509,0.0381481481481481,1.15740740740736e-05,0.022142026567605
"282",98,3410057306,116,170,0.0364236111111111,4.09,"MILLER LITE BEER",24712,34100,0.0349338854166667,0.00687924894787957,6,4,0,0,0,0,0,1,0,0,0,0,0.219650333031936,0.780349666968064,-4.73123262878197,0.0364236111111111,0,0.0313190918170808
"293",98,3410057306,117,109,0.0364236111111111,4.09,"MILLER LITE BEER",28278,34100,0.0349338854166667,0.00385458660442747,6,4,0,0,0,0,0,1,0,0,0,0,0.139797429405902,0.860202570594098,-5.40790414365361,0.0364236111111111,0,0.0275726572427572
"304",98,3410057306,118,55,0.0381597222222222,0.63,"MILLER LITE BEER",28272,34100,0.0379193159722222,0.00194538766270515,6,4,0,0,0,0,0,1,0,0,0,0,0.102755175164284,0.897244824835716,-6.13386749254956,0.0381597222222222,0,0.0189322597094976
"315",98,3410057306,119,89,0.0381597222222222,0.63,"MILLER LITE BEER",30340,34100,0.0379193159722222,0.00293342122610415,6,4,0,0,0,0,0,1,0,0,0,0,0.108132090593923,0.891867909406077,-5.71714864217732,0.0381558641975309,3.85802469135554e-06,0.027128128291908
