Project/data - Copy.csv
"","store","upc","week","move","price","profit","descrip","custcoun","brand","wp","mks","csame","cdiff","Prod2","Prod3","Prod4","Prod5","Prod6","Prod7","Prod8","Prod9","Prod10","Prod11","summks","os","y","avg_price_product","pricediff_product","withingroupshare"
"326",98,3410057306,120,213,0.0364236111111111,4.09,"MILLER LITE BEER",27660,34100,0.0349338854166667,0.00770065075921909,6,4,0,0,0,0,0,1,0,0,0,0,0.206769712513018,0.793230287486982,-4.63480874036591,0.0364236111111111,0,0.0372426438361192
"337",98,3410057306,121,203,0.0364236111111111,4.09,"MILLER LITE BEER",27891,34100,0.0349338854166667,0.00727833351260263,6,4,0,0,0,0,0,1,0,0,0,0,0.17975591860958,0.82024408139042,-4.72470003329854,0.0364236111111111,0,0.0404900910573676
"348",98,3410057306,122,54,0.0416319444444444,6.39,"MILLER LITE BEER",25754,34100,0.0389716631944444,0.00209676166809039,6,4,0,0,0,0,0,1,0,0,0,0,0.0955079544492083,0.904492045550792,-6.06697941877863,0.0416203703703704,1.15740740740736e-05,0.0219537909714679
"359",98,3410057306,123,59,0.0416319444444444,1.33,"MILLER LITE BEER",28062,34100,0.0410782395833333,0.00210248734944052,6,4,0,0,0,0,0,1,0,0,0,0,0.095828232503149,0.904171767496851,-6.06389825470195,0.0416319444444444,0,0.0219401662174186
"370",98,3410057306,124,82,0.0381597222222222,7.64,"MILLER LITE BEER",28177,34100,0.0352443194444444,0.00291017496539731,6,4,0,0,0,0,0,1,0,0,0,0,0.11012200102275,0.88987799897725,-5.72287116858703,0.0381597222222222,0,0.0264268260508279
"381",98,3410057306,125,105,0.0381597222222222,7.64,"MILLER LITE BEER",25559,34100,0.0352443194444444,0.00410814194608553,6,4,0,0,0,0,0,1,0,0,0,0,0.151938721522505,0.848061278477495,-5.32998205049243,0.0381597222222222,0,0.0270381500181113
"392",98,3410057306,126,61,0.0416319444444444,1.33,"MILLER LITE BEER",25941,34100,0.0410782395833333,0.00235148991943256,6,4,0,0,0,0,0,1,0,0,0,0,0.0977251858019289,0.902274814198071,-5.94987001019255,0.0416319444444444,0,0.0240622711549364
"403",98,3410057306,127,60,0.0415625,1.16,"MILLER LITE BEER",28912,34100,0.041080375,0.00207526286662977,6,4,0,0,0,0,0,1,0,0,0,0,0.0778651447013141,0.922134855298686,-6.09660364837029,0.0416087962962963,-4.62962962962943e-05,0.0266520132286449
"414",98,3410057306,128,78,0.0381597222222222,7.64,"MILLER LITE BEER",25197,34100,0.0352443194444444,0.00309560661983569,6,4,0,0,0,0,0,1,0,0,0,0,0.116308209700146,0.883691790299854,-5.65412446145893,0.0381597222222222,0,0.0266155469834544
"425",98,3410057306,129,69,0.0381597222222222,7.64,"MILLER LITE BEER",25112,34100,0.0352443194444444,0.00274769034724435,6,4,0,0,0,0,0,1,0,0,0,0,0.119230853928716,0.880769146071284,-5.77003487029963,0.0381635802469136,-3.85802469135554e-06,0.0230451284772907
"436",98,3410057306,130,62,0.0416319444444444,1.33,"MILLER LITE BEER",27962,34100,0.0410782395833333,0.00221729490022173,6,4,0,0,0,0,0,1,0,0,0,0,0.110709567336545,0.889290432663455,-5.99413593859035,0.0416319444444444,0,0.0200280332907579
"447",98,3410057306,131,44,0.0416319444444444,3.04,"MILLER LITE BEER",27057,34100,0.0403663333333333,0.00162619654802824,6,4,0,0,0,0,0,1,0,0,0,0,0.113224222153805,0.886775777846195,-6.30134828119135,0.0416242283950617,7.71604938271803e-06,0.0143626206221068
"458",98,3410057306,132,63,0.0381597222222222,0.54,"MILLER LITE BEER",26221,34100,0.0379536597222222,0.00240265436100835,6,4,0,0,0,0,0,1,0,0,0,0,0.122438590667897,0.877561409332103,-5.90057282507831,0.0381597222222222,0,0.0196233421824115
"469",98,3410057306,133,75,0.0381597222222222,0.54,"MILLER LITE BEER",27724,34100,0.0379536597222222,0.00270523733948925,6,4,0,0,0,0,0,1,0,0,0,0,0.113110420383666,0.886889579616334,-5.79253083761231,0.0381597222222222,0,0.0239167826475509
"480",98,3410057306,134,49,0.0416319444444444,8.84,"MILLER LITE BEER",24855,34100,0.0379516805555556,0.00197143431905049,6,4,0,0,0,0,0,1,0,0,0,0,0.0919781128432479,0.908021887156752,-6.13250712454497,0.0416319444444444,0,0.0214337330709348
"491",98,3410057306,135,46,0.0416319444444444,8.84,"MILLER LITE BEER",29105,34100,0.0379516805555556,0.00158048445284315,6,4,0,0,0,0,0,1,0,0,0,0,0.087014757413691,0.912985242586309,-6.35898830104758,0.0416242283950617,7.71604938271803e-06,0.0181634069877264
"502",98,3410057306,136,68,0.0381597222222222,0.54,"MILLER LITE BEER",29272,34100,0.0379536597222222,0.00232303908171632,6,4,0,0,0,0,0,1,0,0,0,0,0.110040193489792,0.889959806510208,-5.9483000230227,0.0381597222222222,0,0.0211108233095919
"513",98,3410057306,137,109,0.0381597222222222,0.54,"MILLER LITE BEER",24381,34100,0.0379536597222222,0.00447069439317501,6,4,0,0,0,0,0,1,0,0,0,0,0.145163684101017,0.854836315898983,-5.25336626542617,0.0381597222222222,0,0.0307976090635997
"524",98,3410057306,138,57,0.0416319444444444,8.84,"MILLER LITE BEER",25399,34100,0.0379516805555556,0.00224418284184417,6,4,0,0,0,0,0,1,0,0,0,0,0.100017015288915,0.899982984711085,-5.9940343926052,0.0416319444444444,0,0.0224380105261238
"535",98,3410057306,139,77,0.0416319444444444,8.84,"MILLER LITE BEER",28639,34100,0.0379516805555556,0.00268864136317609,6,4,0,0,0,0,0,1,0,0,0,0,0.110086316138778,0.889913683861222,-5.80208847702536,0.0416319444444444,0,0.02442302965054
"546",98,3410057306,140,89,0.0416319444444444,8.84,"MILLER LITE BEER",31391,34100,0.0379516805555556,0.00283520754356344,6,4,0,0,0,0,0,1,0,0,0,0,0.142144028105693,0.857855971894307,-5.7123210783657,0.0416242283950617,7.71604938271803e-06,0.0199460194096603
"557",98,3410057306,141,134,0.0381597222222222,0.54,"MILLER LITE BEER",28176,34100,0.0379536597222222,0.00475582055650199,6,4,0,0,0,0,0,1,0,0,0,0,0.173554742568719,0.826445257431281,-5.15776443266751,0.0381597222222222,0,0.0274024235011551
"568",98,3410057306,142,178,0.0381597222222222,0.54,"MILLER LITE BEER",31550,34100,0.0379536597222222,0.0056418383518225,6,4,0,0,0,0,0,1,0,0,0,0,0.143746523370508,0.856253476629492,-5.02235648856055,0.0381404320987654,1.92901234567916e-05,0.0392485203783371
"579",98,3410057306,143,75,0.0416319444444444,8.84,"MILLER LITE BEER",26074,34100,0.0379516805555556,0.00287642862621769,6,4,0,0,0,0,0,1,0,0,0,0,0.126024557852781,0.873975442147219,-5.71650281273532,0.0416319444444444,0,0.0228243500729267
"590",98,3410057306,144,87,0.0416319444444444,8.84,"MILLER LITE BEER",27181,34100,0.0379516805555556,0.0032007652404253,6,4,0,0,0,0,0,1,0,0,0,0,0.145184687289837,0.854815312710163,-5.58749551822769,0.0416319444444444,0,0.0220461627198708
"601",98,3410057306,145,104,0.0416319444444444,8.84,"MILLER LITE BEER",28084,34100,0.0379516805555556,0.00370317618572853,6,4,0,0,0,0,0,1,0,0,0,0,0.148585327772893,0.851414672227107,-5.43770840631899,0.0410532407407407,0.000578703703703706,0.0249228927326438
"612",98,3410057306,146,77,0.0416319444444444,8.84,"MILLER LITE BEER",26806,34100,0.0379516805555556,0.00287249123330598,6,4,0,0,0,0,0,1,0,0,0,0,0.126219600037342,0.873780399962658,-5.71764940666346,0.040408950617284,0.00122299382716049,0.0227578857202538
"623",98,3410057306,147,139,0.0364236111111111,4.19,"MILLER LITE BEER",29036,34100,0.0348974618055556,0.00478716076594572,6,4,0,0,0,0,0,1,0,0,0,0,0.192816164893118,0.807183835106882,-5.12761394924733,0.0362345679012346,0.000189043209876547,0.0248275904076784
"634",98,3410057306,148,274,0.0364236111111111,4.19,"MILLER LITE BEER",26441,34100,0.0348974618055556,0.0103626943005181,6,4,0,0,0,0,0,1,0,0,0,0,0.285278675601689,0.714721324398311,-4.23368043999589,0.0362307098765432,0.000192901234567902,0.036324812146095
"645",98,3410057306,149,92,0.0416319444444444,8.84,"MILLER LITE BEER",26007,34100,0.0379516805555556,0.00353750913215673,6,4,0,0,0,0,0,1,0,0,0,0,0.12915125426408,0.87084874573592,-5.50604546140664,0.0410532407407407,0.000578703703703706,0.0273904357515836
"656",98,3410057306,150,108,0.0381597222222222,0.54,"MILLER LITE BEER",27564,34100,0.0379536597222222,0.00391815411406182,6,4,0,0,0,0,0,1,0,0,0,0,0.131905645146946,0.868094354853054,-5.40067975887102,0.0381597222222222,0,0.0297042185700005
"667",98,3410057306,151,105,0.0381597222222222,0.54,"MILLER LITE BEER",25180,34100,0.0379536597222222,0.00416997617156473,6,4,0,0,0,0,0,1,0,0,0,0,0.140298276539399,0.859701723460601,-5.32867517436034,0.0381597222222222,0,0.0297222195056238
"678",98,3410057306,152,100,0.0395138888888889,3.95,"MILLER LITE BEER",25724,34100,0.0379530902777778,0.00388742030788369,6,4,0,0,0,0,0,1,0,0,0,0,0.138258247844966,0.861741752155034,-5.40120985659425,0.0406404320987654,-0.00112654320987654,0.0281170951352052
"689",98,3410057306,153,93,0.0411805555555556,7.84,"MILLER LITE BEER",27180,34100,0.037952,0.00342163355408389,6,4,0,0,0,0,0,1,0,0,0,0,0.114528455740993,0.885471544259007,-5.55600223705212,0.0404668209876543,0.000713734567901234,0.0298758376854563
"700",98,3410057306,154,72,0.0416319444444444,8.84,"MILLER LITE BEER",25702,34100,0.0379516805555556,0.00280133841724379,6,4,0,0,0,0,0,1,0,0,0,0,0.119874901023928,0.880125098976072,-5.74996674616502,0.0408371913580247,0.000794753086419756,0.0233688486356676
"711",98,3410057306,155,99,0.0381597222222222,0.54,"MILLER LITE BEER",25715,34100,0.0379536597222222,0.00384989305852615,6,4,0,0,0,0,0,1,0,0,0,0,0.143169913889917,0.856830086110083,-5.4051942621169,0.037445987654321,0.000713734567901234,0.0268903776912678
"722",98,3410057306,156,183,0.0346875,9.4,"MILLER LITE BEER",26142,34100,0.031426875,0.00700022951572183,6,4,0,0,0,0,0,1,0,0,0,0,0.224777404249238,0.775222595750762,-4.70720727195899,0.0343016975308642,0.000385802469135804,0.0311429413428044
"733",98,3410057306,157,71,0.0416319444444444,8.84,"MILLER LITE BEER",24770,34100,0.0379516805555556,0.0028663706096084,6,4,0,0,0,0,0,1,0,0,0,0,0.107849181402936,0.892150818597064,-5.74058856389239,0.0397337962962963,0.00189814814814815,0.0265775833652304
"744",98,3410057306,158,57,0.0416319444444444,8.84,"MILLER LITE BEER",26237,34100,0.0379516805555556,0.00217250447840835,6,4,0,0,0,0,0,1,0,0,0,0,0.0920496658476804,0.90795033415232,-6.03530903947212,0.0401118827160494,0.00152006172839506,0.0236014379672308
"755",98,3410057306,159,76,0.0381597222222222,0.54,"MILLER LITE BEER",27115,34100,0.0379536597222222,0.00280287663654804,6,4,0,0,0,0,0,1,0,0,0,0,0.108752993338645,0.891247006661355,-5.76197535314482,0.0378009259259259,0.000358796296296295,0.0257728688701025
"766",98,3410057306,160,57,0.0381597222222222,0.54,"MILLER LITE BEER",27107,34100,0.0379536597222222,0.00210277788025233,6,4,0,0,0,0,0,1,0,0,0,0,0.101066937940195,0.898933062059805,-6.05794930275877,0.0377739197530864,0.000385802469135804,0.0208057938937125
"777",98,3410057306,161,39,0.0416319444444444,8.84,"MILLER LITE BEER",26231,34100,0.0379516805555556,0.00148679043879379,6,4,0,0,0,0,0,1,0,0,0,0,0.0990504013030653,0.900949598696935,-6.40682958805819,0.0408603395061728,0.000771604938271601,0.0150104433625125
"788",98,3410057306,162,53,0.0416319444444444,8.84,"MILLER LITE BEER",29514,34100,0.0379516805555556,0.00179575794538185,6,4,0,0,0,0,0,1,0,0,0,0,0.0964092472177752,0.903590752782225,-6.22094936427921,0.0409837962962963,0.000648148148148148,0.0186264077067782
"799",98,3410057306,163,60,0.0381597222222222,0.54,"MILLER LITE BEER",27508,34100,0.0379536597222222,0.00218118365566381,6,4,0,0,0,0,0,1,0,0,0,0,0.125937996726062,0.874062003273938,-5.99328362433579,0.0381597222222222,0,0.0173195041398687
"810",98,3410057306,164,87,0.0381597222222222,0.54,"MILLER LITE BEER",26185,34100,0.0379536597222222,0.00332251288905862,6,4,0,0,0,0,0,1,0,0,0,0,0.126492648439199,0.873507351560801,-5.57179515482713,0.0381597222222222,0,0.0262664505017116
"821",98,3410057306,165,38,0.0416319444444444,8.84,"MILLER LITE BEER",25531,34100,0.0379516805555556,0.00148838666718891,6,4,0,0,0,0,0,1,0,0,0,0,0.0948876284630554,0.905112371536945,-6.41036634380021,0.0416242283950617,7.71604938271803e-06,0.0156857821330039
"832",98,3410057306,166,45,0.0416319444444444,8.84,"MILLER LITE BEER",25241,34100,0.0379516805555556,0.0017828136761618,6,4,0,0,0,0,0,1,0,0,0,0,0.106135561638203,0.893864438361797,-6.21736129550291,0.0416203703703704,1.15740740740736e-05,0.0167975148823265
"843",98,3410057306,167,105,0.0381597222222222,0.54,"MILLER LITE BEER",31809,34100,0.0379536597222222,0.00330095256059606,6,4,0,0,0,0,0,1,0,0,0,0,0.133840081904626,0.866159918095374,-5.56985847289627,0.0381597222222222,0,0.0246634081033236
"854",98,3410057306,168,85,0.0381597222222222,0.54,"MILLER LITE BEER",23208,34100,0.0379536597222222,0.0036625301620131,6,4,0,0,0,0,0,1,0,0,0,0,0.13128591619262,0.86871408380738,-5.46885984397317,0.0381674382716049,-7.71604938271803e-06,0.027897357677266
"865",98,3410057306,169,41,0.0416319444444444,8.84,"MILLER LITE BEER",26034,34100,0.0379516805555556,0.00157486363985557,6,4,0,0,0,0,0,1,0,0,0,0,0.0771881765067679,0.922811823493232,-6.3732566481856,0.0416319444444444,0,0.0204029128699198
"876",98,3410057306,170,64,0.0416319444444444,8.84,"MILLER LITE BEER",25525,34100,0.0379516805555556,0.00250734573947111,6,4,0,0,0,0,0,1,0,0,0,0,0.0888341826882022,0.911165817311798,-5.89550017819565,0.0416319444444444,0,0.0282250105038013
"887",98,3410057306,171,108,0.0381597222222222,0.54,"MILLER LITE BEER",31750,34100,0.0379536597222222,0.00340157480314961,6,4,0,0,0,0,0,1,0,0,0,0,0.120561252067731,0.879438747932269,-5.55504541577384,0.0381597222222222,0,0.0282144946639954
"898",98,3410057306,172,103,0.0381597222222222,0.54,"MILLER LITE BEER",22874,34100,0.0379536597222222,0.00450292908979628,6,4,0,0,0,0,0,1,0,0,0,0,0.151211757533219,0.848788242466781,-5.23908164138551,0.0381597222222222,0,0.0297789613933099
"909",98,3410057306,173,97,0.0381597222222222,0.54,"MILLER LITE BEER",24273,34100,0.0379536597222222,0.00399620978041445,6,4,0,0,0,0,0,1,0,0,0,0,0.146965939142058,0.853034060857942,-5.36345312035072,0.0381597222222222,0,0.027191400971838
"920",98,3410057306,174,60,0.0414930555555556,8.53,"MILLER LITE BEER",25328,34100,0.0379536979166667,0.0023689197725837,6,4,0,0,0,0,0,1,0,0,0,0,0.0906806562758987,0.909319343724101,-5.95026228662583,0.041616512345679,-0.000123456790123461,0.0261237607872642
"931",98,3410057306,175,41,0.0416319444444444,8.84,"MILLER LITE BEER",24392,34100,0.0379516805555556,0.00168087897671368,6,4,0,0,0,0,0,1,0,0,0,0,0.100080111497559,0.899919888502441,-6.28298888956902,0.0416319444444444,0,0.0167953347729301
"942",98,3410057306,176,51,0.0381597222222222,0.54,"MILLER LITE BEER",26363,34100,0.0379536597222222,0.00193452945415924,6,4,0,0,0,0,0,1,0,0,0,0,0.115483424007604,0.884516575992396,-6.12517713318248,0.0381597222222222,0,0.0167515768672728
"953",98,3410057306,177,110,0.0381597222222222,0.54,"MILLER LITE BEER",24619,34100,0.0379536597222222,0.00446809374873065,6,4,0,0,0,0,0,1,0,0,0,0,0.144873598315741,0.855126401684259,-5.25428743299171,0.0381635802469136,-3.85802469135554e-06,0.0308413251322217
"964",98,3410057306,178,40,0.0416319444444444,8.84,"MILLER LITE BEER",24596,34100,0.0379516805555556,0.00162628069604814,6,4,0,0,0,0,0,1,0,0,0,0,0.0835025711701047,0.916497428829895,-6.33426363583019,0.0416319444444444,0,0.0194758158133264
"975",98,3410057306,179,59,0.0416319444444444,8.84,"MILLER LITE BEER",27053,34100,0.0379516805555556,0.00218090415111078,6,4,0,0,0,0,0,1,0,0,0,0,0.0838380876956477,0.916161912304352,-6.0404535701788,0.0416319444444444,0,0.0260132859784205
"986",98,3410057306,180,65,0.0381597222222222,0.54,"MILLER LITE BEER",23136,34100,0.0379536597222222,0.00280947441217151,6,4,0,0,0,0,0,1,0,0,0,0,0.110438192882818,0.889561807117182,-5.75773156600835,0.0381597222222222,0,0.025439337052106
"997",98,3410057306,181,66,0.0381597222222222,0.54,"MILLER LITE BEER",27525,34100,0.0379536597222222,0.00239782016348774,6,4,0,0,0,0,0,1,0,0,0,0,0.0874874669124413,0.912512533087559,-5.94164176083512,0.0381597222222222,0,0.0274075847445385
"1008",98,3410057306,182,43,0.0416319444444444,8.84,"MILLER LITE BEER",25302,34100,0.0379516805555556,0.00169947039759703,6,4,0,0,0,0,0,1,0,0,0,0,0.105970211977017,0.894029788022983,-6.26542242285356,0.0416242283950617,7.71604938271803e-06,0.0160372463722694
"1019",98,3410057306,183,55,0.0381597222222222,0.54,"MILLER LITE BEER",25223,34100,0.0379536597222222,0.00218054949847362,6,4,0,0,0,0,0,1,0,0,0,0,0.123718013410591,0.876281986589409,-5.99611103307789,0.0381597222222222,0,0.0176251577143975
"1030",98,3410057306,184,56,0.0381597222222222,0.54,"MILLER LITE BEER",25577,34100,0.0379536597222222,0.00218946709934707,6,4,0,0,0,0,0,1,0,0,0,0,0.0964007860886125,0.903599213911388,-6.02272773405498,0.0381597222222222,0,0.022712129103745
"1041",98,3410057306,185,45,0.0416319444444444,8.84,"MILLER LITE BEER",26353,34100,0.0379516805555556,0.00170758547413957,6,4,0,0,0,0,0,1,0,0,0,0,0.0831524555903188,0.916847544409681,-6.28586083443026,0.0416319444444444,0,0.0205355988830037
"1052",98,3410057306,186,40,0.0416319444444444,8.84,"MILLER LITE BEER",25851,34100,0.0379516805555556,0.0015473289234459,6,4,0,0,0,0,0,1,0,0,0,0,0.0880884434683574,0.911911556531643,-6.37901283869628,0.041616512345679,1.54320987654291e-05,0.0175656290714425
"1063",98,3410057306,187,81,0.0381597222222222,0.54,"MILLER LITE BEER",26461,34100,0.0379536597222222,0.00306110880163259,6,4,0,0,0,0,0,1,0,0,0,0,0.122104872446396,0.877895127553604,-5.65874993799644,0.0381597222222222,0,0.0250695057478269
"1074",98,3410057306,188,49,0.0381597222222222,0.54,"MILLER LITE BEER",24725,34100,0.0379536597222222,0.00198179979777553,6,4,0,0,0,0,0,1,0,0,0,0,0.0915860700243336,0.908413929975666,-6.12769472413953,0.0381597222222222,0,0.0216386596482302
"1085",98,3410057306,189,54,0.0416319444444444,8.84,"MILLER LITE BEER",26501,34100,0.0379516805555556,0.0020376589562658,6,4,0,0,0,0,0,1,0,0,0,0,0.110501893699279,0.889498106300721,-6.07885579972057,0.0416319444444444,0,0.0184400365283432
"1096",98,3410057306,190,46,0.0416319444444444,8.84,"MILLER LITE BEER",25327,34100,0.0379516805555556,0.00181624353456785,6,4,0,0,0,0,0,1,0,0,0,0,0.112943377169279,0.887056622830721,-6.19113844048282,0.0416242283950617,7.71604938271803e-06,0.0160810096181707
"1107",98,3410057306,191,106,0.0381597222222222,0.54,"MILLER LITE BEER",27322,34100,0.0379536597222222,0.0038796574189298,6,4,0,0,0,0,0,1,0,0,0,0,0.170020651905694,0.829979348094306,-5.36565396302023,0.0381597222222222,0,0.0228187421671677
"1118",98,3410057306,192,60,0.0381597222222222,0.54,"MILLER LITE BEER",25371,34100,0.0379536597222222,0.00236490481258129,6,4,0,0,0,0,0,1,0,0,0,0,0.157472767607061,0.842527232392939,-5.87566821226529,0.0381597222222222,0,0.0150178653015257
"1129",98,3410057306,193,66,0.0393402777777778,3.53,"MILLER LITE BEER",27618,34100,0.0379515659722222,0.00238974581794482,6,4,0,0,0,0,0,1,0,0,0,0,0.120045759348851,0.879954240651149,-5.90868289889692,0.038966049382716,0.000374228395061731,0.0199069574044699
"1140",98,3410057306,194,142,0.0364236111111111,-4.19,"MILLER LITE BEER",26470,34100,0.0379497604166667,0.00536456365697015,6,4,0,0,0,0,0,1,0,0,0,0,0.175971942176195,0.824028057823805,-5.03438953872455,0.0364236111111111,0,0.0304853352791821
