Project/data - Copy.csv
"","store","upc","week","move","price","profit","descrip","custcoun","brand","wp","mks","csame","cdiff","Prod2","Prod3","Prod4","Prod5","Prod6","Prod7","Prod8","Prod9","Prod10","Prod11","summks","os","y","avg_price_product","pricediff_product","withingroupshare"
"8",98,3410057528,91,22,0.0471527777777778,16.27,"MILLER LITE BEER N.R",27452,34100,0.0394810208333333,0.000801398805187236,6,4,0,0,0,0,0,0,1,0,0,0,0.160243720676529,0.839756279323471,-6.95450827776308,0.0471527777777778,0,0.00500112454830572
"19",98,3410057528,92,18,0.0471527777777778,16.27,"MILLER LITE BEER N.R",28509,34100,0.0394810208333333,0.000631379564348101,6,4,0,0,0,0,0,0,1,0,0,0,0.179048444747772,0.820951555252228,-7.17031216971163,0.0471527777777778,0,0.00352630577292942
"30",98,3410057528,93,28,0.0471527777777778,16.27,"MILLER LITE BEER N.R",27892,34100,0.0394810208333333,0.0010038720780152,6,4,0,0,0,0,0,0,1,0,0,0,0.163680188523833,0.836319811476167,-6.72514648872745,0.0471527777777778,0,0.00613313124250849
"41",98,3410057528,94,23,0.0471527777777778,16.27,"MILLER LITE BEER N.R",30186,34100,0.0394810208333333,0.000761942622407739,6,4,0,0,0,0,0,0,1,0,0,0,0.171503153298151,0.828496846701849,-6.99149705563469,0.0471527777777778,0,0.00444273243817935
"52",98,3410057528,95,13,0.0471527777777778,16.27,"MILLER LITE BEER N.R",27923,34100,0.0394810208333333,0.000465566020843033,6,4,0,0,0,0,0,0,1,0,0,0,0.295882349292852,0.704117650707148,-7.32144682419426,0.0471527777777778,0,0.00157348358885117
"63",98,3410057528,96,23,0.0471527777777778,16.27,"MILLER LITE BEER N.R",27563,34100,0.0394810208333333,0.000834451982730472,6,4,0,0,0,0,0,0,1,0,0,0,0.228582258834122,0.771417741165878,-6.82921012187203,0.0471527777777778,0,0.00365055445241714
"74",98,3410057528,97,20,0.0471527777777778,16.27,"MILLER LITE BEER N.R",27377,34100,0.0394810208333333,0.000730540234503415,6,4,0,0,0,0,0,0,1,0,0,0,0.154077437754725,0.845922562245275,-7.05439879270239,0.0471527777777778,0,0.0047413835870399
"85",98,3410057528,98,27,0.0471527777777778,16.27,"MILLER LITE BEER N.R",29035,34100,0.0394810208333333,0.000929912174961254,6,4,0,0,0,0,0,0,1,0,0,0,0.161445559263888,0.838554440736112,-6.80434463831535,0.0471527777777778,0,0.00575991175725857
"96",98,3410057528,99,11,0.0471527777777778,16.27,"MILLER LITE BEER N.R",29394,34100,0.0394810208333333,0.000374226032523644,6,4,0,0,0,0,0,0,1,0,0,0,0.142503970956944,0.857496029043056,-7.73691184726192,0.0471527777777778,0,0.00262607441751018
"107",98,3410057528,100,26,0.0471527777777778,16.27,"MILLER LITE BEER N.R",28115,34100,0.0394810208333333,0.000924773252712075,6,4,0,0,0,0,0,0,1,0,0,0,0.152956618807566,0.847043381192434,-6.81995861452767,0.0471527777777778,0,0.00604598388694464
"118",98,3410057528,101,19,0.0471527777777778,16.27,"MILLER LITE BEER N.R",26946,34100,0.0394810208333333,0.000705113931566837,6,4,0,0,0,0,0,0,1,0,0,0,0.144578047442924,0.855421952557077,-7.10099074312976,0.0471527777777778,0,0.00487704699321799
"129",98,3410057528,102,19,0.0471527777777778,16.27,"MILLER LITE BEER N.R",28849,34100,0.0394810208333333,0.000658601684633783,6,4,0,0,0,0,0,0,1,0,0,0,0.147551396581725,0.852448603418275,-7.16574926923664,0.0471527777777778,0,0.00446354083994725
"140",98,3410057528,103,17,0.0471527777777778,16.27,"MILLER LITE BEER N.R",27950,34100,0.0394810208333333,0.000608228980322004,6,4,0,0,0,0,0,0,1,0,0,0,0.171644858056582,0.828355141943418,-7.21664583336284,0.0471527777777778,0,0.00354353161060905
"151",98,3410057528,104,21,0.0471527777777778,16.27,"MILLER LITE BEER N.R",27037,34100,0.0394810208333333,0.000776713392758072,6,4,0,0,0,0,0,0,1,0,0,0,0.235510838015903,0.764489161984097,-6.89189170921255,0.0471527777777778,0,0.00329799426345561
"162",98,3410057528,105,15,0.0471527777777778,16.27,"MILLER LITE BEER N.R",29325,34100,0.0394810208333333,0.00051150895140665,6,4,0,0,0,0,0,0,1,0,0,0,0.134631013358941,0.865368986641059,-7.43354618356383,0.0471527777777778,0,0.00379933968143664
"173",98,3410057528,106,12,0.0471527777777778,16.27,"MILLER LITE BEER N.R",28468,34100,0.0394810208333333,0.000421525923844316,6,4,0,0,0,0,0,0,1,0,0,0,0.127541630663972,0.872458369336028,-7.6351889383592,0.0471527777777778,0,0.0033050065429608
"184",98,3410057528,107,18,0.0471527777777778,16.27,"MILLER LITE BEER N.R",26328,34100,0.0394810208333333,0.000683682771194166,6,4,0,0,0,0,0,0,1,0,0,0,0.115288595803509,0.884711404196492,-7.16552274861851,0.0471527777777778,0,0.00593018560447555
"195",98,3410057528,108,12,0.0471527777777778,16.27,"MILLER LITE BEER N.R",27855,34100,0.0394810208333333,0.000430802369413032,6,4,0,0,0,0,0,0,1,0,0,0,0.115815724839727,0.884184275160273,-7.62677133066213,0.0471527777777778,0,0.00371972260251535
"206",98,3410057528,109,17,0.0471527777777778,16.27,"MILLER LITE BEER N.R",27184,34100,0.0394810208333333,0.000625367863449088,6,4,0,0,0,0,0,0,1,0,0,0,0.124851125911501,0.875148874088499,-7.24380923457392,0.0471527777777778,0,0.00500890848106865
"217",98,3410057528,110,21,0.0471527777777778,16.27,"MILLER LITE BEER N.R",30677,34100,0.0394810208333333,0.000684551944453499,6,4,0,0,0,0,0,0,1,0,0,0,0.106163466721612,0.893836533278388,-7.17451366019491,0.0471527777777778,0,0.00644809335633861
"228",98,3410057528,111,9,0.0471527777777778,16.27,"MILLER LITE BEER N.R",30641,34100,0.0394810208333333,0.000293724095166607,6,4,0,0,0,0,0,0,1,0,0,0,0.122334316510869,0.877665683489131,-8.00238015468941,0.0471527777777778,0,0.00240099510541273
"239",98,3410057528,112,12,0.0471527777777778,16.27,"MILLER LITE BEER N.R",26667,34100,0.0394810208333333,0.000449994375070312,6,4,0,0,0,0,0,0,1,0,0,0,0.139806261452893,0.860193738547107,-7.55567783739642,0.0471527777777778,0,0.00321869972341643
"250",98,3410057528,113,10,0.0471527777777778,16.27,"MILLER LITE BEER N.R",28782,34100,0.0394810208333333,0.000347439371829616,6,4,0,0,0,0,0,0,1,0,0,0,0.111227244022762,0.888772755977238,-7.84700668401869,0.0471527777777778,0,0.00312368947807889
"261",98,3410057528,114,35,0.038125,3.55,"MILLER LITE BEER N.R",27461,34100,0.0367715625,0.0012745347947999,6,4,0,0,0,0,0,0,1,0,0,0,0.112970228581518,0.887029771418482,-6.54529730070928,0.038125,0,0.0112820413909334
"272",98,3410057528,115,33,0.038125,3.55,"MILLER LITE BEER N.R",35045,34100,0.0367715625,0.000941646454558425,6,4,0,0,0,0,0,0,1,0,0,0,0.088921270428748,0.911078729571252,-6.87475470305587,0.038125,0,0.0105896648801589
"283",98,3410057528,116,11,0.0471527777777778,16.27,"MILLER LITE BEER N.R",24712,34100,0.0394810208333333,0.00044512787309809,6,4,0,0,0,0,0,0,1,0,0,0,0.219650333031936,0.780349666968064,-7.46913579303386,0.0471527777777778,0,0.00202652947051699
"294",98,3410057528,117,16,0.0471527777777778,16.27,"MILLER LITE BEER N.R",28278,34100,0.0394810208333333,0.000565810877714124,6,4,0,0,0,0,0,0,1,0,0,0,0.139797429405902,0.860202570594098,-7.32666330364297,0.0471527777777778,0,0.00404736253104692
"305",98,3410057528,118,12,0.0471527777777778,16.27,"MILLER LITE BEER N.R",28272,34100,0.0394810208333333,0.000424448217317487,6,4,0,0,0,0,0,0,1,0,0,0,0.102755175164284,0.897244824835716,-7.65629402799403,0.0471527777777778,0,0.00413067484570857
"316",98,3410057528,119,13,0.0471527777777778,16.27,"MILLER LITE BEER N.R",30340,34100,0.0394810208333333,0.00042847725774555,6,4,0,0,0,0,0,0,1,0,0,0,0.108132090593923,0.891867909406077,-7.64083565444792,0.0471527777777778,0,0.00396253559320004
"327",98,3410057528,120,24,0.0471527777777778,16.27,"MILLER LITE BEER N.R",27660,34100,0.0394810208333333,0.000867678958785249,6,4,0,0,0,0,0,0,1,0,0,0,0.206769712513018,0.793230287486982,-6.81804707572739,0.0471527777777778,0,0.00419635423505568
"338",98,3410057528,121,19,0.0471527777777778,16.27,"MILLER LITE BEER N.R",27891,34100,0.0394810208333333,0.000681223333691872,6,4,0,0,0,0,0,0,1,0,0,0,0.17975591860958,0.82024408139042,-7.09346703317389,0.0471527777777778,0,0.0037897129561083
"349",98,3410057528,122,19,0.0481944444444444,17.21,"MILLER LITE BEER N.R",25754,34100,0.0399001805555556,0.000737749475809583,6,4,0,0,0,0,0,0,1,0,0,0,0.0955079544492083,0.904492045550792,-7.11152448617646,0.0483410493827161,-0.000146604938271601,0.00772448200847944
"360",98,3410057528,123,15,0.0513194444444444,19.95,"MILLER LITE BEER N.R",28062,34100,0.0410812152777778,0.00053453068206115,6,4,0,0,0,0,0,0,1,0,0,0,0.095828232503149,0.904171767496851,-7.43338549750546,0.0513194444444444,0,0.00557800836036066
"371",98,3410057528,124,8,0.0513194444444444,19.95,"MILLER LITE BEER N.R",28177,34100,0.0410812152777778,0.00028391950881925,6,4,0,0,0,0,0,0,1,0,0,0,0.11012200102275,0.88987799897725,-8.05014887417145,0.0513194444444444,0,0.00257822693178809
"382",98,3410057528,125,11,0.0513194444444444,19.95,"MILLER LITE BEER N.R",25559,34100,0.0410812152777778,0.000430376775304198,6,4,0,0,0,0,0,0,1,0,0,0,0.151938721522505,0.848061278477495,-7.58604712785158,0.0513194444444444,0,0.00283256809713547
"393",98,3410057528,126,10,0.0513194444444444,19.95,"MILLER LITE BEER N.R",25941,34100,0.0410812152777778,0.000385490150726649,6,4,0,0,0,0,0,0,1,0,0,0,0.0977251858019289,0.902274814198071,-7.75815878137182,0.0513194444444444,0,0.00394463461556335
"404",98,3410057528,127,4,0.0509722222222222,19.41,"MILLER LITE BEER N.R",28912,34100,0.0410785138888889,0.000138350857775318,6,4,0,0,0,0,0,0,1,0,0,0,0.0778651447013141,0.922134855298686,-8.8046538494725,0.0512191358024691,-0.000246913580246914,0.00177680088190966
"415",98,3410057528,128,15,0.050625,18.86,"MILLER LITE BEER N.R",25197,34100,0.041077125,0.000595308965353018,6,4,0,0,0,0,0,0,1,0,0,0,0.116308209700146,0.883691790299854,-7.30278308704632,0.0505478395061728,7.71604938271594e-05,0.00511837441989507
"426",98,3410057528,129,34,0.0415972222222222,1.25,"MILLER LITE BEER N.R",25112,34100,0.0410772569444444,0.00135393437400446,6,4,0,0,0,0,0,0,1,0,0,0,0.119230853928716,0.880769146071284,-6.47778085028073,0.0415972222222222,0,0.0113555705540273
"437",98,3410057528,130,26,0.0415972222222222,1.25,"MILLER LITE BEER N.R",27962,34100,0.0410772569444444,0.000929833345254274,6,4,0,0,0,0,0,0,1,0,0,0,0.110709567336545,0.889290432663455,-6.86317378561396,0.0415972222222222,0,0.00839885267031782
"448",98,3410057528,131,11,0.050625,18.86,"MILLER LITE BEER N.R",27057,34100,0.041077125,0.000406549137007059,6,4,0,0,0,0,0,0,1,0,0,0,0.113224222153805,0.886775777846195,-7.68764264231124,0.0496219135802469,0.00100308641975309,0.00359065515552669
"459",98,3410057528,132,21,0.050625,18.86,"MILLER LITE BEER N.R",26221,34100,0.041077125,0.000800884787002784,6,4,0,0,0,0,0,0,1,0,0,0,0.122438590667897,0.877561409332103,-6.99918511374642,0.0496296296296296,0.000995370370370369,0.00654111406080382
"470",98,3410057528,133,11,0.050625,18.86,"MILLER LITE BEER N.R",27724,34100,0.041077125,0.00039676814312509,6,4,0,0,0,0,0,0,1,0,0,0,0.113110420383666,0.886889579616334,-7.71212367835025,0.050462962962963,0.000162037037037037,0.00350779478830747
"481",98,3410057528,134,14,0.050625,18.86,"MILLER LITE BEER N.R",24855,34100,0.041077125,0.000563266948300141,6,4,0,0,0,0,0,0,1,0,0,0,0.0919781128432479,0.908021887156752,-7.38527009304034,0.050625,0,0.00612392373455279
"492",98,3410057528,135,17,0.050625,18.86,"MILLER LITE BEER N.R",29105,34100,0.041077125,0.000584092080398557,6,4,0,0,0,0,0,0,1,0,0,0,0.087014757413691,0.912985242586309,-7.35441635348046,0.050625,0,0.00671256345198585
"503",98,3410057528,136,37,0.0415972222222222,1.25,"MILLER LITE BEER N.R",29272,34100,0.0410772569444444,0.00126400655916917,6,4,0,0,0,0,0,0,1,0,0,0,0.110040193489792,0.889959806510208,-6.55688981555458,0.0415972222222222,0,0.0114867715066897
"514",98,3410057528,137,41,0.0415972222222222,1.25,"MILLER LITE BEER N.R",24381,34100,0.0410772569444444,0.00168163734055207,6,4,0,0,0,0,0,0,1,0,0,0,0.145163684101017,0.854836315898983,-6.231142080951,0.0416126543209877,-1.54320987654291e-05,0.0115844217578678
"525",98,3410057528,138,9,0.050625,18.86,"MILLER LITE BEER N.R",25399,34100,0.041077125,0.000354344659238553,6,4,0,0,0,0,0,0,1,0,0,0,0.100017015288915,0.899982984711085,-7.83986108310353,0.050625,0,0.00354284376728271
"536",98,3410057528,139,19,0.050625,18.86,"MILLER LITE BEER N.R",28639,34100,0.041077125,0.000663430985718775,6,4,0,0,0,0,0,0,1,0,0,0,0.110086316138778,0.889913683861222,-7.2014549197126,0.050625,0,0.00602646186182157
"547",98,3410057528,140,20,0.050625,18.86,"MILLER LITE BEER N.R",31391,34100,0.041077125,0.000637125290688414,6,4,0,0,0,0,0,0,1,0,0,0,0.142144028105693,0.857855971894307,-7.20522517454385,0.050625,0,0.00448225155273265
"558",98,3410057528,141,15,0.050625,18.86,"MILLER LITE BEER N.R",28176,34100,0.041077125,0.00053236797274276,6,4,0,0,0,0,0,0,1,0,0,0,0.173554742568719,0.826445257431281,-7.34755403151621,0.050625,0,0.00306743546654722
"569",98,3410057528,142,27,0.050625,18.86,"MILLER LITE BEER N.R",31550,34100,0.041077125,0.000855784469096672,6,4,0,0,0,0,0,0,1,0,0,0,0.143746523370508,0.856253476629492,-6.9083031728483,0.050625,0,0.00595342724839945
"580",98,3410057528,143,12,0.050625,18.86,"MILLER LITE BEER N.R",26074,34100,0.041077125,0.00046022858019483,6,4,0,0,0,0,0,0,1,0,0,0,0.126024557852781,0.873975442147219,-7.54908427648363,0.050625,0,0.00365189601166828
"591",98,3410057528,144,46,0.0415972222222222,1.25,"MILLER LITE BEER N.R",27181,34100,0.0410772569444444,0.00169235863286855,6,4,0,0,0,0,0,0,1,0,0,0,0.145184687289837,0.854815312710163,-6.22476224039318,0.0415972222222222,0,0.0116565917829202
"602",98,3410057528,145,24,0.0415972222222222,1.25,"MILLER LITE BEER N.R",28084,34100,0.0410772569444444,0.000854579119783507,6,4,0,0,0,0,0,0,1,0,0,0,0.148585327772893,0.851414672227107,-6.90404547511241,0.0415972222222222,0,0.00575143678445626
"613",98,3410057528,146,26,0.050625,18.86,"MILLER LITE BEER N.R",26806,34100,0.041077125,0.000969932104752667,6,4,0,0,0,0,0,0,1,0,0,0,0.126219600037342,0.873780399962658,-6.80335829049566,0.0496219135802469,0.00100308641975309,0.00768448089255322
"624",98,3410057528,147,10,0.050625,18.86,"MILLER LITE BEER N.R",29036,34100,0.041077125,0.000344400055104009,6,4,0,0,0,0,0,0,1,0,0,0,0.192816164893118,0.807183835106882,-7.75950278938398,0.050625,0,0.00178615758328622
"635",98,3410057528,148,29,0.050625,18.86,"MILLER LITE BEER N.R",26441,34100,0.041077125,0.00109678151355849,6,4,0,0,0,0,0,0,1,0,0,0,0.285278675601689,0.714721324398311,-6.47951271639748,0.050625,0,0.00384459690597356
"646",98,3410057528,149,27,0.050625,18.86,"MILLER LITE BEER N.R",26007,34100,0.041077125,0.00103818202791556,6,4,0,0,0,0,0,0,1,0,0,0,0.12915125426408,0.87084874573592,-6.73199717245136,0.050625,0,0.00803849744883432
"657",98,3410057528,150,29,0.0513194444444444,19.95,"MILLER LITE BEER N.R",27564,34100,0.0410812152777778,0.00105209693803512,6,4,0,0,0,0,0,0,1,0,0,0,0.131905645146946,0.868094354853054,-6.71551515600877,0.0513194444444444,0,0.0079761327641668
"668",98,3410057528,151,15,0.0513194444444444,19.95,"MILLER LITE BEER N.R",25180,34100,0.0410812152777778,0.000595710881652105,6,4,0,0,0,0,0,0,1,0,0,0,0.140298276539399,0.859701723460601,-7.27458532341566,0.0513194444444444,0,0.00424603135794625
"679",98,3410057528,152,94,0.038125,7.74,"MILLER LITE BEER N.R",25724,34100,0.035174125,0.00365417508941067,6,4,0,0,0,0,0,0,1,0,0,0,0.138258247844966,0.861741752155034,-5.46308526031234,0.038125,0,0.0264300694270929
"690",98,3410057528,153,83,0.038125,7.74,"MILLER LITE BEER N.R",27180,34100,0.035174125,0.00305371596762325,6,4,0,0,0,0,0,0,1,0,0,0,0.114528455740993,0.885471544259007,-5.66976112240878,0.038125,0,0.0266633820203535
"701",98,3410057528,154,41,0.0513194444444444,19.95,"MILLER LITE BEER N.R",25702,34100,0.0410812152777778,0.00159520659870827,6,4,0,0,0,0,0,0,1,0,0,0,0.119874901023928,0.880125098976072,-6.31306079847677,0.0513194444444444,0,0.013307261028644
"712",98,3410057528,155,25,0.0513194444444444,19.95,"MILLER LITE BEER N.R",25715,34100,0.0410812152777778,0.000972195216799533,6,4,0,0,0,0,0,0,1,0,0,0,0.143169913889917,0.856830086110083,-6.78143828738328,0.0513194444444444,0,0.00679049941698682
"723",98,3410057528,156,23,0.0513194444444444,19.95,"MILLER LITE BEER N.R",26142,34100,0.0410812152777778,0.00087981026700329,6,4,0,0,0,0,0,0,1,0,0,0,0.224777404249238,0.775222595750762,-6.78119920887126,0.0513194444444444,0,0.00391414016876776
"734",98,3410057528,157,13,0.0513194444444444,19.95,"MILLER LITE BEER N.R",24770,34100,0.0410812152777778,0.000524828421477594,6,4,0,0,0,0,0,0,1,0,0,0,0.107849181402936,0.892150818597064,-7.43831908347216,0.0513194444444444,0,0.00486631808095769
"745",98,3410057528,158,21,0.0513194444444444,19.95,"MILLER LITE BEER N.R",26237,34100,0.0410812152777778,0.000800396386782025,6,4,0,0,0,0,0,0,1,0,0,0,0.0920496658476804,0.90795033415232,-7.03383786958325,0.0513194444444444,0,0.00869526661950609
"756",98,3410057528,159,11,0.0513194444444444,19.95,"MILLER LITE BEER N.R",27115,34100,0.0410812152777778,0.000405679513184584,6,4,0,0,0,0,0,0,1,0,0,0,0.108752993338645,0.891247006661355,-7.69481342063278,0.0513194444444444,0,0.00373028365225168
"767",98,3410057528,160,12,0.0513194444444444,19.95,"MILLER LITE BEER N.R",27107,34100,0.0410812152777778,0.000442690080053123,6,4,0,0,0,0,0,0,1,0,0,0,0.101066937940195,0.898933062059805,-7.61609392080532,0.0513194444444444,0,0.00438016713551842
"778",98,3410057528,161,19,0.0415972222222222,1.25,"MILLER LITE BEER N.R",26231,34100,0.0410772569444444,0.000724333803514925,6,4,0,0,0,0,0,0,1,0,0,0,0.0990504013030653,0.900949598696935,-7.1259522550214,0.0415972222222222,0,0.00731278009968556
"789",98,3410057528,162,19,0.0415972222222222,1.25,"MILLER LITE BEER N.R",29514,34100,0.0410772569444444,0.000643762282306702,6,4,0,0,0,0,0,0,1,0,0,0,0.0964092472177752,0.903590752782225,-7.24680229866489,0.0415972222222222,0,0.00667739144205256
"800",98,3410057528,163,12,0.0513194444444444,19.95,"MILLER LITE BEER N.R",27508,34100,0.0410812152777778,0.000436236731132761,6,4,0,0,0,0,0,0,1,0,0,0,0.125937996726062,0.874062003273938,-7.60272153676989,0.0513194444444444,0,0.00346390082797374
