Project/data - Copy.csv
"","store","upc","week","move","price","profit","descrip","custcoun","brand","wp","mks","csame","cdiff","Prod2","Prod3","Prod4","Prod5","Prod6","Prod7","Prod8","Prod9","Prod10","Prod11","summks","os","y","avg_price_product","pricediff_product","withingroupshare"
"811",98,3410057528,164,19,0.0513194444444444,19.95,"MILLER LITE BEER N.R",26185,34100,0.0410812152777778,0.000725606263127745,6,4,0,0,0,0,0,0,1,0,0,0,0.126492648439199,0.873507351560801,-7.09326429431527,0.0513194444444444,0,0.00573635125899449
"822",98,3410057528,165,20,0.0513194444444444,19.95,"MILLER LITE BEER N.R",25531,34100,0.0410812152777778,0.000783361403783636,6,4,0,0,0,0,0,0,1,0,0,0,0.0948876284630554,0.905112371536945,-7.0522202299726,0.0513194444444444,0,0.00825567480684416
"833",98,3410057528,166,6,0.0513194444444444,19.95,"MILLER LITE BEER N.R",25241,34100,0.0410812152777778,0.000237708490154907,6,4,0,0,0,0,0,0,1,0,0,0,0.106135561638203,0.893864438361797,-8.23226431604518,0.0513194444444444,0,0.00223966865097686
"844",98,3410057528,167,14,0.0415972222222222,1.25,"MILLER LITE BEER N.R",31809,34100,0.0410772569444444,0.000440127008079474,6,4,0,0,0,0,0,0,1,0,0,0,0.133840081904626,0.866159918095374,-7.58476149343853,0.0415972222222222,0,0.00328845441377648
"855",98,3410057528,168,17,0.0415972222222222,1.25,"MILLER LITE BEER N.R",23208,34100,0.0410772569444444,0.00073250603240262,6,4,0,0,0,0,0,0,1,0,0,0,0.13128591619262,0.86871408380738,-7.07829775640727,0.0416280864197531,-3.08641975308652e-05,0.00557947153545321
"866",98,3410057528,169,8,0.0513194444444444,19.95,"MILLER LITE BEER N.R",26034,34100,0.0410812152777778,0.000307290466313283,6,4,0,0,0,0,0,0,1,0,0,0,0.0771881765067679,0.922811823493232,-8.00738717321007,0.0513194444444444,0,0.00398105616974044
"877",98,3410057528,170,16,0.0513194444444444,19.95,"MILLER LITE BEER N.R",25525,34100,0.0410812152777778,0.000626836434867777,6,4,0,0,0,0,0,0,1,0,0,0,0.0888341826882022,0.911165817311798,-7.28179453931554,0.0513194444444444,0,0.00705625262595031
"888",98,3410057528,171,14,0.0513194444444444,19.95,"MILLER LITE BEER N.R",31750,34100,0.0410812152777778,0.000440944881889764,6,4,0,0,0,0,0,0,1,0,0,0,0.120561252067731,0.879438747932269,-7.5981193132828,0.0513194444444444,0,0.00365743449348089
"899",98,3410057528,172,17,0.0513194444444444,19.95,"MILLER LITE BEER N.R",22874,34100,0.0410812152777778,0.000743201888607152,6,4,0,0,0,0,0,0,1,0,0,0,0.151211757533219,0.848788242466781,-7.04059728555893,0.0513194444444444,0,0.00491497421054629
"910",98,3410057528,173,11,0.0513194444444444,19.95,"MILLER LITE BEER N.R",24273,34100,0.0410812152777778,0.000453178428706794,6,4,0,0,0,0,0,0,1,0,0,0,0.146965939142058,0.853034060857942,-7.54026882605573,0.0510416666666667,0.00027777777777778,0.0030835609349507
"921",98,3410057528,174,11,0.0415972222222222,1.25,"MILLER LITE BEER N.R",25328,34100,0.0410772569444444,0.000434301958307012,6,4,0,0,0,0,0,0,1,0,0,0,0.0906806562758987,0.909319343724101,-7.64671157604956,0.0415972222222222,0,0.00478935614433176
"932",98,3410057528,175,19,0.0415972222222222,1.25,"MILLER LITE BEER N.R",24392,34100,0.0410772569444444,0.000778943916038045,6,4,0,0,0,0,0,0,1,0,0,0,0.100080111497559,0.899919888502441,-7.05212197710689,0.0415972222222222,0,0.00778320391916272
"943",98,3410057528,176,9,0.0513194444444444,19.95,"MILLER LITE BEER N.R",26363,34100,0.0410812152777778,0.000341387550733983,6,4,0,0,0,0,0,0,1,0,0,0,0.115483424007604,0.884516575992396,-7.85977818857059,0.0513194444444444,0,0.00295616062363637
"954",98,3410057528,177,17,0.0513194444444444,19.95,"MILLER LITE BEER N.R",24619,34100,0.0410812152777778,0.000690523579349283,6,4,0,0,0,0,0,0,1,0,0,0,0.144873598315741,0.855126401684259,-7.12155445472791,0.0513194444444444,0,0.00476638661134335
"965",98,3410057528,178,13,0.0513194444444444,19.95,"MILLER LITE BEER N.R",24596,34100,0.0410812152777778,0.000528541226215645,6,4,0,0,0,0,0,0,1,0,0,0,0.0835025711701047,0.916497428829895,-7.45819373248259,0.0513194444444444,0,0.00632964013933108
"976",98,3410057528,179,13,0.0513194444444444,19.95,"MILLER LITE BEER N.R",27053,34100,0.0410812152777778,0.000480538202787122,6,4,0,0,0,0,0,0,1,0,0,0,0.0838380876956477,0.916161912304352,-7.55304165662298,0.0513194444444444,0,0.00573174097829605
"987",98,3410057528,180,29,0.0415972222222222,1.25,"MILLER LITE BEER N.R",23136,34100,0.0410772569444444,0.00125345781466113,6,4,0,0,0,0,0,0,1,0,0,0,0.110438192882818,0.889561807117182,-6.56482300591751,0.0415972222222222,0,0.0113498580694012
"998",98,3410057528,181,12,0.0513194444444444,19.95,"MILLER LITE BEER N.R",27525,34100,0.0410812152777778,0.000435967302452316,6,4,0,0,0,0,0,0,1,0,0,0,0.0874874669124413,0.912512533087559,-7.64638985307354,0.0513194444444444,0,0.00498319722627972
"1009",98,3410057528,182,9,0.0513194444444444,19.95,"MILLER LITE BEER N.R",25302,34100,0.0410812152777778,0.000355703106473797,6,4,0,0,0,0,0,0,1,0,0,0,0.105970211977017,0.894029788022983,-7.8293979612109,0.0513194444444444,0,0.00335663296163777
"1020",98,3410057528,183,15,0.0513194444444444,19.95,"MILLER LITE BEER N.R",25223,34100,0.0410812152777778,0.000594695317765531,6,4,0,0,0,0,0,0,1,0,0,0,0.123718013410591,0.876281986589409,-7.29539401720815,0.0513194444444444,0,0.00480686119483567
"1031",98,3410057528,184,11,0.0513194444444444,19.95,"MILLER LITE BEER N.R",25577,34100,0.0410812152777778,0.000430073894514603,6,4,0,0,0,0,0,0,1,0,0,0,0.0964007860886125,0.903599213911388,-7.65018415199176,0.0513194444444444,0,0.00446131107394991
"1042",98,3410057528,185,12,0.0513194444444444,19.95,"MILLER LITE BEER N.R",26353,34100,0.0410812152777778,0.000455356126437218,6,4,0,0,0,0,0,0,1,0,0,0,0.0831524555903188,0.916847544409681,-7.60761667441258,0.0513194444444444,0,0.00547615970213433
"1053",98,3410057528,186,12,0.0513194444444444,19.95,"MILLER LITE BEER N.R",25851,34100,0.0410812152777778,0.00046419867703377,6,4,0,0,0,0,0,0,1,0,0,0,0.0880884434683574,0.911911556531643,-7.58298564302222,0.0513194444444444,0,0.00526968872143276
"1064",98,3410057528,187,13,0.0513194444444444,19.95,"MILLER LITE BEER N.R",26461,34100,0.0410812152777778,0.000491289066928688,6,4,0,0,0,0,0,0,1,0,0,0,0.122104872446396,0.877895127553604,-7.48824973520734,0.0510725308641975,0.000246913580246914,0.00402350092249074
"1075",98,3410057528,188,31,0.0415972222222222,1.25,"MILLER LITE BEER N.R",24725,34100,0.0410772569444444,0.00125379170879676,6,4,0,0,0,0,0,0,1,0,0,0,0.0915860700243336,0.908413929975666,-6.58552781776501,0.0415972222222222,0,0.0136897642672477
"1086",98,3410057528,189,38,0.0415972222222222,1.25,"MILLER LITE BEER N.R",26501,34100,0.0410772569444444,0.00143390815440927,6,4,0,0,0,0,0,0,1,0,0,0,0.110501893699279,0.889498106300721,-6.43025368655845,0.0416280864197531,-3.08641975308652e-05,0.0129763220014267
"1097",98,3410057528,190,15,0.0513194444444444,19.95,"MILLER LITE BEER N.R",25327,34100,0.0410812152777778,0.000592253326489517,6,4,0,0,0,0,0,0,1,0,0,0,0.112943377169279,0.887056622830721,-7.31172963586971,0.0513194444444444,0,0.00524380748418609
"1108",98,3410057528,191,24,0.0513194444444444,19.95,"MILLER LITE BEER N.R",27322,34100,0.0410812152777778,0.000878413000512408,6,4,0,0,0,0,0,0,1,0,0,0,0.170020651905694,0.829979348094306,-6.85103922678435,0.0513194444444444,0,0.00516650766049081
"1119",98,3410057528,192,22,0.0505555555555556,18.75,"MILLER LITE BEER N.R",25371,34100,0.0410763888888889,0.000867131764613141,6,4,0,0,0,0,0,0,1,0,0,0,0.157472767607061,0.842527232392939,-6.87897032112907,0.0512345679012346,-0.000679012345679013,0.00550655061055941
"1130",98,3410057528,193,17,0.0513194444444444,19.95,"MILLER LITE BEER N.R",27618,34100,0.0410812152777778,0.000615540589470635,6,4,0,0,0,0,0,0,1,0,0,0,0.120045759348851,0.879954240651149,-7.26512429686713,0.0513194444444444,0,0.00512754963448466
"1141",98,3410057528,194,23,0.0513194444444444,19.95,"MILLER LITE BEER N.R",26470,34100,0.0410812152777778,0.000868908197959955,6,4,0,0,0,0,0,0,1,0,0,0,0.175971942176195,0.824028057823805,-6.85472238039666,0.0513194444444444,0,0.00493776557338866
"9",98,3410057602,91,45,0.0471527777777778,16.27,"MILLER LITE BEER",27452,34100,0.0394810208333333,0.00163922482879207,6,4,0,0,0,0,0,0,0,1,0,0,0.160243720676529,0.839756279323471,-6.23888824135108,0.0471527777777778,0,0.0102295729397163
"20",98,3410057602,92,67,0.0415972222222222,5.09,"MILLER LITE BEER",28509,34100,0.0394799236111111,0.00235013504507349,6,4,0,0,0,0,0,0,0,1,0,0,0.179048444747772,0.820951555252228,-5.85599130821683,0.0415972222222222,0,0.0131256937103484
"31",98,3410057602,93,91,0.038125,3.55,"MILLER LITE BEER",27892,34100,0.0367715625,0.0032625842535494,6,4,0,0,0,0,0,0,0,1,0,0,0.163680188523833,0.836319811476167,-5.54649149238581,0.038125,0,0.0199326765381526
"42",98,3410057602,94,55,0.0471527777777778,16.27,"MILLER LITE BEER",30186,34100,0.0394810208333333,0.00182203670575764,6,4,0,0,0,0,0,0,0,1,0,0,0.171503153298151,0.828496846701849,-6.11965808633137,0.0471527777777778,0,0.0106239253956463
"53",98,3410057602,95,62,0.0415972222222222,5.09,"MILLER LITE BEER",27923,34100,0.0394799236111111,0.00222039179171292,6,4,0,0,0,0,0,0,0,1,0,0,0.295882349292852,0.704117650707148,-5.75926179661071,0.0415972222222222,0,0.00750430634682867
"64",98,3410057602,96,72,0.0416666666666667,5.25,"MILLER LITE BEER",27563,34100,0.0394791666666667,0.00261219751115626,6,4,0,0,0,0,0,0,0,1,0,0,0.228582258834122,0.771417741165878,-5.68803821878512,0.0416049382716049,6.17283950617234e-05,0.0114278226336537
"75",98,3410057602,97,43,0.0471527777777778,16.27,"MILLER LITE BEER",27377,34100,0.0394810208333333,0.00157066150418234,6,4,0,0,0,0,0,0,0,1,0,0,0.154077437754725,0.845922562245275,-6.28893095056282,0.0471527777777778,0,0.0101939747121358
"86",98,3410057602,98,45,0.0471527777777778,16.27,"MILLER LITE BEER",29035,34100,0.0394810208333333,0.00154985362493542,6,4,0,0,0,0,0,0,0,1,0,0,0.161445559263888,0.838554440736112,-6.29351901454936,0.0471527777777778,0,0.00959985292876429
"97",98,3410057602,99,35,0.0471527777777778,16.27,"MILLER LITE BEER",29394,34100,0.0394810208333333,0.00119071919439341,6,4,0,0,0,0,0,0,0,1,0,0,0.142503970956944,0.857496029043056,-6.57945905857087,0.0471527777777778,0,0.00835569132844149
"108",98,3410057602,100,40,0.0470138888888889,16.02,"MILLER LITE BEER",28115,34100,0.0394822638888889,0.0014227280810955,6,4,0,0,0,0,0,0,0,1,0,0,0.152956618807566,0.847043381192434,-6.38917569843522,0.0471141975308642,-0.000100308641975314,0.00930151367222252
"119",98,3410057602,101,48,0.0415972222222222,5.09,"MILLER LITE BEER",26946,34100,0.0394799236111111,0.00178134045869517,6,4,0,0,0,0,0,0,0,1,0,0,0.144578047442924,0.855421952557077,-6.17422871138831,0.0415972222222222,0,0.0123209608249718
"130",98,3410057602,102,52,0.0415972222222222,5.09,"MILLER LITE BEER",28849,34100,0.0394799236111111,0.00180248882110298,6,4,0,0,0,0,0,0,0,1,0,0,0.147551396581725,0.852448603418275,-6.15894452982165,0.0415972222222222,0,0.0122160065093293
"141",98,3410057602,103,34,0.0471527777777778,16.27,"MILLER LITE BEER",27950,34100,0.0394810208333333,0.00121645796064401,6,4,0,0,0,0,0,0,0,1,0,0,0.171644858056582,0.828355141943418,-6.5234986528029,0.0471527777777778,0,0.0070870632212181
"152",98,3410057602,104,30,0.0471527777777778,16.27,"MILLER LITE BEER",27037,34100,0.0394810208333333,0.00110959056108296,6,4,0,0,0,0,0,0,0,1,0,0,0.235510838015903,0.764489161984097,-6.53521676527382,0.0471527777777778,0,0.00471142037636516
"163",98,3410057602,105,26,0.0471527777777778,16.27,"MILLER LITE BEER",29325,34100,0.0394810208333333,0.000886615515771526,6,4,0,0,0,0,0,0,0,1,0,0,0.134631013358941,0.865368986641059,-6.88349984664456,0.0471527777777778,0,0.00658552211449017
"174",98,3410057602,106,25,0.0471527777777778,16.27,"MILLER LITE BEER",28468,34100,0.0394810208333333,0.000878179008008993,6,4,0,0,0,0,0,0,0,1,0,0,0.127541630663972,0.872458369336028,-6.901219763279,0.0471527777777778,0,0.006885430297835
"185",98,3410057602,107,38,0.0471527777777778,16.27,"MILLER LITE BEER",26328,34100,0.0394810208333333,0.00144333029474324,6,4,0,0,0,0,0,0,0,1,0,0,0.115288595803509,0.884711404196492,-6.41830834678829,0.0471527777777778,0,0.0125192807205595
"196",98,3410057602,108,46,0.0415972222222222,5.09,"MILLER LITE BEER",27855,34100,0.0394799236111111,0.00165140908274996,6,4,0,0,0,0,0,0,0,1,0,0,0.115815724839727,0.884184275160273,-6.28303658396104,0.0415972222222222,0,0.0142589366429755
"207",98,3410057602,109,52,0.0415972222222222,5.09,"MILLER LITE BEER",27184,34100,0.0394799236111111,0.00191288993525603,6,4,0,0,0,0,0,0,0,1,0,0,0.124851125911501,0.875148874088499,-6.12577886004871,0.0415972222222222,0,0.0153213671185629
"218",98,3410057602,110,36,0.0471527777777778,16.27,"MILLER LITE BEER",30677,34100,0.0394810208333333,0.00117351761906314,6,4,0,0,0,0,0,0,0,1,0,0,0.106163466721612,0.893836533278388,-6.63551715946222,0.0471527777777778,0,0.0110538743251519
"229",98,3410057602,111,25,0.0471527777777778,16.27,"MILLER LITE BEER",30641,34100,0.0394810208333333,0.000815900264351686,6,4,0,0,0,0,0,0,0,1,0,0,0.122334316510869,0.877665683489131,-6.98072890715743,0.0471527777777778,0,0.00666943084836868
"240",98,3410057602,112,26,0.0415972222222222,5.09,"MILLER LITE BEER",26667,34100,0.0394799236111111,0.000974987812652342,6,4,0,0,0,0,0,0,0,1,0,0,0.139806261452893,0.860193738547107,-6.78248794916294,0.0415972222222222,0,0.0069738494007356
"251",98,3410057602,113,39,0.0415972222222222,5.09,"MILLER LITE BEER",28782,34100,0.0394799236111111,0.0013550135501355,6,4,0,0,0,0,0,0,0,1,0,0,0.111227244022762,0.888772755977238,-6.48603013088309,0.0415972222222222,0,0.0121823889645077
"262",98,3410057602,114,25,0.0471527777777778,16.27,"MILLER LITE BEER",27461,34100,0.0394810208333333,0.000910381996285641,6,4,0,0,0,0,0,0,0,1,0,0,0.112970228581518,0.887029771418482,-6.8817695373305,0.0465972222222222,0.000555555555555552,0.00805860099352389
"273",98,3410057602,115,33,0.0471527777777778,16.27,"MILLER LITE BEER",35045,34100,0.0394810208333333,0.000941646454558425,6,4,0,0,0,0,0,0,0,1,0,0,0.088921270428748,0.911078729571252,-6.87475470305587,0.0470601851851852,9.25925925925955e-05,0.0105896648801589
"284",98,3410057602,116,36,0.0471527777777778,16.27,"MILLER LITE BEER",24712,34100,0.0394810208333333,0.0014567821301392,6,4,0,0,0,0,0,0,0,1,0,0,0.219650333031936,0.780349666968064,-6.28351212737612,0.0471527777777778,0,0.00663227826714652
"295",98,3410057602,117,59,0.0406944444444444,2.98,"MILLER LITE BEER",28278,34100,0.03948175,0.00208642761157083,6,4,0,0,0,0,0,0,0,1,0,0,0.139797429405902,0.860202570594098,-6.02171458197704,0.0403626543209877,0.000331790123456792,0.0149246493332355
"306",98,3410057602,118,51,0.038125,3.55,"MILLER LITE BEER",28272,34100,0.0367715625,0.00180390492359932,6,4,0,0,0,0,0,0,0,1,0,0,0.102755175164284,0.897244824835716,-6.20937504505771,0.038125,0,0.0175553680942614
"317",98,3410057602,119,15,0.0471527777777778,16.27,"MILLER LITE BEER",30340,34100,0.0394810208333333,0.000494396835860251,6,4,0,0,0,0,0,0,0,1,0,0,0.108132090593923,0.891867909406077,-7.49773481080725,0.0471141975308642,3.85802469135832e-05,0.00457215645369236
"328",98,3410057602,120,61,0.0415972222222222,5.09,"MILLER LITE BEER",27660,34100,0.0394799236111111,0.00220535068691251,6,4,0,0,0,0,0,0,0,1,0,0,0.206769712513018,0.793230287486982,-5.88522704190202,0.0415972222222222,0,0.0106657336807665
"339",98,3410057602,121,63,0.0415972222222222,5.09,"MILLER LITE BEER",27891,34100,0.0394799236111111,0.00225879315908358,6,4,0,0,0,0,0,0,0,1,0,0,0.17975591860958,0.82024408139042,-5.8947712859488,0.0415972222222222,0,0.0125658903281486
"350",98,3410057602,122,38,0.0476388888888889,16.69,"MILLER LITE BEER",25754,34100,0.0396879583333333,0.00147549895161917,6,4,0,0,0,0,0,0,0,1,0,0,0.0955079544492083,0.904492045550792,-6.41837730561651,0.048070987654321,-0.000432098765432098,0.0154489640169589
"361",98,3410057602,123,28,0.0513194444444444,19.95,"MILLER LITE BEER",28062,34100,0.0410812152777778,0.000997790606514147,6,4,0,0,0,0,0,0,0,1,0,0,0.095828232503149,0.904171767496851,-6.80923118843246,0.0513194444444444,0,0.0104122822726732
"372",98,3410057602,124,22,0.0513194444444444,19.95,"MILLER LITE BEER",28177,34100,0.0410812152777778,0.000780778649252937,6,4,0,0,0,0,0,0,0,1,0,0,0.11012200102275,0.88987799897725,-7.03854796249297,0.0513194444444444,0,0.00709012406241724
"383",98,3410057602,125,56,0.0415972222222222,1.25,"MILLER LITE BEER",25559,34100,0.0410772569444444,0.00219100903791228,6,4,0,0,0,0,0,0,0,1,0,0,0.151938721522505,0.848061278477495,-5.9585907099148,0.0415972222222222,0,0.014420346676326
"394",98,3410057602,126,17,0.0513194444444444,19.95,"MILLER LITE BEER",25941,34100,0.0410812152777778,0.000655333256235303,6,4,0,0,0,0,0,0,0,1,0,0,0.0977251858019289,0.902274814198071,-7.22753053030965,0.0513194444444444,0,0.0067058788464577
"405",98,3410057602,127,13,0.05125,19.85,"MILLER LITE BEER",28912,34100,0.041076875,0.000449640287769784,6,4,0,0,0,0,0,0,0,1,0,0,0.0778651447013141,0.922134855298686,-7.62599885313085,0.0511033950617284,0.000146604938271601,0.00577460286620639
"416",98,3410057602,128,15,0.050625,18.86,"MILLER LITE BEER",25197,34100,0.041077125,0.000595308965353018,6,4,0,0,0,0,0,0,0,1,0,0,0.116308209700146,0.883691790299854,-7.30278308704632,0.050625,0,0.00511837441989507
"427",98,3410057602,129,28,0.050625,18.86,"MILLER LITE BEER",25112,34100,0.041077125,0.00111500477859191,6,4,0,0,0,0,0,0,0,1,0,0,0.119230853928716,0.880769146071284,-6.67193686472169,0.050625,0,0.00935164633861072
"438",98,3410057602,130,21,0.050625,18.86,"MILLER LITE BEER",27962,34100,0.041077125,0.000751019240397683,6,4,0,0,0,0,0,0,0,1,0,0,0.110709567336545,0.889290432663455,-7.07674788591202,0.050625,0,0.0067836886952567
"449",98,3410057602,131,48,0.0415972222222222,1.25,"MILLER LITE BEER",27057,34100,0.0410772569444444,0.00177403259784899,6,4,0,0,0,0,0,0,0,1,0,0,0.113224222153805,0.886775777846195,-6.21433690420172,0.0415972222222222,0,0.0156683134059347
