Project/data - Copy.csv
"","store","upc","week","move","price","profit","descrip","custcoun","brand","wp","mks","csame","cdiff","Prod2","Prod3","Prod4","Prod5","Prod6","Prod7","Prod8","Prod9","Prod10","Prod11","summks","os","y","avg_price_product","pricediff_product","withingroupshare"
"460",98,3410057602,132,45,0.0415972222222222,1.25,"MILLER LITE BEER",26221,34100,0.0410772569444444,0.00171618168643454,6,4,0,0,0,0,0,0,0,1,0,0,0.122438590667897,0.877561409332103,-6.23704506169952,0.0415972222222222,0,0.0140166729874368
"471",98,3410057602,133,28,0.050625,18.86,"MILLER LITE BEER",27724,34100,0.041077125,0.00100995527340932,6,4,0,0,0,0,0,0,0,1,0,0,0.113110420383666,0.886889579616334,-6.77781444097341,0.050625,0,0.008928932188419
"482",98,3410057602,134,18,0.050625,18.86,"MILLER LITE BEER",24855,34100,0.041077125,0.000724200362100181,6,4,0,0,0,0,0,0,0,1,0,0,0.0919781128432479,0.908021887156752,-7.13395566475943,0.050625,0,0.0078736162301393
"493",98,3410057602,135,26,0.050625,18.86,"MILLER LITE BEER",29105,34100,0.041077125,0.000893317299433087,6,4,0,0,0,0,0,0,0,1,0,0,0.087014757413691,0.912985242586309,-6.92953315951519,0.050625,0,0.0102662735148019
"504",98,3410057602,136,23,0.050625,18.86,"MILLER LITE BEER",29272,34100,0.041077125,0.000785733807051107,6,4,0,0,0,0,0,0,0,1,0,0,0.110040193489792,0.889959806510208,-7.03231351226966,0.050625,0,0.0071404255311855
"515",98,3410057602,137,31,0.0415972222222222,1.25,"MILLER LITE BEER",24381,34100,0.0410772569444444,0.00127148189163693,6,4,0,0,0,0,0,0,0,1,0,0,0.145163684101017,0.854836315898983,-6.51072694317016,0.0415972222222222,0,0.0087589530364366
"526",98,3410057602,138,28,0.0415972222222222,1.25,"MILLER LITE BEER",25399,34100,0.0410772569444444,0.00110240560651994,6,4,0,0,0,0,0,0,0,1,0,0,0.100017015288915,0.899982984711085,-6.70488115026455,0.0415972222222222,0,0.011022180609324
"537",98,3410057602,139,30,0.050625,18.86,"MILLER LITE BEER",28639,34100,0.041077125,0.00104752260902964,6,4,0,0,0,0,0,0,0,1,0,0,0.110086316138778,0.889913683861222,-6.74469651721689,0.050625,0,0.009515466097613
"548",98,3410057602,140,24,0.050625,18.86,"MILLER LITE BEER",31391,34100,0.041077125,0.000764550348826097,6,4,0,0,0,0,0,0,0,1,0,0,0.142144028105693,0.857855971894307,-7.02290361774989,0.0505787037037037,4.62962962962943e-05,0.00537870186327918
"559",98,3410057602,141,61,0.0415972222222222,1.25,"MILLER LITE BEER",28176,34100,0.0410772569444444,0.00216496308915389,6,4,0,0,0,0,0,0,0,1,0,0,0.173554742568719,0.826445257431281,-5.94473036844511,0.0415972222222222,0,0.0124742375639587
"570",98,3410057602,142,150,0.0415972222222222,1.25,"MILLER LITE BEER",31550,34100,0.0410772569444444,0.00475435816164818,6,4,0,0,0,0,0,0,0,1,0,0,0.143746523370508,0.856253476629492,-5.19350474475637,0.0415972222222222,0,0.0330745958244414
"581",98,3410057602,143,61,0.050625,18.86,"MILLER LITE BEER",26074,34100,0.041077125,0.00233949528265705,6,4,0,0,0,0,0,0,0,1,0,0,0.126024557852781,0.873975442147219,-5.92311706209832,0.050625,0,0.0185638047259804
"592",98,3410057602,144,40,0.050625,18.86,"MILLER LITE BEER",27181,34100,0.041077125,0.00147161620249439,6,4,0,0,0,0,0,0,0,1,0,0,0.145184687289837,0.854815312710163,-6.36452418276834,0.050625,0,0.0101361667677567
"603",98,3410057602,145,51,0.050625,18.86,"MILLER LITE BEER",28084,34100,0.041077125,0.00181598062953995,6,4,0,0,0,0,0,0,0,1,0,0,0.148585327772893,0.851414672227107,-6.15027367273603,0.0499382716049383,0.000686728395061731,0.0122218031669695
"614",98,3410057602,146,19,0.050625,18.86,"MILLER LITE BEER",26806,34100,0.041077125,0.000708796538088488,6,4,0,0,0,0,0,0,0,1,0,0,0.126219600037342,0.873780399962658,-7.1170158493507,0.0504320987654321,0.000192901234567902,0.00561558219071197
"625",98,3410057602,147,14,0.050625,18.86,"MILLER LITE BEER",29036,34100,0.041077125,0.000482160077145612,6,4,0,0,0,0,0,0,0,1,0,0,0.192816164893118,0.807183835106882,-7.42303055276277,0.050625,0,0.0025006206166007
"636",98,3410057602,148,27,0.050625,18.86,"MILLER LITE BEER",26441,34100,0.041077125,0.00102114140917514,6,4,0,0,0,0,0,0,0,1,0,0,0.285278675601689,0.714721324398311,-6.55097168037963,0.050625,0,0.00357945229176849
"647",98,3410057602,149,21,0.050625,18.86,"MILLER LITE BEER",26007,34100,0.041077125,0.000807474910600992,6,4,0,0,0,0,0,0,0,1,0,0,0.12915125426408,0.87084874573592,-6.98331160073226,0.050625,0,0.00625216468242669
"658",98,3410057602,150,17,0.0513194444444444,19.95,"MILLER LITE BEER",27564,34100,0.0410812152777778,0.000616746480917138,6,4,0,0,0,0,0,0,0,1,0,0,0.131905645146946,0.868094354853054,-7.24959764193903,0.0513194444444444,0,0.00467566403416675
"669",98,3410057602,151,20,0.0513194444444444,19.95,"MILLER LITE BEER",25180,34100,0.0410812152777778,0.00079428117553614,6,4,0,0,0,0,0,0,0,1,0,0,0.140298276539399,0.859701723460601,-6.98690325096388,0.0513194444444444,0,0.00566137514392834
"680",98,3410057602,152,33,0.0513194444444444,19.95,"MILLER LITE BEER",25724,34100,0.0410812152777778,0.00128284870160162,6,4,0,0,0,0,0,0,0,1,0,0,0.138258247844966,0.861741752155034,-6.50987248111586,0.0513194444444444,0,0.00927864139461771
"691",98,3410057602,153,16,0.0513194444444444,19.95,"MILLER LITE BEER",27180,34100,0.0410812152777778,0.000588668138337013,6,4,0,0,0,0,0,0,0,1,0,0,0.114528455740993,0.885471544259007,-7.3160130079656,0.0513194444444444,0,0.00513992906416453
"702",98,3410057602,154,23,0.0513194444444444,19.95,"MILLER LITE BEER",25702,34100,0.0410812152777778,0.000894871994397323,6,4,0,0,0,0,0,0,0,1,0,0,0.119874901023928,0.880125098976072,-6.89113864925193,0.0513194444444444,0,0.00746504886972714
"713",98,3410057602,155,18,0.0507638888888889,19.08,"MILLER LITE BEER",25715,34100,0.0410781388888889,0.000699980556095664,6,4,0,0,0,0,0,0,0,1,0,0,0.143169913889917,0.856830086110083,-7.10994235435532,0.0512577160493827,-0.000493827160493829,0.00488915958023051
"724",98,3410057602,156,57,0.0415972222222222,1.25,"MILLER LITE BEER",26142,34100,0.0410772569444444,0.00218039935735598,6,4,0,0,0,0,0,0,0,1,0,0,0.224777404249238,0.775222595750762,-5.87364215696586,0.0415972222222222,0,0.00970026041825054
"735",98,3410057602,157,23,0.0513194444444444,19.95,"MILLER LITE BEER",24770,34100,0.0410812152777778,0.000928542591844974,6,4,0,0,0,0,0,0,0,1,0,0,0.107849181402936,0.892150818597064,-6.86777422500455,0.0502391975308642,0.00108024691358025,0.00860963968169437
"746",98,3410057602,158,25,0.0513194444444444,19.95,"MILLER LITE BEER",26237,34100,0.0410812152777778,0.000952852841407173,6,4,0,0,0,0,0,0,0,1,0,0,0.0920496658476804,0.90795033415232,-6.85948448243847,0.0513194444444444,0,0.0103515078803644
"757",98,3410057602,159,34,0.0415972222222222,1.25,"MILLER LITE BEER",27115,34100,0.0410772569444444,0.00125391849529781,6,4,0,0,0,0,0,0,0,1,0,0,0.108752993338645,0.891247006661355,-6.56634816881499,0.0415972222222222,0,0.0115299676524143
"768",98,3410057602,160,35,0.0415972222222222,1.25,"MILLER LITE BEER",27107,34100,0.0410772569444444,0.00129117940015494,6,4,0,0,0,0,0,0,0,1,0,0,0.101066937940195,0.898933062059805,-6.54565250910391,0.0415972222222222,0,0.0127754874785954
"779",98,3410057602,161,18,0.0513194444444444,19.95,"MILLER LITE BEER",26231,34100,0.0410812152777778,0.000686210971750982,6,4,0,0,0,0,0,0,0,1,0,0,0.0990504013030653,0.900949598696935,-7.18001947629167,0.0513194444444444,0,0.00692789693654422
"790",98,3410057602,162,24,0.0513194444444444,19.95,"MILLER LITE BEER",29514,34100,0.0410812152777778,0.000813173409229518,6,4,0,0,0,0,0,0,0,1,0,0,0.0964092472177752,0.903590752782225,-7.01318744748338,0.0513194444444444,0,0.00843459971627692
"801",98,3410057602,163,22,0.0513194444444444,19.95,"MILLER LITE BEER",27508,34100,0.0410812152777778,0.000799767340410062,6,4,0,0,0,0,0,0,0,1,0,0,0.125937996726062,0.874062003273938,-6.99658573319957,0.0513194444444444,0,0.00635048485128518
"812",98,3410057602,164,21,0.0513194444444444,19.95,"MILLER LITE BEER",26185,34100,0.0410812152777778,0.000801985869772771,6,4,0,0,0,0,0,0,0,1,0,0,0.126492648439199,0.873507351560801,-6.99318083575829,0.0513194444444444,0,0.00634017770730969
"823",98,3410057602,165,23,0.0513194444444444,19.95,"MILLER LITE BEER",25531,34100,0.0410812152777778,0.000900865614351181,6,4,0,0,0,0,0,0,0,1,0,0,0.0948876284630554,0.905112371536945,-6.91245828759745,0.0513194444444444,0,0.00949402602787079
"834",98,3410057602,166,16,0.0513194444444444,19.95,"MILLER LITE BEER",25241,34100,0.0410812152777778,0.000633889307079751,6,4,0,0,0,0,0,0,0,1,0,0,0.106135561638203,0.893864438361797,-7.25143506303345,0.0513194444444444,0,0.0059724497359383
"845",98,3410057602,167,16,0.0513194444444444,19.95,"MILLER LITE BEER",31809,34100,0.0410812152777778,0.000503002294947971,6,4,0,0,0,0,0,0,0,1,0,0,0.133840081904626,0.866159918095374,-7.45123010081401,0.0513194444444444,0,0.00375823361574455
"856",98,3410057602,168,21,0.0513194444444444,19.95,"MILLER LITE BEER",23208,34100,0.0410812152777778,0.000904860392967942,6,4,0,0,0,0,0,0,0,1,0,0,0.13128591619262,0.86871408380738,-6.86698866274007,0.0513194444444444,0,0.00689228836732455
"867",98,3410057602,169,20,0.0513194444444444,19.95,"MILLER LITE BEER",26034,34100,0.0410812152777778,0.000768226165783207,6,4,0,0,0,0,0,0,0,1,0,0,0.0771881765067679,0.922811823493232,-7.09109644133592,0.0513194444444444,0,0.0099526404243511
"878",98,3410057602,170,13,0.0513194444444444,19.95,"MILLER LITE BEER",25525,34100,0.0410812152777778,0.000509304603330069,6,4,0,0,0,0,0,0,0,1,0,0,0.0888341826882022,0.911165817311798,-7.48943390409378,0.0513194444444444,0,0.00573320525858463
"889",98,3410057602,171,16,0.0513194444444444,19.95,"MILLER LITE BEER",31750,34100,0.0410812152777778,0.000503937007874016,6,4,0,0,0,0,0,0,0,1,0,0,0.120561252067731,0.879438747932269,-7.46458792065828,0.0513194444444444,0,0.00417992513540673
"900",98,3410057602,172,14,0.0513194444444444,19.95,"MILLER LITE BEER",22874,34100,0.0410812152777778,0.000612048614147067,6,4,0,0,0,0,0,0,0,1,0,0,0.151211757533219,0.848788242466781,-7.23475329999989,0.0513194444444444,0,0.00404762582044989
"911",98,3410057602,173,12,0.0513194444444444,19.95,"MILLER LITE BEER",24273,34100,0.0410812152777778,0.000494376467680138,6,4,0,0,0,0,0,0,0,1,0,0,0.146965939142058,0.853034060857942,-7.4532574490661,0.0513194444444444,0,0.00336388465630986
"922",98,3410057602,174,16,0.0513194444444444,19.95,"MILLER LITE BEER",25328,34100,0.0410812152777778,0.000631711939355654,6,4,0,0,0,0,0,0,0,1,0,0,0.0906806562758987,0.909319343724101,-7.27201812660815,0.0513194444444444,0,0.00696633620993711
"933",98,3410057602,175,19,0.0513194444444444,19.95,"MILLER LITE BEER",24392,34100,0.0410812152777778,0.000778943916038045,6,4,0,0,0,0,0,0,0,1,0,0,0.100080111497559,0.899919888502441,-7.05212197710689,0.0513194444444444,0,0.00778320391916272
"944",98,3410057602,176,12,0.0513194444444444,19.95,"MILLER LITE BEER",26363,34100,0.0410812152777778,0.000455183400978644,6,4,0,0,0,0,0,0,0,1,0,0,0.115483424007604,0.884516575992396,-7.5720961161188,0.0513194444444444,0,0.00394154749818182
"955",98,3410057602,177,20,0.0513194444444444,19.95,"MILLER LITE BEER",24619,34100,0.0410812152777778,0.000812380681587392,6,4,0,0,0,0,0,0,0,1,0,0,0.144873598315741,0.855126401684259,-6.95903552523014,0.0513194444444444,0,0.00560751366040394
"966",98,3410057602,178,13,0.0513194444444444,19.95,"MILLER LITE BEER",24596,34100,0.0410812152777778,0.000528541226215645,6,4,0,0,0,0,0,0,0,1,0,0,0.0835025711701047,0.916497428829895,-7.45819373248259,0.0513194444444444,0,0.00632964013933108
"977",98,3410057602,179,19,0.0513194444444444,19.95,"MILLER LITE BEER",27053,34100,0.0410812152777778,0.000702325065611947,6,4,0,0,0,0,0,0,0,1,0,0,0.0838380876956477,0.916161912304352,-7.17355203491808,0.0513194444444444,0,0.00837715989135576
"988",98,3410057602,180,13,0.0513194444444444,19.95,"MILLER LITE BEER",23136,34100,0.0410812152777778,0.000561894882434301,6,4,0,0,0,0,0,0,0,1,0,0,0.110438192882818,0.889561807117182,-7.36716947844245,0.0513194444444444,0,0.00508786741042121
"999",98,3410057602,181,11,0.0513194444444444,19.95,"MILLER LITE BEER",27525,34100,0.0410812152777778,0.000399636693914623,6,4,0,0,0,0,0,0,0,1,0,0,0.0874874669124413,0.912512533087559,-7.73340123006317,0.0513194444444444,0,0.00456793079075641
"1010",98,3410057602,182,19,0.0415972222222222,1.25,"MILLER LITE BEER",25302,34100,0.0410772569444444,0.00075092878033357,6,4,0,0,0,0,0,0,0,1,0,0,0.105970211977017,0.894029788022983,-7.08218355938068,0.0415972222222222,0,0.0070862251412353
"1021",98,3410057602,183,30,0.0415972222222222,1.25,"MILLER LITE BEER",25223,34100,0.0410772569444444,0.00118939063553106,6,4,0,0,0,0,0,0,0,1,0,0,0.123718013410591,0.876281986589409,-6.6022468366482,0.0415972222222222,0,0.00961372238967135
"1032",98,3410057602,184,17,0.0513194444444444,19.95,"MILLER LITE BEER",25577,34100,0.0410812152777778,0.000664659655158932,6,4,0,0,0,0,0,0,0,1,0,0,0.0964007860886125,0.903599213911388,-7.21486608073392,0.0513194444444444,0,0.00689475347792258
"1043",98,3410057602,185,20,0.0513194444444444,19.95,"MILLER LITE BEER",26353,34100,0.0410812152777778,0.000758926877395363,6,4,0,0,0,0,0,0,0,1,0,0,0.0831524555903188,0.916847544409681,-7.09679105064659,0.0513194444444444,0,0.00912693283689054
"1054",98,3410057602,186,16,0.0513194444444444,19.95,"MILLER LITE BEER",25851,34100,0.0410812152777778,0.000618931569378361,6,4,0,0,0,0,0,0,0,1,0,0,0.0880884434683574,0.911911556531643,-7.29530357057043,0.0513194444444444,0,0.00702625162857701
"1065",98,3410057602,187,15,0.0513194444444444,19.95,"MILLER LITE BEER",26461,34100,0.0410812152777778,0.000566872000302332,6,4,0,0,0,0,0,0,0,1,0,0,0.122104872446396,0.877895127553604,-7.34514889156666,0.0513194444444444,0,0.00464250106441239
"1076",98,3410057602,188,7,0.0513194444444444,19.95,"MILLER LITE BEER",24725,34100,0.0410812152777778,0.000283114256825076,6,4,0,0,0,0,0,0,0,1,0,0,0.0915860700243336,0.908413929975666,-8.07360487319484,0.0513194444444444,0,0.00309123709260431
"1087",98,3410057602,189,25,0.0513194444444444,19.95,"MILLER LITE BEER",26501,34100,0.0410812152777778,0.000943360627900834,6,4,0,0,0,0,0,0,0,1,0,0,0.110501893699279,0.889498106300721,-6.84896402141664,0.0513194444444444,0,0.00853705394830702
"1098",98,3410057602,190,13,0.0513194444444444,19.95,"MILLER LITE BEER",25327,34100,0.0410812152777778,0.000513286216290915,6,4,0,0,0,0,0,0,0,1,0,0,0.112943377169279,0.887056622830721,-7.45483047951038,0.0513194444444444,0,0.00454463315296128
"1109",98,3410057602,191,23,0.0513194444444444,19.95,"MILLER LITE BEER",27322,34100,0.0410812152777778,0.000841812458824391,6,4,0,0,0,0,0,0,0,1,0,0,0.170020651905694,0.829979348094306,-6.89359884120314,0.0513194444444444,0,0.00495123650797036
"1120",98,3410057602,192,54,0.038125,-7.74,"MILLER LITE BEER",25371,34100,0.041075875,0.00212841433132316,6,4,0,0,0,0,0,0,0,1,0,0,0.157472767607061,0.842527232392939,-5.98102872792311,0.038125,0,0.0135160787713731
"1131",98,3410057602,193,55,0.038125,-7.74,"MILLER LITE BEER",27618,34100,0.041075875,0.00199145484828735,6,4,0,0,0,0,0,0,0,1,0,0,0.120045759348851,0.879954240651149,-6.09100445569087,0.038125,0,0.0165891311703916
"1142",98,3410057602,194,21,0.0513194444444444,19.95,"MILLER LITE BEER",26470,34100,0.0410812152777778,0.000793350963354741,6,4,0,0,0,0,0,0,0,1,0,0,0.175971942176195,0.824028057823805,-6.94569415860239,0.0513194444444444,0,0.00450839465396356
"10",98,7336011341,91,21,0.0471527777777778,17.45,"OLD STYLE BEER",27452,73360,0.0389246180555556,0.000764971586769634,1,9,0,0,0,0,0,0,0,0,1,0,0.160243720676529,0.839756279323471,-7.00102829339797,0.0471527777777778,0,0.00477380070520092
"21",98,7336011341,92,14,0.0471527777777778,17.45,"OLD STYLE BEER",28509,73360,0.0389246180555556,0.000491072994492967,1,9,0,0,0,0,0,0,0,0,1,0,0.179048444747772,0.820951555252228,-7.42162659799254,0.0471527777777778,0,0.00274268226783399
"32",98,7336011341,93,28,0.0471527777777778,17.45,"OLD STYLE BEER",27892,73360,0.0389246180555556,0.0010038720780152,1,9,0,0,0,0,0,0,0,0,1,0,0.163680188523833,0.836319811476167,-6.72514648872745,0.0471527777777778,0,0.00613313124250849
"43",98,7336011341,94,18,0.0471527777777778,17.45,"OLD STYLE BEER",30186,73360,0.0389246180555556,0.000596302921884317,1,9,0,0,0,0,0,0,0,0,1,0,0.171503153298151,0.828496846701849,-7.23661951366768,0.0471527777777778,0,0.00347692103857514
"54",98,7336011341,95,13,0.0471527777777778,17.45,"OLD STYLE BEER",27923,73360,0.0389246180555556,0.000465566020843033,1,9,0,0,0,0,0,0,0,0,1,0,0.295882349292852,0.704117650707148,-7.32144682419426,0.0471527777777778,0,0.00157348358885117
"65",98,7336011341,96,31,0.0471527777777778,17.45,"OLD STYLE BEER",27563,73360,0.0389246180555556,0.00112469615063672,1,9,0,0,0,0,0,0,0,0,1,0,0.228582258834122,0.771417741165878,-6.53071713331603,0.0471527777777778,0,0.00492031252282311
"76",98,7336011341,97,16,0.0471527777777778,17.45,"OLD STYLE BEER",27377,73360,0.0389246180555556,0.000584432187602732,1,9,0,0,0,0,0,0,0,0,1,0,0.154077437754725,0.845922562245275,-7.2775423440166,0.0471527777777778,0,0.00379310686963192
"87",98,7336011341,98,27,0.0471527777777778,17.45,"OLD STYLE BEER",29035,73360,0.0389246180555556,0.000929912174961254,1,9,0,0,0,0,0,0,0,0,1,0,0.161445559263888,0.838554440736112,-6.80434463831535,0.0471527777777778,0,0.00575991175725857
"98",98,7336011341,99,20,0.0471527777777778,17.45,"OLD STYLE BEER",29394,73360,0.0389246180555556,0.000680410968224808,1,9,0,0,0,0,0,0,0,0,1,0,0.142503970956944,0.857496029043056,-7.1390748465063,0.0471527777777778,0,0.00477468075910942
"109",98,7336011341,100,19,0.0471527777777778,17.45,"OLD STYLE BEER",28115,73360,0.0389246180555556,0.000675795838520363,1,9,0,0,0,0,0,0,0,0,1,0,0.152956618807566,0.847043381192434,-7.13361617338271,0.0471527777777778,0,0.0044182189943057
"120",98,7336011341,101,14,0.0471527777777778,17.45,"OLD STYLE BEER",26946,73360,0.0389246180555556,0.000519557633786091,1,9,0,0,0,0,0,0,0,0,1,0,0.144578047442924,0.855421952557077,-7.40637239268094,0.0471527777777778,0,0.00359361357395009
