Project/data - Copy.csv
"","store","upc","week","move","price","profit","descrip","custcoun","brand","wp","mks","csame","cdiff","Prod2","Prod3","Prod4","Prod5","Prod6","Prod7","Prod8","Prod9","Prod10","Prod11","summks","os","y","avg_price_product","pricediff_product","withingroupshare"
"131",98,7336011341,102,20,0.0471527777777778,17.45,"OLD STYLE BEER",28849,73360,0.0389246180555556,0.000693264931193456,1,9,0,0,0,0,0,0,0,0,1,0,0.147551396581725,0.852448603418275,-7.11445597484909,0.0471527777777778,0,0.00469846404204974
"142",98,7336011341,103,18,0.0471527777777778,17.45,"OLD STYLE BEER",27950,73360,0.0389246180555556,0.000644007155635063,1,9,0,0,0,0,0,0,0,0,1,0,0.171644858056582,0.828355141943418,-7.15948741952289,0.0471527777777778,0,0.00375197464652723
"153",98,7336011341,104,11,0.0471527777777778,17.45,"OLD STYLE BEER",27037,73360,0.0389246180555556,0.000406849872397085,1,9,0,0,0,0,0,0,0,0,1,0,0.235510838015903,0.764489161984097,-7.53851887413761,0.0471527777777778,0,0.00172752080466722
"164",98,7336011341,105,10,0.0471527777777778,17.45,"OLD STYLE BEER",29325,73360,0.0389246180555556,0.000341005967604433,1,9,0,0,0,0,0,0,0,0,1,0,0.134631013358941,0.865368986641059,-7.839011291672,0.0471527777777778,0,0.00253289312095776
"175",98,7336011341,106,15,0.0471527777777778,17.45,"OLD STYLE BEER",28468,73360,0.0389246180555556,0.000526907404805396,1,9,0,0,0,0,0,0,0,0,1,0,0.127541630663972,0.872458369336028,-7.41204538704499,0.0471527777777778,0,0.004131258178701
"186",98,7336011341,107,20,0.0471527777777778,17.45,"OLD STYLE BEER",26328,73360,0.0389246180555556,0.000759647523549073,1,9,0,0,0,0,0,0,0,0,1,0,0.115288595803509,0.884711404196492,-7.06016223296069,0.0471527777777778,0,0.00658909511608394
"197",98,7336011341,108,11,0.0471527777777778,17.45,"OLD STYLE BEER",27855,73360,0.0389246180555556,0.000394902171961946,1,9,0,0,0,0,0,0,0,0,1,0,0.115815724839727,0.884184275160273,-7.71378270765176,0.0471527777777778,0,0.0034097457189724
"208",98,7336011341,109,18,0.0471527777777778,17.45,"OLD STYLE BEER",27184,73360,0.0389246180555556,0.000662154208357858,1,9,0,0,0,0,0,0,0,0,1,0,0.124851125911501,0.875148874088499,-7.18665082073398,0.0471527777777778,0,0.00530355015642563
"219",98,7336011341,110,14,0.0471527777777778,17.45,"OLD STYLE BEER",30677,73360,0.0389246180555556,0.000456367962969,1,9,0,0,0,0,0,0,0,0,1,0,0.106163466721612,0.893836533278388,-7.57997876830308,0.0471527777777778,0,0.00429872890422574
"230",98,7336011341,111,18,0.0471527777777778,17.45,"OLD STYLE BEER",30641,73360,0.0389246180555556,0.000587448190333214,1,9,0,0,0,0,0,0,0,0,1,0,0.122334316510869,0.877665683489131,-7.30923297412947,0.0471527777777778,0,0.00480199021082545
"241",98,7336011341,112,13,0.0471527777777778,17.45,"OLD STYLE BEER",26667,73360,0.0389246180555556,0.000487493906326171,1,9,0,0,0,0,0,0,0,0,1,0,0.139806261452893,0.860193738547107,-7.47563512972288,0.0471527777777778,0,0.0034869247003678
"252",98,7336011341,113,21,0.0471527777777778,17.45,"OLD STYLE BEER",28782,73360,0.0389246180555556,0.000729622680842193,1,9,0,0,0,0,0,0,0,0,1,0,0.111227244022762,0.888772755977238,-7.10506933928931,0.0471527777777778,0,0.00655974790396567
"263",98,7336011341,114,8,0.0471527777777778,17.45,"OLD STYLE BEER",27461,73360,0.0389246180555556,0.000291322238811405,1,9,0,0,0,0,0,0,0,0,1,0,0.112970228581518,0.887029771418482,-8.02120382051886,0.0471527777777778,0,0.00257875231792764
"274",98,7336011341,115,14,0.0471527777777778,17.45,"OLD STYLE BEER",35045,73360,0.0389246180555556,0.00039948637466115,1,9,0,0,0,0,0,0,0,0,1,0,0.088921270428748,0.911078729571252,-7.73220493490709,0.0471527777777778,0,0.00449258510067347
"285",98,7336011341,116,19,0.0471527777777778,17.45,"OLD STYLE BEER",24712,73360,0.0389246180555556,0.000768857235351246,1,9,0,0,0,0,0,0,0,0,1,0,0.219650333031936,0.780349666968064,-6.92259208666579,0.0471527777777778,0,0.00350036908543844
"296",98,7336011341,117,16,0.0472916666666667,17.69,"OLD STYLE BEER",28278,73360,0.0389257708333333,0.000565810877714124,1,9,0,0,0,0,0,0,0,0,1,0,0.139797429405902,0.860202570594098,-7.32666330364297,0.0473765432098765,-8.48765432098775e-05,0.00404736253104692
"307",98,7336011341,118,13,0.0485416666666667,19.81,"OLD STYLE BEER",28272,73360,0.0389255625,0.000459818902093945,1,9,0,0,0,0,0,0,0,0,1,0,0.102755175164284,0.897244824835716,-7.5762513203205,0.0485416666666667,0,0.00447489774951761
"318",98,7336011341,119,11,0.0485416666666667,19.81,"OLD STYLE BEER",30340,73360,0.0389255625,0.00036255767963085,1,9,0,0,0,0,0,0,0,0,1,0,0.108132090593923,0.891867909406077,-7.80788973911109,0.0485416666666667,0,0.00335291473270773
"329",98,7336011341,120,26,0.0485416666666667,19.81,"OLD STYLE BEER",27660,73360,0.0389255625,0.00093998553868402,1,9,0,0,0,0,0,0,0,0,1,0,0.206769712513018,0.793230287486982,-6.73800436805385,0.0485416666666667,0,0.00454605042131033
"340",98,7336011341,121,15,0.0485416666666667,19.81,"OLD STYLE BEER",27891,73360,0.0389255625,0.000537807895019899,1,9,0,0,0,0,0,0,0,0,1,0,0.17975591860958,0.82024408139042,-7.32985581123812,0.0485416666666667,0,0.00299187864955918
"351",98,7336011341,122,13,0.049375,19.83,"OLD STYLE BEER",25754,73360,0.0395839375,0.000504775957132873,1,9,0,0,0,0,0,0,0,0,1,0,0.0955079544492083,0.904492045550792,-7.49101410788136,0.0493441358024691,3.08641975308652e-05,0.00528517190053856
"362",98,7336011341,123,5,0.0513194444444444,19.95,"OLD STYLE BEER",28062,73360,0.0410812152777778,0.000178176894020383,1,9,0,0,0,0,0,0,0,0,1,0,0.095828232503149,0.904171767496851,-8.53199778617357,0.0513194444444444,0,0.00185933612012022
"373",98,7336011341,124,14,0.0513194444444444,19.95,"OLD STYLE BEER",28177,73360,0.0410812152777778,0.000496859140433687,1,9,0,0,0,0,0,0,0,0,1,0,0.11012200102275,0.88987799897725,-7.49053308623602,0.0513194444444444,0,0.00451189713062915
"384",98,7336011341,125,6,0.0513194444444444,19.95,"OLD STYLE BEER",25559,73360,0.0410812152777778,0.000234750968347744,1,9,0,0,0,0,0,0,0,0,1,0,0.151938721522505,0.848061278477495,-8.1921829314219,0.0513194444444444,0,0.00154503714389207
"395",98,7336011341,126,10,0.0513194444444444,19.95,"OLD STYLE BEER",25941,73360,0.0410812152777778,0.000385490150726649,1,9,0,0,0,0,0,0,0,0,1,0,0.0977251858019289,0.902274814198071,-7.75815878137182,0.0513194444444444,0,0.00394463461556335
"406",98,7336011341,127,9,0.0509027777777778,19.3,"OLD STYLE BEER",28912,73360,0.0410785416666667,0.000311289429994466,1,9,0,0,0,0,0,0,0,0,1,0,0.0778651447013141,0.922134855298686,-7.99372363325617,0.0510493827160494,-0.000146604938271608,0.00399780198429673
"417",98,7336011341,128,35,0.0415972222222222,1.25,"OLD STYLE BEER",25197,73360,0.0410772569444444,0.00138905425249038,1,9,0,0,0,0,0,0,0,0,1,0,0.116308209700146,0.883691790299854,-6.45548522665911,0.0415972222222222,0,0.0119428736464218
"428",98,7336011341,129,32,0.0415972222222222,1.25,"OLD STYLE BEER",25112,73360,0.0410772569444444,0.00127429117553361,1,9,0,0,0,0,0,0,0,0,1,0,0.119230853928716,0.880769146071284,-6.53840547209716,0.0415972222222222,0,0.0106875958155551
"439",98,7336011341,130,6,0.050625,18.86,"OLD STYLE BEER",27962,73360,0.041077125,0.000214576925827909,1,9,0,0,0,0,0,0,0,0,1,0,0.110709567336545,0.889290432663455,-8.32951085440739,0.050625,0,0.00193819677007334
"450",98,7336011341,131,7,0.050625,18.86,"OLD STYLE BEER",27057,73360,0.041077125,0.00025871308718631,1,9,0,0,0,0,0,0,0,0,1,0,0.113224222153805,0.886775777846195,-8.13962776605429,0.050625,0,0.0022849623716988
"461",98,7336011341,132,10,0.050625,18.86,"OLD STYLE BEER",26221,73360,0.041077125,0.000381373708096564,1,9,0,0,0,0,0,0,0,0,1,0,0.122438590667897,0.877561409332103,-7.7411224584758,0.050625,0,0.00311481621943039
"472",98,7336011341,133,9,0.050625,18.86,"OLD STYLE BEER",27724,73360,0.041077125,0.00032462848073871,1,9,0,0,0,0,0,0,0,0,1,0,0.113110420383666,0.886889579616334,-7.9127943738124,0.050625,0,0.00287001391770611
"483",98,7336011341,134,9,0.050625,18.86,"OLD STYLE BEER",24855,73360,0.041077125,0.000362100181050091,1,9,0,0,0,0,0,0,0,0,1,0,0.0919781128432479,0.908021887156752,-7.82710284531938,0.050625,0,0.00393680811506965
"494",98,7336011341,135,8,0.050625,18.86,"OLD STYLE BEER",29105,73360,0.041077125,0.000274866861364027,1,9,0,0,0,0,0,0,0,0,1,0,0.087014757413691,0.912985242586309,-8.10818815585684,0.050625,0,0.00315885338916981
"505",98,7336011341,136,10,0.050625,18.86,"OLD STYLE BEER",29272,73360,0.041077125,0.000341623394370046,1,9,0,0,0,0,0,0,0,0,1,0,0.110040193489792,0.889959806510208,-7.86522263520476,0.050625,0,0.00310453283964587
"516",98,7336011341,137,9,0.050625,18.86,"OLD STYLE BEER",24381,73360,0.041077125,0.000369139904023625,1,9,0,0,0,0,0,0,0,0,1,0,0.145163684101017,0.854836315898983,-7.74748957031909,0.050625,0,0.00254292184928805
"527",98,7336011341,138,9,0.050625,18.86,"OLD STYLE BEER",25399,73360,0.041077125,0.000354344659238553,1,9,0,0,0,0,0,0,0,0,1,0,0.100017015288915,0.899982984711085,-7.83986108310353,0.050625,0,0.00354284376728271
"538",98,7336011341,139,13,0.050625,18.86,"OLD STYLE BEER",28639,73360,0.041077125,0.000453926463912846,1,9,0,0,0,0,0,0,0,0,1,0,0.110086316138778,0.889913683861222,-7.58094454141751,0.050625,0,0.00412336864229897
"549",98,7336011341,140,18,0.050625,18.86,"OLD STYLE BEER",31391,73360,0.041077125,0.000573412761619572,1,9,0,0,0,0,0,0,0,0,1,0,0.142144028105693,0.857855971894307,-7.31058569020167,0.050625,0,0.00403402639745938
"560",98,7336011341,141,11,0.050625,18.86,"OLD STYLE BEER",28176,73360,0.041077125,0.000390403180011357,1,9,0,0,0,0,0,0,0,0,1,0,0.173554742568719,0.826445257431281,-7.65770895982005,0.050625,0,0.00224945267546796
"571",98,7336011341,142,8,0.050625,18.86,"OLD STYLE BEER",31550,73360,0.041077125,0.000253565768621236,1,9,0,0,0,0,0,0,0,0,1,0,0.143746523370508,0.856253476629492,-8.12469849717279,0.050625,0,0.00176397844397021
"582",98,7336011341,143,9,0.050625,18.86,"OLD STYLE BEER",26074,73360,0.041077125,0.000345171435146123,1,9,0,0,0,0,0,0,0,0,1,0,0.126024557852781,0.873975442147219,-7.83676634893541,0.050625,0,0.00273892200875121
"593",98,7336011341,144,4,0.050625,18.86,"OLD STYLE BEER",27181,73360,0.041077125,0.000147161620249439,1,9,0,0,0,0,0,0,0,0,1,0,0.145184687289837,0.854815312710163,-8.66710927576239,0.050625,0,0.00101361667677567
"604",98,7336011341,145,13,0.050625,18.86,"OLD STYLE BEER",28084,73360,0.041077125,0.000462897023216066,1,9,0,0,0,0,0,0,0,0,1,0,0.148585327772893,0.851414672227107,-7.51714994799882,0.050625,0,0.00311536159158047
"615",98,7336011341,146,5,0.050625,18.86,"OLD STYLE BEER",26806,73360,0.041077125,0.000186525404760128,1,9,0,0,0,0,0,0,0,0,1,0,0.126219600037342,0.873780399962658,-8.45201691608304,0.050625,0,0.00147778478702947
"626",98,7336011341,147,10,0.050625,18.86,"OLD STYLE BEER",29036,73360,0.041077125,0.000344400055104009,1,9,0,0,0,0,0,0,0,0,1,0,0.192816164893118,0.807183835106882,-7.75950278938398,0.050625,0,0.00178615758328622
"637",98,7336011341,148,15,0.050625,18.86,"OLD STYLE BEER",26441,73360,0.041077125,0.00056730078287508,1,9,0,0,0,0,0,0,0,0,1,0,0.285278675601689,0.714721324398311,-7.13875834528175,0.050625,0,0.00198858460653805
"648",98,7336011341,149,18,0.050625,18.86,"OLD STYLE BEER",26007,73360,0.041077125,0.000692121351943707,1,9,0,0,0,0,0,0,0,0,1,0,0.12915125426408,0.87084874573592,-7.13746228055952,0.050625,0,0.00535899829922288
"659",98,7336011341,150,12,0.0513194444444444,19.95,"OLD STYLE BEER",27564,73360,0.0410812152777778,0.00043535045711798,1,9,0,0,0,0,0,0,0,0,1,0,0.131905645146946,0.868094354853054,-7.59790433620724,0.0513194444444444,0,0.00330046873000006
"670",98,7336011341,151,7,0.0513194444444444,19.95,"OLD STYLE BEER",25180,73360,0.0410812152777778,0.000277998411437649,1,9,0,0,0,0,0,0,0,0,1,0,0.140298276539399,0.859701723460601,-8.03672537546255,0.0513194444444444,0,0.00198148130037492
"681",98,7336011341,152,14,0.0513194444444444,19.95,"OLD STYLE BEER",25724,73360,0.0410812152777778,0.000544238843103716,1,9,0,0,0,0,0,0,0,0,1,0,0.138258247844966,0.861741752155034,-7.36732271296708,0.0513194444444444,0,0.00393639331892873
"692",98,7336011341,153,9,0.0513194444444444,19.95,"OLD STYLE BEER",27180,73360,0.0410812152777778,0.00033112582781457,1,9,0,0,0,0,0,0,0,0,1,0,0.114528455740993,0.885471544259007,-7.89137715286916,0.0513194444444444,0,0.00289121009859255
"703",98,7336011341,154,15,0.0513194444444444,19.95,"OLD STYLE BEER",25702,73360,0.0410812152777778,0.000583612170259124,1,9,0,0,0,0,0,0,0,0,1,0,0.119874901023928,0.880125098976072,-7.31858266407887,0.0513194444444444,0,0.00486851013243074
"714",98,7336011341,155,9,0.0513194444444444,19.95,"OLD STYLE BEER",25715,73360,0.0410812152777778,0.000349990278047832,1,9,0,0,0,0,0,0,0,0,1,0,0.143169913889917,0.856830086110083,-7.80308953491527,0.0513194444444444,0,0.00244457979011526
"725",98,7336011341,156,14,0.0513194444444444,19.95,"OLD STYLE BEER",26142,73360,0.0410812152777778,0.000535536684262872,1,9,0,0,0,0,0,0,0,0,1,0,0.224777404249238,0.775222595750762,-7.27763609518515,0.0513194444444444,0,0.0023825201027282
"736",98,7336011341,157,5,0.0513194444444444,19.95,"OLD STYLE BEER",24770,73360,0.0410812152777778,0.00020185708518369,1,9,0,0,0,0,0,0,0,0,1,0,0.107849181402936,0.892150818597064,-8.3938305284996,0.0513194444444444,0,0.00187166080036834
"747",98,7336011341,158,4,0.0513194444444444,19.95,"OLD STYLE BEER",26237,73360,0.0410812152777778,0.000152456454625148,1,9,0,0,0,0,0,0,0,0,1,0,0.0920496658476804,0.90795033415232,-8.69206594618678,0.0513194444444444,0,0.0016562412608583
"758",98,7336011341,159,5,0.0513194444444444,19.95,"OLD STYLE BEER",27115,73360,0.0410812152777778,0.000184399778720266,1,9,0,0,0,0,0,0,0,0,1,0,0.108752993338645,0.891247006661355,-8.48327078099705,0.0513194444444444,0,0.00169558347829622
"769",98,7336011341,160,5,0.0513194444444444,19.95,"OLD STYLE BEER",27107,73360,0.0410812152777778,0.000184454200022135,1,9,0,0,0,0,0,0,0,0,1,0,0.101066937940195,0.898933062059805,-8.49156265815922,0.0513194444444444,0,0.00182506963979934
"780",98,7336011341,161,12,0.0513194444444444,19.95,"OLD STYLE BEER",26231,73360,0.0410812152777778,0.000457473981167321,1,9,0,0,0,0,0,0,0,0,1,0,0.0990504013030653,0.900949598696935,-7.58548458439984,0.0513194444444444,0,0.00461859795769614
"791",98,7336011341,162,4,0.0513194444444444,19.95,"OLD STYLE BEER",29514,73360,0.0410812152777778,0.000135528901538253,1,9,0,0,0,0,0,0,0,0,1,0,0.0964092472177752,0.903590752782225,-8.80494691671144,0.0513194444444444,0,0.00140576661937949
"802",98,7336011341,163,7,0.0513194444444444,19.95,"OLD STYLE BEER",27508,73360,0.0410812152777778,0.000254471426494111,1,9,0,0,0,0,0,0,0,0,1,0,0.125937996726062,0.874062003273938,-8.14171803750258,0.0513194444444444,0,0.00202060881631801
"813",98,7336011341,164,10,0.0513194444444444,19.95,"OLD STYLE BEER",26185,73360,0.0410812152777778,0.000381898033225129,1,9,0,0,0,0,0,0,0,0,1,0,0.126492648439199,0.873507351560801,-7.73511818048766,0.0513194444444444,0,0.00301913224157605
"824",98,7336011341,165,6,0.0513194444444444,19.95,"OLD STYLE BEER",25531,73360,0.0410812152777778,0.000235008421135091,1,9,0,0,0,0,0,0,0,0,1,0,0.0948876284630554,0.905112371536945,-8.25619303429854,0.0513194444444444,0,0.00247670244205325
"835",98,7336011341,166,10,0.0513194444444444,19.95,"OLD STYLE BEER",25241,73360,0.0410812152777778,0.000396180816924844,1,9,0,0,0,0,0,0,0,0,1,0,0.106135561638203,0.893864438361797,-7.72143869227919,0.0513194444444444,0,0.00373278108496144
"846",98,7336011341,167,15,0.0513194444444444,19.95,"OLD STYLE BEER",31809,73360,0.0410812152777778,0.000471564651513723,1,9,0,0,0,0,0,0,0,0,1,0,0.133840081904626,0.866159918095374,-7.51576862195158,0.0513194444444444,0,0.00352334401476052
"857",98,7336011341,168,16,0.0513194444444444,19.95,"OLD STYLE BEER",23208,73360,0.0410812152777778,0.000689417442261289,1,9,0,0,0,0,0,0,0,0,1,0,0.13128591619262,0.86871408380738,-7.13892237822371,0.0513194444444444,0,0.00525126732748537
"868",98,7336011341,169,6,0.0513194444444444,19.95,"OLD STYLE BEER",26034,73360,0.0410812152777778,0.000230467849734962,1,9,0,0,0,0,0,0,0,0,1,0,0.0771881765067679,0.922811823493232,-8.29506924566186,0.0513194444444444,0,0.00298579212730533
"879",98,7336011341,170,14,0.0513194444444444,19.95,"OLD STYLE BEER",25525,73360,0.0410812152777778,0.000548481880509305,1,9,0,0,0,0,0,0,0,0,1,0,0.0888341826882022,0.911165817311798,-7.41532593194006,0.0513194444444444,0,0.00617422104770653
"890",98,7336011341,171,16,0.0513194444444444,19.95,"OLD STYLE BEER",31750,73360,0.0410812152777778,0.000503937007874016,1,9,0,0,0,0,0,0,0,0,1,0,0.120561252067731,0.879438747932269,-7.46458792065828,0.0513194444444444,0,0.00417992513540673
"901",98,7336011341,172,13,0.0513194444444444,19.95,"OLD STYLE BEER",22874,73360,0.0410812152777778,0.000568330855993705,1,9,0,0,0,0,0,0,0,0,1,0,0.151211757533219,0.848788242466781,-7.30886127215361,0.0513194444444444,0,0.00375850969041775
"912",98,7336011341,173,8,0.0513194444444444,19.95,"OLD STYLE BEER",24273,73360,0.0410812152777778,0.000329584311786759,1,9,0,0,0,0,0,0,0,0,1,0,0.146965939142058,0.853034060857942,-7.85872255717426,0.0513194444444444,0,0.00224258977087324
"923",98,7336011341,174,6,0.0513194444444444,19.95,"OLD STYLE BEER",25328,73360,0.0410812152777778,0.00023689197725837,1,9,0,0,0,0,0,0,0,0,1,0,0.0906806562758987,0.909319343724101,-8.25284737961987,0.0513194444444444,0,0.00261237607872642
"934",98,7336011341,175,2,0.0513194444444444,19.95,"OLD STYLE BEER",24392,73360,0.0410812152777778,8.19940964250574e-05,1,9,0,0,0,0,0,0,0,0,1,0,0.100080111497559,0.899919888502441,-9.30341377571338,0.0513194444444444,0,0.00081928462306976
"945",98,7336011341,176,7,0.0513194444444444,19.95,"OLD STYLE BEER",26363,73360,0.0410812152777778,0.000265523650570876,1,9,0,0,0,0,0,0,0,0,1,0,0.115483424007604,0.884516575992396,-8.11109261685149,0.0513194444444444,0,0.00229923604060607
"956",98,7336011341,177,6,0.0513194444444444,19.95,"OLD STYLE BEER",24619,73360,0.0410812152777778,0.000243714204476218,1,9,0,0,0,0,0,0,0,0,1,0,0.144873598315741,0.855126401684259,-8.16300832955607,0.0513194444444444,0,0.00168225409812118
