Project/data - Copy.csv
"","store","upc","week","move","price","profit","descrip","custcoun","brand","wp","mks","csame","cdiff","Prod2","Prod3","Prod4","Prod5","Prod6","Prod7","Prod8","Prod9","Prod10","Prod11","summks","os","y","avg_price_product","pricediff_product","withingroupshare"
"660",98,7336011751,150,22,0.0526388888888889,21.97,"OLD STYLE BEER",27564,73360,0.041074125,0.000798142504716297,1,9,0,0,0,0,0,0,0,0,0,1,0.131905645146946,0.868094354853054,-6.99176853263693,0.0526388888888889,0,0.00605085933833344
"671",98,7336011751,151,26,0.0526388888888889,21.97,"OLD STYLE BEER",25180,73360,0.041074125,0.00103256552819698,1,9,0,0,0,0,0,0,0,0,0,1,0.140298276539399,0.859701723460601,-6.72453898649638,0.0526388888888889,0,0.00735978768710684
"682",98,7336011751,152,26,0.0526388888888889,21.97,"OLD STYLE BEER",25724,73360,0.041074125,0.00101072928004976,1,9,0,0,0,0,0,0,0,0,0,1,0.138258247844966,0.861741752155034,-6.74828350456086,0.0526388888888889,0,0.00731044473515335
"693",98,7336011751,153,16,0.0526388888888889,21.97,"OLD STYLE BEER",27180,73360,0.041074125,0.000588668138337013,1,9,0,0,0,0,0,0,0,0,0,1,0.114528455740993,0.885471544259007,-7.3160130079656,0.0526388888888889,0,0.00513992906416453
"704",98,7336011751,154,21,0.0526388888888889,21.97,"OLD STYLE BEER",25702,73360,0.041074125,0.000817057038362773,1,9,0,0,0,0,0,0,0,0,0,1,0.119874901023928,0.880125098976072,-6.98211042745765,0.0526388888888889,0,0.00681591418540304
"715",98,7336011751,155,9,0.0526388888888889,21.97,"OLD STYLE BEER",25715,73360,0.041074125,0.000349990278047832,1,9,0,0,0,0,0,0,0,0,0,1,0.143169913889917,0.856830086110083,-7.80308953491527,0.0526388888888889,0,0.00244457979011526
"726",98,7336011751,156,15,0.0526388888888889,21.97,"OLD STYLE BEER",26142,73360,0.041074125,0.000573789304567363,1,9,0,0,0,0,0,0,0,0,0,1,0.224777404249238,0.775222595750762,-7.2086432236982,0.0526388888888889,0,0.00255270011006593
"737",98,7336011751,157,7,0.0533333333333333,22.99,"OLD STYLE BEER",24770,73360,0.041072,0.000282599919257166,1,9,0,0,0,0,0,0,0,0,0,1,0.107849181402936,0.892150818597064,-8.05735829187839,0.0525771604938272,0.000756172839506172,0.00262032512051568
"748",98,7336011751,158,11,0.0554166666666667,25.88,"OLD STYLE BEER",26237,73360,0.0410748333333333,0.000419255250219156,1,9,0,0,0,0,0,0,0,0,0,1,0.0920496658476804,0.90795033415232,-7.6804650345083,0.0529475308641975,0.00246913580246914,0.00455466346736033
"759",98,7336011751,159,10,0.0554166666666667,25.88,"OLD STYLE BEER",27115,73360,0.0410748333333333,0.000368799557440531,1,9,0,0,0,0,0,0,0,0,0,1,0.108752993338645,0.891247006661355,-7.79012360043711,0.0529475308641975,0.00246913580246914,0.00339116695659244
"770",98,7336011751,160,23,0.0554166666666667,25.88,"OLD STYLE BEER",27107,73360,0.0410748333333333,0.000848489320101819,1,9,0,0,0,0,0,0,0,0,0,1,0.101066937940195,0.898933062059805,-6.96550635466417,0.0529475308641975,0.00246913580246914,0.00839532034307696
"781",98,7336011751,161,16,0.0554166666666667,25.88,"OLD STYLE BEER",26231,73360,0.0410748333333333,0.000609965308223095,1,9,0,0,0,0,0,0,0,0,0,1,0.0990504013030653,0.900949598696935,-7.29780251194806,0.0529475308641975,0.00246913580246914,0.00615813061026153
"792",98,7336011751,162,19,0.0554166666666667,25.88,"OLD STYLE BEER",29514,73360,0.0410748333333333,0.000643762282306702,1,9,0,0,0,0,0,0,0,0,0,1,0.0964092472177752,0.903590752782225,-7.24680229866489,0.0529475308641975,0.00246913580246914,0.00667739144205256
"803",98,7336011751,163,3,0.0554166666666667,25.88,"OLD STYLE BEER",27508,73360,0.0410748333333333,0.00010905918278319,1,9,0,0,0,0,0,0,0,0,0,1,0.125937996726062,0.874062003273938,-8.98901589788978,0.0529475308641975,0.00246913580246914,0.000865975206993434
"814",98,7336011751,164,10,0.0554166666666667,25.88,"OLD STYLE BEER",26185,73360,0.0410748333333333,0.000381898033225129,1,9,0,0,0,0,0,0,0,0,0,1,0.126492648439199,0.873507351560801,-7.73511818048766,0.0529475308641975,0.00246913580246914,0.00301913224157605
"825",98,7336011751,165,20,0.0554166666666667,25.88,"OLD STYLE BEER",25531,73360,0.0410748333333333,0.000783361403783636,1,9,0,0,0,0,0,0,0,0,0,1,0.0948876284630554,0.905112371536945,-7.0522202299726,0.0529475308641975,0.00246913580246914,0.00825567480684416
"836",98,7336011751,166,15,0.0554166666666667,25.88,"OLD STYLE BEER",25241,73360,0.0410748333333333,0.000594271225387267,1,9,0,0,0,0,0,0,0,0,0,1,0.106135561638203,0.893864438361797,-7.31597358417102,0.0529475308641975,0.00246913580246914,0.00559917162744215
"847",98,7336011751,167,23,0.0554166666666667,25.88,"OLD STYLE BEER",31809,73360,0.0410748333333333,0.000723065798987708,1,9,0,0,0,0,0,0,0,0,0,1,0.133840081904626,0.866159918095374,-7.08832460712464,0.0529475308641975,0.00246913580246914,0.00540246082263279
"858",98,7336011751,168,13,0.0554166666666667,25.88,"OLD STYLE BEER",23208,73360,0.0410748333333333,0.000560151671837297,1,9,0,0,0,0,0,0,0,0,0,1,0.13128591619262,0.86871408380738,-7.34656174300195,0.0529475308641975,0.00246913580246914,0.00426665470358186
"869",98,7336011751,169,16,0.0554166666666667,25.88,"OLD STYLE BEER",26034,73360,0.0410748333333333,0.000614580932626565,1,9,0,0,0,0,0,0,0,0,0,1,0.0771881765067679,0.922811823493232,-7.31423999265013,0.0529475308641975,0.00246913580246914,0.00796211233948088
"880",98,7336011751,170,18,0.0554166666666667,25.88,"OLD STYLE BEER",25525,73360,0.0410748333333333,0.000705190989226249,1,9,0,0,0,0,0,0,0,0,0,1,0.0888341826882022,0.911165817311798,-7.16401150365915,0.0529475308641975,0.00246913580246914,0.0079382842041941
"891",98,7336011751,171,16,0.0554166666666667,25.88,"OLD STYLE BEER",31750,73360,0.0410748333333333,0.000503937007874016,1,9,0,0,0,0,0,0,0,0,0,1,0.120561252067731,0.879438747932269,-7.46458792065828,0.0529475308641975,0.00246913580246914,0.00417992513540673
"902",98,7336011751,172,15,0.0554166666666667,25.88,"OLD STYLE BEER",22874,73360,0.0410748333333333,0.000655766372300428,1,9,0,0,0,0,0,0,0,0,0,1,0.151211757533219,0.848788242466781,-7.16576042851294,0.0529475308641975,0.00246913580246914,0.00433674195048202
"913",98,7336011751,173,11,0.0554166666666667,25.88,"OLD STYLE BEER",24273,73360,0.0410748333333333,0.000453178428706794,1,9,0,0,0,0,0,0,0,0,0,1,0.146965939142058,0.853034060857942,-7.54026882605573,0.0529475308641975,0.00246913580246914,0.0030835609349507
"924",98,7336011751,174,11,0.0554166666666667,25.88,"OLD STYLE BEER",25328,73360,0.0410748333333333,0.000434301958307012,1,9,0,0,0,0,0,0,0,0,0,1,0.0906806562758987,0.909319343724101,-7.64671157604956,0.0529475308641975,0.00246913580246914,0.00478935614433176
"935",98,7336011751,175,11,0.0554166666666667,25.88,"OLD STYLE BEER",24392,73360,0.0410748333333333,0.000450967530337816,1,9,0,0,0,0,0,0,0,0,0,1,0.100080111497559,0.899919888502441,-7.59866568347496,0.0529475308641975,0.00246913580246914,0.00450606542688368
"946",98,7336011751,176,7,0.0554166666666667,25.88,"OLD STYLE BEER",26363,73360,0.0410748333333333,0.000265523650570876,1,9,0,0,0,0,0,0,0,0,0,1,0.115483424007604,0.884516575992396,-8.11109261685149,0.0529475308641975,0.00246913580246914,0.00229923604060607
"957",98,7336011751,177,11,0.0554166666666667,25.88,"OLD STYLE BEER",24619,73360,0.0410748333333333,0.000446809374873066,1,9,0,0,0,0,0,0,0,0,0,1,0.144873598315741,0.855126401684259,-7.55687252598576,0.0529475308641975,0.00246913580246914,0.00308413251322217
"968",98,7336011751,178,11,0.0554166666666667,25.88,"OLD STYLE BEER",24596,73360,0.0410748333333333,0.000447227191413238,1,9,0,0,0,0,0,0,0,0,0,1,0.0835025711701047,0.916497428829895,-7.62524781714576,0.0529475308641975,0.00246913580246914,0.00535584934866476
"979",98,7336011751,179,15,0.0554166666666667,25.88,"OLD STYLE BEER",27053,73360,0.0410748333333333,0.000554467157062063,1,9,0,0,0,0,0,0,0,0,0,1,0.0838380876956477,0.916161912304352,-7.40994081298231,0.0529475308641975,0.00246913580246914,0.00661354728264929
"990",98,7336011751,180,14,0.0554166666666667,25.88,"OLD STYLE BEER",23136,73360,0.0410748333333333,0.000605117565698479,1,9,0,0,0,0,0,0,0,0,0,1,0.110438192882818,0.889561807117182,-7.29306150628873,0.0529475308641975,0.00246913580246914,0.00547924182660745
"1001",98,7336011751,181,10,0.0554166666666667,25.88,"OLD STYLE BEER",27525,73360,0.0410748333333333,0.00036330608537693,1,9,0,0,0,0,0,0,0,0,0,1,0.0874874669124413,0.912512533087559,-7.8287114098675,0.0529475308641975,0.00246913580246914,0.0041526643552331
"1012",98,7336011751,182,14,0.0554166666666667,25.88,"OLD STYLE BEER",25302,73360,0.0410748333333333,0.000553315943403683,1,9,0,0,0,0,0,0,0,0,0,1,0.105970211977017,0.894029788022983,-7.38756520893186,0.0529475308641975,0.00246913580246914,0.00522142905143654
"1023",98,7336011751,183,14,0.0554166666666667,25.88,"OLD STYLE BEER",25223,73360,0.0410748333333333,0.000555048963247829,1,9,0,0,0,0,0,0,0,0,0,1,0.123718013410591,0.876281986589409,-7.3643868886951,0.0529475308641975,0.00246913580246914,0.00448640378184663
"1034",98,7336011751,184,19,0.0554166666666667,25.88,"OLD STYLE BEER",25577,73360,0.0410748333333333,0.000742854908707042,1,9,0,0,0,0,0,0,0,0,0,1,0.0964007860886125,0.903599213911388,-7.10364044562369,0.0529475308641975,0.00246913580246914,0.00770590094591347
"1045",98,7336011751,185,17,0.0554166666666667,25.88,"OLD STYLE BEER",26353,73360,0.0410748333333333,0.000645087845786059,1,9,0,0,0,0,0,0,0,0,0,1,0.0831524555903188,0.916847544409681,-7.25930998014436,0.0529475308641975,0.00246913580246914,0.00775789291135696
"1056",98,7336011751,186,20,0.0554166666666667,25.88,"OLD STYLE BEER",25851,73360,0.0410748333333333,0.000773664461722951,1,9,0,0,0,0,0,0,0,0,0,1,0.0880884434683574,0.911911556531643,-7.07216001925623,0.0529475308641975,0.00246913580246914,0.00878281453572127
"1067",98,7336011751,187,20,0.0554166666666667,25.88,"OLD STYLE BEER",26461,73360,0.0410748333333333,0.000755829333736442,1,9,0,0,0,0,0,0,0,0,0,1,0.122104872446396,0.877895127553604,-7.05746681911488,0.0529475308641975,0.00246913580246914,0.00619000141921652
"1078",98,7336011751,188,18,0.0554166666666667,25.88,"OLD STYLE BEER",24725,73360,0.0410748333333333,0.000728008088978766,1,9,0,0,0,0,0,0,0,0,0,1,0.0915860700243336,0.908413929975666,-7.12914326435399,0.0529475308641975,0.00246913580246914,0.00794889538098251
"1089",98,7336011751,189,17,0.0554166666666667,25.88,"OLD STYLE BEER",26501,73360,0.0410748333333333,0.000641485226972567,1,9,0,0,0,0,0,0,0,0,0,1,0.110501893699279,0.889498106300721,-7.23462650222862,0.0529475308641975,0.00246913580246914,0.00580519668484877
"1100",98,7336011751,190,18,0.0554166666666667,25.88,"OLD STYLE BEER",25327,73360,0.0410748333333333,0.000710703991787421,1,9,0,0,0,0,0,0,0,0,0,1,0.112943377169279,0.887056622830721,-7.12940807907575,0.0529475308641975,0.00246913580246914,0.00629256898102331
"1111",98,7336011751,191,14,0.0554166666666667,25.88,"OLD STYLE BEER",27322,73360,0.0410748333333333,0.000512407583632238,1,9,0,0,0,0,0,0,0,0,0,1,0.170020651905694,0.829979348094306,-7.39003572751703,0.0529475308641975,0.00246913580246914,0.0030137961352863
"1122",98,7336011751,192,14,0.0554166666666667,25.88,"OLD STYLE BEER",25371,73360,0.0410748333333333,0.000551811122935635,1,9,0,0,0,0,0,0,0,0,0,1,0.157472767607061,0.842527232392939,-7.33095544487213,0.0529475308641975,0.00246913580246914,0.00350416857035599
"1133",98,7336011751,193,11,0.0554166666666667,25.88,"OLD STYLE BEER",27618,73360,0.0410748333333333,0.00039829096965747,1,9,0,0,0,0,0,0,0,0,0,1,0.120045759348851,0.879954240651149,-7.70044236812497,0.0529475308641975,0.00246913580246914,0.00331782623407831
"1144",98,7336011751,194,11,0.0554166666666667,25.88,"OLD STYLE BEER",26470,73360,0.0410748333333333,0.000415564790328674,1,9,0,0,0,0,0,0,0,0,0,1,0.175971942176195,0.824028057823805,-7.59232132352744,0.0529475308641975,0.00246913580246914,0.00236154005683805
