Project/data - Copy.csv
"","store","upc","week","move","price","profit","descrip","custcoun","brand","wp","mks","csame","cdiff","Prod2","Prod3","Prod4","Prod5","Prod6","Prod7","Prod8","Prod9","Prod10","Prod11","summks","os","y","avg_price_product","pricediff_product","withingroupshare"
"1146",100,1820011168,91,152,0.0346875,13.11,"BUDWEISER BEER",28349,18200,0.03013996875,0.00536174115489082,1,9,1,0,0,0,0,0,0,0,0,0,0.160243720676529,0.839756279323471,-5.05382294141177,0.0346875,0,0.033459914262189
"1157",100,1820011168,92,176,0.0346875,13.11,"BUDWEISER BEER",28523,18200,0.03013996875,0.00617045892788276,1,9,1,0,0,0,0,0,0,0,0,0,0.179048444747772,0.820951555252228,-4.89069088502725,0.0346875,0,0.0344625106159128
"1168",100,1820011168,93,104,0.0381597222222222,2.82,"BUDWEISER BEER",28742,18200,0.0370836180555556,0.00361839816296709,1,9,1,0,0,0,0,0,0,0,0,0,0.163680188523833,0.836319811476167,-5.44297965805458,0.038545524691358,-0.000385802469135804,0.0221065126793901
"1179",100,1820011168,94,67,0.0381597222222222,2.82,"BUDWEISER BEER",31941,18200,0.0370836180555556,0.00209761748223287,1,9,1,0,0,0,0,0,0,0,0,0,0.171503153298151,0.828496846701849,-5.97881086243622,0.038545524691358,-0.000385802469135804,0.0122307808450977
"1190",100,1820011168,95,95,0.0381597222222222,2.82,"BUDWEISER BEER",27720,18200,0.0370836180555556,0.00342712842712843,1,9,1,0,0,0,0,0,0,0,0,0,0.295882349292852,0.704117650707148,-5.32522274239838,0.038545524691358,-0.000385802469135804,0.0115827403537897
"1201",100,1820011168,96,138,0.0352777777777778,11.22,"BUDWEISER BEER",29197,18200,0.0313196111111111,0.00472651299791074,1,9,1,0,0,0,0,0,0,0,0,0,0.228582258834122,0.771417741165878,-5.095042323282,0.0355516975308642,-0.000273919753086424,0.0206775146156058
"1212",100,1820011168,97,81,0.0381597222222222,2.82,"BUDWEISER BEER",28537,18200,0.0370836180555556,0.00283842029645723,1,9,1,0,0,0,0,0,0,0,0,0,0.154077437754725,0.845922562245275,-5.69718015765172,0.0372878086419753,0.000871913580246915,0.0184220372419205
"1223",100,1820011168,98,84,0.0381597222222222,2.82,"BUDWEISER BEER",30135,18200,0.0370836180555556,0.00278745644599303,1,9,1,0,0,0,0,0,0,0,0,0,0.161445559263888,0.838554440736112,-5.70654999358736,0.0381597222222222,0,0.017265612375481
"1234",100,1820011168,99,61,0.0381597222222222,2.82,"BUDWEISER BEER",32715,18200,0.0370836180555556,0.00186458810942993,1,9,1,0,0,0,0,0,0,0,0,0,0.142503970956944,0.857496029043056,-6.13097637232418,0.0381597222222222,0,0.0130844642216552
"1245",100,1820011168,100,77,0.0381597222222222,2.82,"BUDWEISER BEER",27787,18200,0.0370836180555556,0.00277108000143952,1,9,1,0,0,0,0,0,0,0,0,0,0.152956618807566,0.847043381192434,-5.72251477437753,0.0381597222222222,0,0.0181167707748941
"1256",100,1820011168,101,65,0.0381597222222222,2.82,"BUDWEISER BEER",28328,18200,0.0370836180555556,0.00229454956227055,1,9,1,0,0,0,0,0,0,0,0,0,0.144578047442924,0.855421952557077,-5.92105830387651,0.0381597222222222,0,0.0158706636509003
"1267",100,1820011168,102,146,0.0346875,13.11,"BUDWEISER BEER",30449,18200,0.03013996875,0.00479490295247791,1,9,1,0,0,0,0,0,0,0,0,0,0.147551396581725,0.852448603418275,-5.18055944928058,0.0346875,0,0.0324964931783762
"1278",100,1820011168,103,103,0.0346875,13.11,"BUDWEISER BEER",29504,18200,0.03013996875,0.00349105206073753,1,9,1,0,0,0,0,0,0,0,0,0,0.171644858056582,0.828355141943418,-5.4692388369625,0.0346990740740741,-1.15740740740736e-05,0.0203388094479749
"1289",100,1820011168,104,89,0.0381597222222222,2.82,"BUDWEISER BEER",27582,18200,0.0370836180555556,0.00322674207816692,1,9,1,0,0,0,0,0,0,0,0,0,0.235510838015903,0.764489161984097,-5.46773486498183,0.038545524691358,-0.000385802469135804,0.0137010343360463
"1300",100,1820011168,105,59,0.0381597222222222,2.82,"BUDWEISER BEER",31303,18200,0.0370836180555556,0.00188480337347858,1,9,1,0,0,0,0,0,0,0,0,0,0.134631013358941,0.865368986641059,-6.12933248581926,0.038545524691358,-0.000385802469135804,0.0139997711259403
"1311",100,1820011168,106,114,0.0346875,13.11,"BUDWEISER BEER",27968,18200,0.03013996875,0.00407608695652174,1,9,1,0,0,0,0,0,0,0,0,0,0.127541630663972,0.872458369336028,-5.3661774897888,0.0346875,0,0.0319588744106685
"1322",100,1820011168,107,76,0.0364236111111111,7.72,"BUDWEISER BEER",25762,18200,0.0336117083333333,0.00295008151541029,1,9,1,0,0,0,0,0,0,0,0,0,0.115288595803509,0.884711404196492,-5.7034286925612,0.0360763888888889,0.000347222222222221,0.0255886672471772
"1333",100,1820011168,108,74,0.0381597222222222,2.82,"BUDWEISER BEER",27742,18200,0.0370836180555556,0.00266743565712638,1,9,1,0,0,0,0,0,0,0,0,0,0.115815724839727,0.884184275160273,-5.80354791411428,0.0384799382716049,-0.000320216049382718,0.0230317226854793
"1344",100,1820011168,109,57,0.0381597222222222,2.82,"BUDWEISER BEER",26917,18200,0.0370836180555556,0.00211762083441691,1,9,1,0,0,0,0,0,0,0,0,0,0.124851125911501,0.875148874088499,-6.02410080312492,0.0382021604938272,-4.24382716049387e-05,0.0169611673019109
"1355",100,1820011168,110,51,0.0381597222222222,2.82,"BUDWEISER BEER",35029,18200,0.0370836180555556,0.00145593650974907,1,9,1,0,0,0,0,0,0,0,0,0,0.106163466721612,0.893836533278388,-6.41987356689061,0.038028549382716,0.000131172839506172,0.013714101043506
"1366",100,1820011168,111,48,0.0364236111111111,7.72,"BUDWEISER BEER",30026,18200,0.0336117083333333,0.00159861453407047,1,9,1,0,0,0,0,0,0,0,0,0,0.122334316510869,0.877665683489131,-6.30812841269232,0.0364236111111111,0,0.0130675887164371
"1377",100,1820011168,112,41,0.0364583333333333,7.61,"BUDWEISER BEER",26837,18200,0.0336838541666667,0.00152774155084398,1,9,1,0,0,0,0,0,0,0,0,0,0.139806261452893,0.860193738547107,-6.3333671069364,0.0364274691358025,3.08641975308652e-05,0.0109275617198215
"1388",100,1820011168,113,32,0.0381597222222222,2.82,"BUDWEISER BEER",28496,18200,0.0370836180555556,0.00112296462661426,1,9,1,0,0,0,0,0,0,0,0,0,0.111227244022762,0.888772755977238,-6.67386940901233,0.038545524691358,-0.000385802469135804,0.010096129203601
"1399",100,1820011168,114,48,0.0381597222222222,2.82,"BUDWEISER BEER",26631,18200,0.0370836180555556,0.00180241072434381,1,9,1,0,0,0,0,0,0,0,0,0,0.112970228581518,0.887029771418482,-6.19875348576237,0.0385378086419753,-0.000378086419753086,0.0159547408815165
"1410",100,1820011168,115,71,0.0364236111111111,7.72,"BUDWEISER BEER",38200,18200,0.0336117083333333,0.0018586387434555,1,9,1,0,0,0,0,0,0,0,0,0,0.088921270428748,0.911078729571252,-6.19478495314127,0.0364236111111111,0,0.02090207139972
"1421",100,1820011168,116,81,0.0364236111111111,7.72,"BUDWEISER BEER",23663,18200,0.0336117083333333,0.00342306554536618,1,9,1,0,0,0,0,0,0,0,0,0,0.219650333031936,0.780349666968064,-5.42920560233643,0.0364236111111111,0,0.0155841582305659
"1432",100,1820011168,117,55,0.0374305555555556,4.82,"BUDWEISER BEER",28151,18200,0.0356264027777778,0.00195374942275585,1,9,1,0,0,0,0,0,0,0,0,0,0.139797429405902,0.860202570594098,-6.08741760141406,0.0375077160493827,-7.71604938271664e-05,0.0139755747373805
"1443",100,1820011168,118,48,0.0364236111111111,7.72,"BUDWEISER BEER",26929,18200,0.0336117083333333,0.00178246500055702,1,9,1,0,0,0,0,0,0,0,0,0,0.102755175164284,0.897244824835716,-6.22133152412227,0.0364236111111111,0,0.0173467175517654
"1454",100,1820011168,119,59,0.0364236111111111,7.72,"BUDWEISER BEER",30522,18200,0.0336117083333333,0.00193303191140816,1,9,1,0,0,0,0,0,0,0,0,0,0.108132090593923,0.891867909406077,-6.13422832915204,0.0364236111111111,0,0.0178765794759988
"1465",100,1820011168,120,78,0.0381597222222222,2.82,"BUDWEISER BEER",26551,18200,0.0370836180555556,0.00293774245791119,1,9,1,0,0,0,0,0,0,0,0,0,0.206769712513018,0.793230287486982,-5.5984721649112,0.038545524691358,-0.000385802469135804,0.0142077987254842
"1476",100,1820011168,121,75,0.0381597222222222,2.82,"BUDWEISER BEER",28366,18200,0.0370836180555556,0.00264401043502785,1,9,1,0,0,0,0,0,0,0,0,0,0.17975591860958,0.82024408139042,-5.73730508753461,0.0381597222222222,0,0.0147088922327531
"1487",100,1820011168,122,45,0.0381597222222222,3.78,"BUDWEISER BEER",25294,18200,0.0367172847222222,0.00177907804222345,1,9,1,0,0,0,0,0,0,0,0,0,0.0955079544492083,0.904492045550792,-6.23127823417877,0.0381597222222222,0,0.0186275379101494
"1498",100,1820011168,123,65,0.0381597222222222,7.64,"BUDWEISER BEER",27123,18200,0.0352443194444444,0.0023964900637835,1,9,1,0,0,0,0,0,0,0,0,0,0.095828232503149,0.904171767496851,-5.93301415716357,0.0381597222222222,0,0.0250081839264306
"1509",100,1820011168,124,47,0.0415277777777778,1.08,"BUDWEISER BEER",31610,18200,0.0410792777777778,0.00148687124327744,1,9,1,0,0,0,0,0,0,0,0,0,0.11012200102275,0.88987799897725,-6.39441029804652,0.0416203703703704,-9.25925925925886e-05,0.0135020361913899
"1520",100,1820011168,125,73,0.0381597222222222,7.64,"BUDWEISER BEER",26337,18200,0.0352443194444444,0.00277176595663895,1,9,1,0,0,0,0,0,0,0,0,0,0.151938721522505,0.848061278477495,-5.72346824900043,0.0381597222222222,0,0.0182426568347055
"1531",100,1820011168,126,76,0.0381597222222222,7.64,"BUDWEISER BEER",26189,18200,0.0352443194444444,0.00290198174806216,1,9,1,0,0,0,0,0,0,0,0,0,0.0977251858019289,0.902274814198071,-5.73952528071137,0.0381712962962963,-1.15740740740736e-05,0.0296953310883844
"1542",100,1820011168,127,45,0.0416319444444444,1.33,"BUDWEISER BEER",27323,18200,0.0410782395833333,0.0016469640961827,1,9,1,0,0,0,0,0,0,0,0,0,0.0778651447013141,0.922134855298686,-6.32775782530939,0.0416319444444444,0,0.021151493424951
"1553",100,1820011168,128,41,0.0416319444444444,1.33,"BUDWEISER BEER",23791,18200,0.0410782395833333,0.00172334075911059,1,9,1,0,0,0,0,0,0,0,0,0,0.116308209700146,0.883691790299854,-6.23984363953233,0.0416319444444444,0,0.0148170173331146
"1564",100,1820011168,129,53,0.0381597222222222,7.64,"BUDWEISER BEER",23092,18200,0.0352443194444444,0.00229516715745713,1,9,1,0,0,0,0,0,0,0,0,0,0.119230853928716,0.880769146071284,-5.9499898790038,0.0381597222222222,0,0.0192497753880831
"1575",100,1820011168,130,66,0.0381597222222222,7.64,"BUDWEISER BEER",27488,18200,0.0352443194444444,0.00240104772991851,1,9,1,0,0,0,0,0,0,0,0,0,0.110709567336545,0.889290432663455,-5.91451868184523,0.0381674382716049,-7.71604938271803e-06,0.0216878070042455
"1586",100,1820011168,131,50,0.0416319444444444,2,"BUDWEISER BEER",24413,18200,0.0407993055555556,0.00204808913283906,1,9,1,0,0,0,0,0,0,0,0,0,0.113224222153805,0.886775777846195,-6.07068493513364,0.0416203703703704,1.15740740740736e-05,0.0180887896059636
"1597",100,1820011168,132,64,0.0381597222222222,0.36,"BUDWEISER BEER",25432,18200,0.0380223472222222,0.00251651462724127,1,9,1,0,0,0,0,0,0,0,0,0,0.122438590667897,0.877561409332103,-5.85427207528506,0.0381597222222222,0,0.0205532799219086
"1608",100,1820011168,133,75,0.0381597222222222,0.36,"BUDWEISER BEER",25472,18200,0.0380223472222222,0.00294440954773869,1,9,1,0,0,0,0,0,0,0,0,0,0.113110420383666,0.886889579616334,-5.70781218321854,0.0381597222222222,0,0.0260312846309949
"1619",100,1820011168,134,46,0.0416319444444444,8,"BUDWEISER BEER",23949,18200,0.0383013888888889,0.00192074825671218,1,9,1,0,0,0,0,0,0,0,0,0,0.0919781128432479,0.908021887156752,-6.15855365595164,0.0416319444444444,0,0.0208826665098639
"1630",100,1820011168,135,45,0.0416319444444444,8,"BUDWEISER BEER",28179,18200,0.0383013888888889,0.00159693388693708,1,9,1,0,0,0,0,0,0,0,0,0,0.087014757413691,0.912985242586309,-6.34863424672314,0.0416319444444444,0,0.0183524488765146
"1641",100,1820011168,136,73,0.0381597222222222,0.36,"BUDWEISER BEER",27371,18200,0.0380223472222222,0.00266705637353403,1,9,1,0,0,0,0,0,0,0,0,0,0.110040193489792,0.889959806510208,-5.81020091807233,0.0381597222222222,0,0.0242371109042209
"1652",100,1820011168,137,74,0.0381944444444444,0.27,"BUDWEISER BEER",23429,18200,0.0380913194444444,0.00315847880831448,1,9,1,0,0,0,0,0,0,0,0,0,0.145163684101017,0.854836315898983,-5.60081948529646,0.0381635802469136,3.08641975308721e-05,0.0217580507678252
