Project/data - Copy.csv
"","store","upc","week","move","price","profit","descrip","custcoun","brand","wp","mks","csame","cdiff","Prod2","Prod3","Prod4","Prod5","Prod6","Prod7","Prod8","Prod9","Prod10","Prod11","summks","os","y","avg_price_product","pricediff_product","withingroupshare"
"1149",100,3410017306,91,64,0.0381597222222222,0.64,"MILLER GENUINE DRAFT",28349,34100,0.0379155,0.00225757522311193,6,4,0,0,0,1,0,0,0,0,0,0,0.160243720676529,0.839756279323471,-5.91882037889837,0.0381597222222222,0,0.0140883849525006
"1160",100,3410017306,92,57,0.0381597222222222,0.64,"MILLER GENUINE DRAFT",28523,34100,0.0379155,0.00199838726641658,6,4,0,0,0,1,0,0,0,0,0,0,0.179048444747772,0.820951555252228,-6.01812361223085,0.0381597222222222,0,0.01116115400629
"1171",100,3410017306,93,78,0.0381597222222222,0.64,"MILLER GENUINE DRAFT",28742,34100,0.0379155,0.00271379862222532,6,4,0,0,0,1,0,0,0,0,0,0,0.163680188523833,0.836319811476167,-5.73066173050636,0.0381597222222222,0,0.0165798845095426
"1182",100,3410017306,94,98,0.0329513888888889,15.06,"MILLER GENUINE DRAFT",31941,34100,0.0279889097222222,0.00306815691431076,6,4,0,0,0,1,0,0,0,0,0,0,0.171503153298151,0.828496846701849,-5.59853600315661,0.0329513888888889,0,0.0178897988480533
"1193",100,3410017306,95,158,0.0329513888888889,15.06,"MILLER GENUINE DRAFT",27720,34100,0.0279889097222222,0.0056998556998557,6,4,0,0,0,1,0,0,0,0,0,0,0.295882349292852,0.704117650707148,-4.81650460097195,0.0329513888888889,0,0.0192639260620924
"1204",100,3410017306,96,85,0.0352777777777778,7.48,"MILLER GENUINE DRAFT",29197,34100,0.032639,0.00291125800595952,6,4,0,0,0,1,0,0,0,0,0,0,0.228582258834122,0.771417741165878,-5.57964475194889,0.035733024691358,-0.000455246913580246,0.0127361503067137
"1215",100,3410017306,97,56,0.0380902777777778,0.45,"MILLER GENUINE DRAFT",28537,34100,0.0379188715277778,0.00196236464940253,6,4,0,0,0,1,0,0,0,0,0,0,0.154077437754725,0.845922562245275,-6.06627762158901,0.0381442901234568,-5.40123456790123e-05,0.0127362232783648
"1226",100,3410017306,98,84,0.0346875,9.3,"MILLER GENUINE DRAFT",30135,34100,0.0314615625,0.00278745644599303,6,4,0,0,0,1,0,0,0,0,0,0,0.161445559263888,0.838554440736112,-5.70654999358736,0.0346875,0,0.017265612375481
"1237",100,3410017306,99,107,0.0346875,9.3,"MILLER GENUINE DRAFT",32715,34100,0.0314615625,0.00327067094604921,6,4,0,0,0,1,0,0,0,0,0,0,0.142503970956944,0.857496029043056,-5.56902140203559,0.0346875,0,0.0229514372412641
"1248",100,3410017306,100,89,0.0346875,9.3,"MILLER GENUINE DRAFT",27787,34100,0.0314615625,0.00320293662504049,6,4,0,0,0,1,0,0,0,0,0,0,0.152956618807566,0.847043381192434,-5.57768382649907,0.0346875,0,0.0209401636229295
"1259",100,3410017306,101,51,0.0381597222222222,0.63,"MILLER GENUINE DRAFT",28328,34100,0.0379193159722222,0.00180033888731997,6,4,0,0,0,1,0,0,0,0,0,0,0.144578047442924,0.855421952557077,-6.16361994104782,0.0381597222222222,0,0.0124523668645525
"1270",100,3410017306,102,54,0.0381597222222222,0.63,"MILLER GENUINE DRAFT",30449,34100,0.0379193159722222,0.00177345725639594,6,4,0,0,0,1,0,0,0,0,0,0,0.147551396581725,0.852448603418275,-6.17518202442464,0.0381597222222222,0,0.0120192509015912
"1281",100,3410017306,103,57,0.0381597222222222,0.63,"MILLER GENUINE DRAFT",29504,34100,0.0379193159722222,0.00193194143167028,6,4,0,0,0,1,0,0,0,0,0,0,0.171644858056582,0.828355141943418,-6.06091655735758,0.0381520061728395,7.71604938271803e-06,0.0112554576556754
"1292",100,3410017306,104,129,0.0339930555555556,11.54,"MILLER GENUINE DRAFT",27582,34100,0.0300702569444444,0.00467696323689363,6,4,0,0,0,1,0,0,0,0,0,0,0.235510838015903,0.764489161984097,-5.0965588303523,0.0339776234567901,1.54320987654291e-05,0.0198588025769659
"1303",100,3410017306,105,79,0.0339930555555556,11.54,"MILLER GENUINE DRAFT",31303,34100,0.0300702569444444,0.00252371977126793,6,4,0,0,0,1,0,0,0,0,0,0,0.134631013358941,0.865368986641059,-5.83742207725796,0.0339930555555556,0,0.0187454562533777
"1314",100,3410017306,106,52,0.0381597222222222,0.63,"MILLER GENUINE DRAFT",27968,34100,0.0379193159722222,0.00185926773455378,6,4,0,0,0,1,0,0,0,0,0,0,0.127541630663972,0.872458369336028,-6.15113221960187,0.0381442901234568,1.54320987654291e-05,0.0145777321873225
"1325",100,3410017306,107,35,0.0381597222222222,0.63,"MILLER GENUINE DRAFT",25762,34100,0.0379193159722222,0.00135859017157053,6,4,0,0,0,1,0,0,0,0,0,0,0.115288595803509,0.884711404196492,-6.47881397135812,0.0381597222222222,0,0.0117842546533053
"1336",100,3410017306,108,50,0.0364236111111111,4.09,"MILLER GENUINE DRAFT",27742,34100,0.0349338854166667,0.00180232138995026,6,4,0,0,0,1,0,0,0,0,0,0,0.115815724839727,0.884184275160273,-6.19559000189031,0.0364236111111111,0,0.015561974787486
"1347",100,3410017306,109,42,0.0364236111111111,4.09,"MILLER GENUINE DRAFT",26917,34100,0.0349338854166667,0.00156035219378088,6,4,0,0,0,1,0,0,0,0,0,0,0.124851125911501,0.875148874088499,-6.3294824526761,0.0364236111111111,0,0.0124977022224607
"1358",100,3410017306,110,72,0.0381597222222222,0.63,"MILLER GENUINE DRAFT",35029,34100,0.0379193159722222,0.00205543977846927,6,4,0,0,0,1,0,0,0,0,0,0,0.106163466721612,0.893836533278388,-6.07503308059888,0.0381597222222222,0,0.0193610838261261
"1369",100,3410017306,111,42,0.0380902777777778,0.45,"MILLER GENUINE DRAFT",30026,34100,0.0379188715277778,0.00139878771731166,6,4,0,0,0,1,0,0,0,0,0,0,0.122334316510869,0.877665683489131,-6.44165980531684,0.0381520061728395,-6.17283950617234e-05,0.0114341401268825
"1380",100,3410017306,112,50,0.0364236111111111,4.09,"MILLER GENUINE DRAFT",26837,34100,0.0349338854166667,0.00186309945224876,6,4,0,0,0,1,0,0,0,0,0,0,0.139806261452893,0.860193738547107,-6.13491616821256,0.0364236111111111,0,0.0133262947802701
"1391",100,3410017306,113,45,0.0364236111111111,4.09,"MILLER GENUINE DRAFT",28496,34100,0.0349338854166667,0.00157916900617631,6,4,0,0,0,1,0,0,0,0,0,0,0.111227244022762,0.888772755977238,-6.33294282204174,0.0364236111111111,0,0.0141976816925639
"1402",100,3410017306,114,28,0.0381597222222222,0.63,"MILLER GENUINE DRAFT",26631,34100,0.0379193159722222,0.00105140625586722,6,4,0,0,0,1,0,0,0,0,0,0,0.112970228581518,0.887029771418482,-6.73774998649506,0.0381597222222222,0,0.00930693218088463
"1413",100,3410017306,115,36,0.0381597222222222,0.63,"MILLER GENUINE DRAFT",38200,34100,0.0379193159722222,0.000942408376963351,6,4,0,0,0,1,0,0,0,0,0,0,0.088921270428748,0.911078729571252,-6.87394589172648,0.0381520061728395,7.71604938271803e-06,0.0105982333857735
"1424",100,3410017306,116,66,0.0364236111111111,4.09,"MILLER GENUINE DRAFT",23663,34100,0.0349338854166667,0.00278916451844652,6,4,0,0,0,1,0,0,0,0,0,0,0.219650333031936,0.780349666968064,-5.63400001498244,0.0364236111111111,0,0.0126982030026833
"1435",100,3410017306,117,51,0.0364236111111111,4.09,"MILLER GENUINE DRAFT",28151,34100,0.0349338854166667,0.00181165855564634,6,4,0,0,0,1,0,0,0,0,0,0,0.139797429405902,0.860202570594098,-6.1629251539222,0.0364236111111111,0,0.0129591693019346
"1446",100,3410017306,118,29,0.0381597222222222,0.63,"MILLER GENUINE DRAFT",26929,34100,0.0379193159722222,0.00107690593783653,6,4,0,0,0,1,0,0,0,0,0,0,0.102755175164284,0.897244824835716,-6.72523670504369,0.0381597222222222,0,0.0104803085208583
"1457",100,3410017306,119,30,0.0381597222222222,0.63,"MILLER GENUINE DRAFT",30522,34100,0.0379193159722222,0.000982897582071948,6,4,0,0,0,1,0,0,0,0,0,0,0.108132090593923,0.891867909406077,-6.8105683913956,0.0381597222222222,0,0.00908978617423669
"1468",100,3410017306,120,73,0.0364236111111111,4.09,"MILLER GENUINE DRAFT",26551,34100,0.0349338854166667,0.00274942563368611,6,4,0,0,0,1,0,0,0,0,0,0,0.206769712513018,0.793230287486982,-5.6647215504524,0.0364236111111111,0,0.0132970423969275
"1479",100,3410017306,121,73,0.0364236111111111,4.09,"MILLER GENUINE DRAFT",28366,34100,0.0349338854166667,0.00257350349009377,6,4,0,0,0,1,0,0,0,0,0,0,0.17975591860958,0.82024408139042,-5.76433375992253,0.0364236111111111,0,0.0143166551065464
"1490",100,3410017306,122,38,0.0416319444444444,6.93,"MILLER GENUINE DRAFT",25294,34100,0.0387468506944444,0.00150233256898869,6,4,0,0,0,1,0,0,0,0,0,0,0.0955079544492083,0.904492045550792,-6.40035456422271,0.0416319444444444,0,0.015729920901904
"1501",100,3410017306,123,40,0.0416319444444444,1.33,"MILLER GENUINE DRAFT",27123,34100,0.0410782395833333,0.00147476311617446,6,4,0,0,0,1,0,0,0,0,0,0,0.095828232503149,0.904171767496851,-6.41852197294527,0.0416319444444444,0,0.0153896516470342
"1512",100,3410017306,124,71,0.0381597222222222,7.64,"MILLER GENUINE DRAFT",31610,34100,0.0352443194444444,0.00224612464409997,6,4,0,0,0,1,0,0,0,0,0,0,0.11012200102275,0.88987799897725,-5.98187802271526,0.0381597222222222,0,0.0203966929699719
"1523",100,3410017306,125,57,0.0381597222222222,7.64,"MILLER GENUINE DRAFT",26337,34100,0.0352443194444444,0.00216425560997836,6,4,0,0,0,1,0,0,0,0,0,0,0.151938721522505,0.848061278477495,-5.97087642231427,0.0381597222222222,0,0.014244266295592
"1534",100,3410017306,126,36,0.0416319444444444,1.33,"MILLER GENUINE DRAFT",26189,34100,0.0410782395833333,0.0013746229332926,6,4,0,0,0,1,0,0,0,0,0,0,0.0977251858019289,0.902274814198071,-6.48673968254159,0.0416319444444444,0,0.0140662094629189
"1545",100,3410017306,127,33,0.0416319444444444,1.33,"MILLER GENUINE DRAFT",27323,34100,0.0410782395833333,0.00120777367053398,6,4,0,0,0,1,0,0,0,0,0,0,0.0778651447013141,0.922134855298686,-6.63791275361323,0.0416319444444444,0,0.0155110951782974
"1556",100,3410017306,128,53,0.0381597222222222,7.64,"MILLER GENUINE DRAFT",23791,34100,0.0352443194444444,0.00222773317641125,6,4,0,0,0,1,0,0,0,0,0,0,0.116308209700146,0.883691790299854,-5.98312379268451,0.0381597222222222,0,0.0191537053330506
"1567",100,3410017306,129,38,0.0381597222222222,7.64,"MILLER GENUINE DRAFT",23092,34100,0.0352443194444444,0.00164559154685605,6,4,0,0,0,1,0,0,0,0,0,0,0.119230853928716,0.880769146071284,-6.28269563282954,0.0381597222222222,0,0.0138017257499464
"1578",100,3410017306,130,35,0.0416319444444444,1.33,"MILLER GENUINE DRAFT",27488,34100,0.0410782395833333,0.001273282887078,6,4,0,0,0,1,0,0,0,0,0,0,0.110709567336545,0.889290432663455,-6.54882536238224,0.0416319444444444,0,0.0115011097749787
"1589",100,3410017306,131,31,0.0416319444444444,2.31,"MILLER GENUINE DRAFT",24413,34100,0.0406702465277778,0.00126981526236022,6,4,0,0,0,1,0,0,0,0,0,0,0.113224222153805,0.886775777846195,-6.54872073607664,0.0416319444444444,0,0.0112150495556974
"1600",100,3410017306,132,50,0.0381597222222222,0.54,"MILLER GENUINE DRAFT",25432,34100,0.0379536597222222,0.00196602705253224,6,4,0,0,0,1,0,0,0,0,0,0,0.122438590667897,0.877561409332103,-6.10113215321659,0.0381597222222222,0,0.0160572499389911
"1611",100,3410017306,133,67,0.0382291666666667,0.72,"MILLER GENUINE DRAFT",25472,34100,0.0379539166666667,0.0026303391959799,6,4,0,0,0,1,0,0,0,0,0,0,0.113110420383666,0.886889579616334,-5.82060767736388,0.0381674382716049,6.17283950617303e-05,0.0232546142703554
"1622",100,3410017306,134,42,0.0416319444444444,8.84,"MILLER GENUINE DRAFT",23949,34100,0.0379516805555556,0.00175372666917199,6,4,0,0,0,1,0,0,0,0,0,0,0.0919781128432479,0.908021887156752,-6.24952543415737,0.0416319444444444,0,0.0190667824655279
"1633",100,3410017306,135,38,0.0416319444444444,8.84,"MILLER GENUINE DRAFT",28179,34100,0.0379516805555556,0.00134852194896909,6,4,0,0,0,1,0,0,0,0,0,0,0.087014757413691,0.912985242586309,-6.51771057676708,0.0416319444444444,0,0.0154976234957234
"1644",100,3410017306,136,52,0.0381597222222222,0.54,"MILLER GENUINE DRAFT",27371,34100,0.0379536597222222,0.0018998209784078,6,4,0,0,0,1,0,0,0,0,0,0,0.110040193489792,0.889959806510208,-6.1494166406393,0.0381597222222222,0,0.0172647913290341
"1655",100,3410017306,137,66,0.0381597222222222,0.54,"MILLER GENUINE DRAFT",23429,34100,0.0379536597222222,0.00281702163984805,6,4,0,0,0,1,0,0,0,0,0,0,0.145163684101017,0.854836315898983,-5.71522983647421,0.0381597222222222,0,0.0194058290631955
