Project/data - Copy.csv
"","store","upc","week","move","price","profit","descrip","custcoun","brand","wp","mks","csame","cdiff","Prod2","Prod3","Prod4","Prod5","Prod6","Prod7","Prod8","Prod9","Prod10","Prod11","summks","os","y","avg_price_product","pricediff_product","withingroupshare"
"1150",100,3410017505,91,45,0.05125,20.95,"MILLER GEN DRFT LNNR",28349,34100,0.040513125,0.00158735757875057,6,4,0,0,0,0,1,0,0,0,0,0,0.160243720676529,0.839756279323471,-6.27104097248772,0.05125,0,0.009905895669727
"1161",100,3410017505,92,50,0.05125,20.95,"MILLER GEN DRFT LNNR",28523,34100,0.040513125,0.00175297128633033,6,4,0,0,0,0,1,0,0,0,0,0,0.179048444747772,0.820951555252228,-6.14915187463726,0.05125,0,0.00979048597042978
"1172",100,3410017505,93,33,0.05125,20.95,"MILLER GEN DRFT LNNR",28742,34100,0.040513125,0.00114814557094148,6,4,0,0,0,0,1,0,0,0,0,0,0.163680188523833,0.836319811476167,-6.59086299572947,0.05125,0,0.00701456652326802
"1183",100,3410017505,94,61,0.0415277777777778,2.44,"MILLER GEN DRFT LNNR",31941,34100,0.0405145,0.00190977114054037,6,4,0,0,0,0,1,0,0,0,0,0,0.171503153298151,0.828496846701849,-6.07262961765387,0.0415277777777778,0,0.011135487038074
"1194",100,3410017505,95,245,0.0415277777777778,2.44,"MILLER GEN DRFT LNNR",27720,34100,0.0405145,0.00883838383838384,6,4,0,0,0,0,1,0,0,0,0,0,0.295882349292852,0.704117650707148,-4.37784142345419,0.0415277777777778,0,0.0298712777545104
"1205",100,3410017505,96,186,0.0415277777777778,2.44,"MILLER GEN DRFT LNNR",29197,34100,0.0405145,0.00637051751892318,6,4,0,0,0,0,1,0,0,0,0,0,0.228582258834122,0.771417741165878,-4.796549334726,0.0415277777777778,0,0.0278696936123382
"1216",100,3410017505,97,30,0.05125,20.94,"MILLER GEN DRFT LNNR",28537,34100,0.04051825,0.00105126677646564,6,4,0,0,0,0,1,0,0,0,0,0,0.154077437754725,0.845922562245275,-6.69043193066201,0.05125,0,0.00682297675626684
"1227",100,3410017505,98,45,0.05125,20.94,"MILLER GEN DRFT LNNR",30135,34100,0.04051825,0.00149328023892484,6,4,0,0,0,0,1,0,0,0,0,0,0.161445559263888,0.838554440736112,-6.33070430266035,0.05125,0,0.00924943520115053
"1238",100,3410017505,99,31,0.05125,20.94,"MILLER GEN DRFT LNNR",32715,34100,0.04051825,0.00094757756380865,6,4,0,0,0,0,1,0,0,0,0,0,0.142503970956944,0.857496029043056,-6.80786303201235,0.05125,0,0.00664948181756248
"1249",100,3410017505,100,38,0.05125,20.94,"MILLER GEN DRFT LNNR",27787,34100,0.04051825,0.00136754597473639,6,4,0,0,0,0,1,0,0,0,0,0,0.152956618807566,0.847043381192434,-6.42873403650482,0.05125,0,0.0089407440187789
"1260",100,3410017505,101,42,0.05125,20.94,"MILLER GEN DRFT LNNR",28328,34100,0.04051825,0.00148263202485174,6,4,0,0,0,0,1,0,0,0,0,0,0.144578047442924,0.855421952557077,-6.35777595548878,0.05125,0,0.0102548903590433
"1271",100,3410017505,102,43,0.0509722222222222,20.51,"MILLER GEN DRFT LNNR",30449,34100,0.0405178194444444,0.00141219744490788,6,4,0,0,0,0,1,0,0,0,0,0,0.147551396581725,0.852448603418275,-6.40296595529536,0.0512191358024691,-0.000246913580246907,0.009570884977193
"1282",100,3410017505,103,121,0.0415277777777778,2.44,"MILLER GEN DRFT LNNR",29504,34100,0.0405145,0.00410113882863341,6,4,0,0,0,0,1,0,0,0,0,0,0.171644858056582,0.828355141943418,-5.30817727959539,0.0415277777777778,0,0.0238931644971355
"1293",100,3410017505,104,146,0.0415277777777778,2.44,"MILLER GEN DRFT LNNR",27582,34100,0.0405145,0.00529330722935248,6,4,0,0,0,0,1,0,0,0,0,0,0.235510838015903,0.764489161984097,-4.97276461300563,0.0415277777777778,0,0.0224758540793568
"1304",100,3410017505,105,37,0.05125,20.94,"MILLER GEN DRFT LNNR",31303,34100,0.04051825,0.0011819953359103,6,4,0,0,0,0,1,0,0,0,0,0,0.134631013358941,0.865368986641059,-6.59595201708076,0.0503703703703704,0.000879629629629626,0.00877951748575916
"1315",100,3410017505,106,48,0.05125,20.94,"MILLER GEN DRFT LNNR",27968,34100,0.04051825,0.0017162471395881,6,4,0,0,0,0,1,0,0,0,0,0,0.127541630663972,0.872458369336028,-6.23117492727541,0.0506635802469136,0.000586419753086417,0.013456368172913
"1326",100,3410017505,107,32,0.05125,20.94,"MILLER GEN DRFT LNNR",25762,34100,0.04051825,0.00124213958543591,6,4,0,0,0,0,1,0,0,0,0,0,0.115288595803509,0.884711404196492,-6.56842613004781,0.05125,0,0.010774175683022
"1337",100,3410017505,108,43,0.05125,20.94,"MILLER GEN DRFT LNNR",27742,34100,0.04051825,0.00154999639535722,6,4,0,0,0,0,1,0,0,0,0,0,0.115815724839727,0.884184275160273,-6.34641289162489,0.05125,0,0.013383298317238
"1348",100,3410017505,109,41,0.05125,20.94,"MILLER GEN DRFT LNNR",26917,34100,0.04051825,0.00152320095107181,6,4,0,0,0,0,1,0,0,0,0,0,0.124851125911501,0.875148874088499,-6.35358000425516,0.05125,0,0.0122001378838306
"1359",100,3410017505,110,47,0.05125,20.94,"MILLER GEN DRFT LNNR",35029,34100,0.04051825,0.00134174541094522,6,4,0,0,0,0,1,0,0,0,0,0,0.106163466721612,0.893836533278388,-6.50155159790488,0.05125,0,0.0126384852753878
"1370",100,3410017505,111,81,0.0415277777777778,2.44,"MILLER GEN DRFT LNNR",30026,34100,0.0405145,0.00269766202624392,6,4,0,0,0,0,1,0,0,0,0,0,0.122334316510869,0.877665683489131,-5.78488026892777,0.0415277777777778,0,0.0220515559589876
"1381",100,3410017505,112,56,0.0416666666666667,2.76,"MILLER GEN DRFT LNNR",26837,34100,0.0405166666666667,0.00208667138651861,6,4,0,0,0,0,1,0,0,0,0,0,0.139806261452893,0.860193738547107,-6.02158748290555,0.0415432098765432,0.000123456790123454,0.0149254501539025
"1392",100,3410017505,113,26,0.05125,20.94,"MILLER GEN DRFT LNNR",28496,34100,0.04051825,0.000912408759124088,6,4,0,0,0,0,1,0,0,0,0,0,0.111227244022762,0.888772755977238,-6.88150877379058,0.05125,0,0.00820310497792579
"1403",100,3410017505,114,26,0.05125,20.94,"MILLER GEN DRFT LNNR",26631,34100,0.04051825,0.000976305809019564,6,4,0,0,0,0,1,0,0,0,0,0,0.112970228581518,0.887029771418482,-6.81185795864878,0.05125,0,0.00864215131082144
"1414",100,3410017505,115,32,0.0508333333333333,20.3,"MILLER GEN DRFT LNNR",38200,34100,0.0405141666666667,0.000837696335078534,6,4,0,0,0,0,1,0,0,0,0,0,0.088921270428748,0.911078729571252,-6.99172892738286,0.051141975308642,-0.000308641975308638,0.00942065189846533
"1425",100,3410017505,116,155,0.0415277777777778,2.44,"MILLER GEN DRFT LNNR",23663,34100,0.0405145,0.00655031061150319,6,4,0,0,0,0,1,0,0,0,0,0,0.219650333031936,0.780349666968064,-4.78022964008962,0.0415277777777778,0,0.0298215373547866
"1436",100,3410017505,117,77,0.0415277777777778,2.44,"MILLER GEN DRFT LNNR",28151,34100,0.0405145,0.00273524919185819,6,4,0,0,0,0,1,0,0,0,0,0,0.139797429405902,0.860202570594098,-5.75094536479285,0.0415277777777778,0,0.0195658046323327
"1447",100,3410017505,118,29,0.05125,20.94,"MILLER GEN DRFT LNNR",26929,34100,0.04051825,0.00107690593783653,6,4,0,0,0,0,1,0,0,0,0,0,0.102755175164284,0.897244824835716,-6.72523670504369,0.05125,0,0.0104803085208583
"1458",100,3410017505,119,89,0.0415277777777778,2.44,"MILLER GEN DRFT LNNR",30522,34100,0.0405145,0.00291592949348011,6,4,0,0,0,0,1,0,0,0,0,0,0.108132090593923,0.891867909406077,-5.72312940332562,0.0415277777777778,0,0.0269663656502355
"1469",100,3410017505,120,106,0.0415277777777778,2.44,"MILLER GEN DRFT LNNR",26551,34100,0.0405145,0.00399231667357162,6,4,0,0,0,0,1,0,0,0,0,0,0.206769712513018,0.793230287486982,-5.29174189748873,0.0415277777777778,0,0.0193080341654016
"1480",100,3410017505,121,40,0.05125,20.94,"MILLER GEN DRFT LNNR",28366,34100,0.04051825,0.00141013889868152,6,4,0,0,0,0,1,0,0,0,0,0,0.17975591860958,0.82024408139042,-6.36591374695698,0.0503858024691358,0.000864197530864197,0.00784474252413501
"1491",100,3410017505,122,12,0.0522222222222222,21.75,"MILLER GEN DRFT LNNR",25294,34100,0.0408638888888889,0.000474420811259587,6,4,0,0,0,0,1,0,0,0,0,0,0.0955079544492083,0.904492045550792,-7.55303407416109,0.0510030864197531,0.00121913580246913,0.00496734344270652
"1502",100,3410017505,123,33,0.055,23.73,"MILLER GEN DRFT LNNR",27123,34100,0.0419485,0.00121667957084393,6,4,0,0,0,0,1,0,0,0,0,0,0.095828232503149,0.904171767496851,-6.61089386559272,0.0553703703703704,-0.000370370370370375,0.0126964626088032
"1513",100,3410017505,124,70,0.0443055555555556,5.32,"MILLER GEN DRFT LNNR",31610,34100,0.0419485,0.00221448908573236,6,4,0,0,0,0,1,0,0,0,0,0,0.11012200102275,0.88987799897725,-5.99606265770722,0.0443055555555556,0,0.0201094156041977
"1524",100,3410017505,125,104,0.0443055555555556,5.32,"MILLER GEN DRFT LNNR",26337,34100,0.0419485,0.00394881725329385,6,4,0,0,0,0,1,0,0,0,0,0,0.151938721522505,0.848061278477495,-5.36953679100745,0.0443055555555556,0,0.025989538504238
"1535",100,3410017505,126,21,0.0554166666666667,24.31,"MILLER GEN DRFT LNNR",26189,34100,0.041944875,0.000801863377754019,6,4,0,0,0,0,1,0,0,0,0,0,0.0977251858019289,0.902274814198071,-7.02573618327428,0.0537654320987654,0.00165123456790123,0.00820528885336938
"1546",100,3410017505,127,19,0.0548611111111111,23.54,"MILLER GEN DRFT LNNR",27323,34100,0.0419468055555555,0.000695384840610475,6,4,0,0,0,0,1,0,0,0,0,0,0.0778651447013141,0.922134855298686,-7.18998133591327,0.0550154320987654,-0.000154320987654326,0.00893063055720153
"1557",100,3410017505,128,24,0.0540277777777778,22.36,"MILLER GEN DRFT LNNR",23791,34100,0.0419471666666667,0.00100878483460132,6,4,0,0,0,0,1,0,0,0,0,0,0.116308209700146,0.883691790299854,-6.77536187588869,0.0540277777777778,0,0.00867337599987196
"1568",100,3410017505,129,16,0.0540277777777778,22.36,"MILLER GEN DRFT LNNR",23092,34100,0.0419471666666667,0.000692880651307812,6,4,0,0,0,0,1,0,0,0,0,0,0.119230853928716,0.880769146071284,-7.14769307031614,0.0540277777777778,0,0.00581125294734583
"1579",100,3410017505,130,31,0.0533333333333333,21.35,"MILLER GEN DRFT LNNR",27488,34100,0.0419466666666667,0.00112776484284051,6,4,0,0,0,0,1,0,0,0,0,0,0.110709567336545,0.889290432663455,-6.67018621938651,0.053858024691358,-0.000524691358024694,0.0101866972292668
"1590",100,3410017505,131,73,0.0443055555555556,5.32,"MILLER GEN DRFT LNNR",24413,34100,0.0419485,0.00299021013394503,6,4,0,0,0,0,1,0,0,0,0,0,0.113224222153805,0.886775777846195,-5.6922484994134,0.0443055555555556,0,0.0264096328247069
"1601",100,3410017505,132,97,0.0443055555555556,5.32,"MILLER GEN DRFT LNNR",25432,34100,0.0419485,0.00381409248191255,6,4,0,0,0,0,1,0,0,0,0,0,0.122438590667897,0.877561409332103,-5.43844418014135,0.0443055555555556,0,0.0311510648816427
"1612",100,3410017505,133,24,0.0540277777777778,22.36,"MILLER GEN DRFT LNNR",25472,34100,0.0419471666666667,0.000942211055276382,6,4,0,0,0,0,1,0,0,0,0,0,0.113110420383666,0.886889579616334,-6.84724646640691,0.0540277777777778,0,0.00833001108191836
"1623",100,3410017505,134,22,0.0540277777777778,22.36,"MILLER GEN DRFT LNNR",23949,34100,0.0419471666666667,0.000918618731471043,6,4,0,0,0,0,1,0,0,0,0,0,0.0919781128432479,0.908021887156752,-6.89615259908242,0.0540277777777778,0,0.00998736224384797
"1634",100,3410017505,135,15,0.0540277777777778,22.36,"MILLER GEN DRFT LNNR",28179,34100,0.0419471666666667,0.000532311295645694,6,4,0,0,0,0,1,0,0,0,0,0,0.087014757413691,0.912985242586309,-7.44724653539125,0.0540277777777778,0,0.00611748295883819
"1645",100,3410017505,136,13,0.0540277777777778,22.36,"MILLER GEN DRFT LNNR",27371,34100,0.0419471666666667,0.000474955244601951,6,4,0,0,0,0,1,0,0,0,0,0,0.110040193489792,0.889959806510208,-7.53571100175919,0.0540277777777778,0,0.00431619783225853
"1656",100,3410017505,137,13,0.0540277777777778,22.36,"MILLER GEN DRFT LNNR",23429,34100,0.0419471666666667,0.00055486789875795,6,4,0,0,0,0,1,0,0,0,0,0,0.145163684101017,0.854836315898983,-7.3399352210391,0.0540277777777778,0,0.00382236027002335
