Project/data - Copy.csv
"","store","upc","week","move","price","profit","descrip","custcoun","brand","wp","mks","csame","cdiff","Prod2","Prod3","Prod4","Prod5","Prod6","Prod7","Prod8","Prod9","Prod10","Prod11","summks","os","y","avg_price_product","pricediff_product","withingroupshare"
"1151",100,3410057306,91,113,0.0381597222222222,0.64,"MILLER LITE BEER",28349,34100,0.0379155,0.003986031253307,6,4,0,0,0,0,0,1,0,0,0,0,0.160243720676529,0.839756279323471,-5.3503156435457,0.0381597222222222,0,0.0248748046817589
"1162",100,3410057306,92,83,0.0381597222222222,0.64,"MILLER LITE BEER",28523,34100,0.0379155,0.00290993233530835,6,4,0,0,0,0,0,1,0,0,0,0,0.179048444747772,0.820951555252228,-5.64233427226881,0.0381597222222222,0,0.0162522067109134
"1173",100,3410057306,93,112,0.0381597222222222,0.64,"MILLER LITE BEER",28742,34100,0.0379155,0.00389673648319532,6,4,0,0,0,0,0,1,0,0,0,0,0.163680188523833,0.836319811476167,-5.36887168590085,0.0381597222222222,0,0.0238070136547278
"1184",100,3410057306,94,177,0.0329513888888889,15.06,"MILLER LITE BEER",31941,34100,0.0279889097222222,0.00554146707992862,6,4,0,0,0,0,0,1,0,0,0,0,0.171503153298151,0.828496846701849,-5.00735374925335,0.0330941358024691,-0.000142746913580245,0.0323111673071983
"1195",100,3410057306,95,316,0.0329513888888889,15.06,"MILLER LITE BEER",27720,34100,0.0279889097222222,0.0113997113997114,6,4,0,0,0,0,0,1,0,0,0,0,0.295882349292852,0.704117650707148,-4.12335742041201,0.0329513888888889,0,0.0385278521241848
"1206",100,3410057306,96,130,0.0359375,5.5,"MILLER LITE BEER",29197,34100,0.0339609375,0.00445251224440867,6,4,0,0,0,0,0,1,0,0,0,0,0.228582258834122,0.771417741165878,-5.15476155798362,0.0357947530864198,0.000142746913580245,0.0194788181161504
"1217",100,3410057306,97,97,0.038125,0.54,"MILLER LITE BEER",28537,34100,0.037919125,0.00339909591057224,6,4,0,0,0,0,0,1,0,0,0,0,0.154077437754725,0.845922562245275,-5.51691833382078,0.0381481481481481,-2.31481481481471e-05,0.0220609581785961
"1228",100,3410057306,98,145,0.0346875,9.3,"MILLER LITE BEER",30135,34100,0.0314615625,0.00481168076986892,6,4,0,0,0,0,0,1,0,0,0,0,0.161445559263888,0.838554440736112,-5.1606330500101,0.0346875,0,0.0298037356481517
"1239",100,3410057306,99,160,0.0346875,9.3,"MILLER LITE BEER",32715,34100,0.0314615625,0.00489072290998013,6,4,0,0,0,0,0,1,0,0,0,0,0.142503970956944,0.857496029043056,-5.16667642126367,0.0346875,0,0.0343199061551612
"1250",100,3410057306,100,128,0.0346875,9.3,"MILLER LITE BEER",27787,34100,0.0314615625,0.00460647065174362,6,4,0,0,0,0,0,1,0,0,0,0,0.152956618807566,0.847043381192434,-5.21428993231159,0.0347067901234568,-1.92901234567916e-05,0.0301161903790447
"1261",100,3410057306,101,87,0.0381597222222222,0.63,"MILLER LITE BEER",28328,34100,0.0379193159722222,0.00307116633719288,6,4,0,0,0,0,0,1,0,0,0,0,0.144578047442924,0.855421952557077,-5.62953745511756,0.0381597222222222,0,0.0212422728865896
"1272",100,3410057306,102,109,0.0381597222222222,0.63,"MILLER LITE BEER",30449,34100,0.0379193159722222,0.00357975631383625,6,4,0,0,0,0,0,1,0,0,0,0,0.147551396581725,0.852448603418275,-5.47281818875978,0.0381597222222222,0,0.0242610805235822
"1283",100,3410057306,103,102,0.0381597222222222,0.63,"MILLER LITE BEER",29504,34100,0.0379193159722222,0.00345715835140998,6,4,0,0,0,0,0,1,0,0,0,0,0.171644858056582,0.828355141943418,-5.47899501190786,0.0381597222222222,0,0.0201413452785771
"1294",100,3410057306,104,160,0.0339930555555556,11.54,"MILLER LITE BEER",27582,34100,0.0300702569444444,0.00580088463490682,6,4,0,0,0,0,0,1,0,0,0,0,0.235510838015903,0.764489161984097,-4.88119741948014,0.0339930555555556,0,0.0246310729636787
"1305",100,3410057306,105,147,0.0339930555555556,11.54,"MILLER LITE BEER",31303,34100,0.0300702569444444,0.00469603552375172,6,4,0,0,0,0,0,1,0,0,0,0,0.134631013358941,0.865368986641059,-5.21643734294625,0.0339660493827161,2.70061728395027e-05,0.0348807856866648
"1316",100,3410057306,106,84,0.0381597222222222,0.63,"MILLER LITE BEER",27968,34100,0.0379193159722222,0.00300343249427918,6,4,0,0,0,0,0,1,0,0,0,0,0.127541630663972,0.872458369336028,-5.67155913933999,0.0381597222222222,0,0.0235486443025978
"1327",100,3410057306,107,72,0.0381597222222222,0.63,"MILLER LITE BEER",25762,34100,0.0379193159722222,0.00279481406723081,6,4,0,0,0,0,0,1,0,0,0,0,0.115288595803509,0.884711404196492,-5.75749591383148,0.0381597222222222,0,0.0242418952867995
"1338",100,3410057306,108,60,0.0364236111111111,4.09,"MILLER LITE BEER",27742,34100,0.0349338854166667,0.00216278566794031,6,4,0,0,0,0,0,1,0,0,0,0,0.115815724839727,0.884184275160273,-6.01326844509635,0.0364236111111111,0,0.0186743697449832
"1349",100,3410057306,109,71,0.0364236111111111,4.09,"MILLER LITE BEER",26917,34100,0.0349338854166667,0.00263773823234387,6,4,0,0,0,0,0,1,0,0,0,0,0.124851125911501,0.875148874088499,-5.80447219391815,0.0364236111111111,0,0.0211270680427311
"1360",100,3410057306,110,84,0.0381597222222222,0.63,"MILLER LITE BEER",35029,34100,0.0379193159722222,0.00239801307488081,6,4,0,0,0,0,0,1,0,0,0,0,0.106163466721612,0.893836533278388,-5.92088240077162,0.0381597222222222,0,0.0225879311304804
"1371",100,3410057306,111,86,0.0381597222222222,0.63,"MILLER LITE BEER",30026,34100,0.0379193159722222,0.00286418437354293,6,4,0,0,0,0,0,1,0,0,0,0,0.122334316510869,0.877665683489131,-5.7249821273467,0.0381558641975309,3.85802469135554e-06,0.0234127631169498
"1382",100,3410057306,112,72,0.0364236111111111,4.09,"MILLER LITE BEER",26837,34100,0.0349338854166667,0.00268286321123822,6,4,0,0,0,0,0,1,0,0,0,0,0.139806261452893,0.860193738547107,-5.77027305462465,0.0364236111111111,0,0.0191898644835889
"1393",100,3410057306,113,71,0.0364236111111111,4.09,"MILLER LITE BEER",28496,34100,0.0349338854166667,0.00249157776530039,6,4,0,0,0,0,0,1,0,0,0,0,0.111227244022762,0.888772755977238,-5.87692543477074,0.0364236111111111,0,0.0224007866704897
"1404",100,3410057306,114,57,0.0381597222222222,0.63,"MILLER LITE BEER",26631,34100,0.0379193159722222,0.00214036273515827,6,4,0,0,0,0,0,1,0,0,0,0,0.112970228581518,0.887029771418482,-6.02690322883571,0.0381597222222222,0,0.0189462547968009
"1415",100,3410057306,115,69,0.0380902777777778,0.45,"MILLER LITE BEER",38200,34100,0.0379188715277778,0.00180628272251309,6,4,0,0,0,0,0,1,0,0,0,0,0.088921270428748,0.911078729571252,-6.22335832558533,0.0381481481481481,-5.78703703703679e-05,0.0203132806560659
"1426",100,3410057306,116,150,0.0364236111111111,4.09,"MILLER LITE BEER",23663,34100,0.0349338854166667,0.00633901026919664,6,4,0,0,0,0,0,1,0,0,0,0,0.219650333031936,0.780349666968064,-4.81301946291261,0.0364236111111111,0,0.0288595522788257
"1437",100,3410057306,117,101,0.0364236111111111,4.09,"MILLER LITE BEER",28151,34100,0.0349338854166667,0.00358779439451529,6,4,0,0,0,0,0,1,0,0,0,0,0.139797429405902,0.860202570594098,-5.47963026980527,0.0364236111111111,0,0.0256642372450078
"1448",100,3410057306,118,84,0.0381597222222222,0.63,"MILLER LITE BEER",26929,34100,0.0379193159722222,0.00311931375097479,6,4,0,0,0,0,0,1,0,0,0,0,0.102755175164284,0.897244824835716,-5.66171573618685,0.0381597222222222,0,0.0303567557155895
"1459",100,3410057306,119,70,0.038125,0.54,"MILLER LITE BEER",30522,34100,0.037919125,0.00229342769150121,6,4,0,0,0,0,0,1,0,0,0,0,0.108132090593923,0.891867909406077,-5.9632705310084,0.0381558641975309,-3.08641975308652e-05,0.021209501073219
"1470",100,3410057306,120,136,0.0364236111111111,4.09,"MILLER LITE BEER",26551,34100,0.0349338854166667,0.00512221761892207,6,4,0,0,0,0,0,1,0,0,0,0,0.206769712513018,0.793230287486982,-5.04252610586474,0.0364236111111111,0,0.0247725721367417
"1481",100,3410057306,121,152,0.0364236111111111,4.09,"MILLER LITE BEER",28366,34100,0.0349338854166667,0.00535852781498978,6,4,0,0,0,0,0,1,0,0,0,0,0.17975591860958,0.82024408139042,-5.03091268022464,0.0364236111111111,0,0.029810021591713
"1492",100,3410057306,122,46,0.0415277777777778,6.05,"MILLER LITE BEER",25294,34100,0.0390153472222222,0.00181861310982842,6,4,0,0,0,0,0,1,0,0,0,0,0.0955079544492083,0.904492045550792,-6.20929932746,0.0416203703703704,-9.25925925925886e-05,0.0190414831970416
"1503",100,3410057306,123,72,0.0416319444444444,1.33,"MILLER LITE BEER",27123,34100,0.0410782395833333,0.00265457360911404,6,4,0,0,0,0,0,1,0,0,0,0,0.095828232503149,0.904171767496851,-5.83073530804315,0.0416319444444444,0,0.0277013729646616
"1514",100,3410057306,124,88,0.0381597222222222,7.64,"MILLER LITE BEER",31610,34100,0.0352443194444444,0.00278392913634926,6,4,0,0,0,0,0,1,0,0,0,0,0.11012200102275,0.88987799897725,-5.76722108527837,0.0381597222222222,0,0.0252804081881342
"1525",100,3410057306,125,111,0.0381597222222222,7.64,"MILLER LITE BEER",26337,34100,0.0352443194444444,0.00421460302995785,6,4,0,0,0,0,0,1,0,0,0,0,0.151938721522505,0.848061278477495,-5.30439748883649,0.0381597222222222,0,0.0277388343651002
"1536",100,3410057306,126,67,0.0416319444444444,1.33,"MILLER LITE BEER",26189,34100,0.0410782395833333,0.00255832601473901,6,4,0,0,0,0,0,1,0,0,0,0,0.0977251858019289,0.902274814198071,-5.86556600160674,0.0416319444444444,0,0.0261787787226547
"1547",100,3410057306,127,59,0.0414930555555556,1,"MILLER LITE BEER",27323,34100,0.041078125,0.00215935292610621,6,4,0,0,0,0,0,1,0,0,0,0,0.0778651447013141,0.922134855298686,-6.05688287117399,0.0416087962962963,-0.000115740740740743,0.0277319580460469
"1558",100,3410057306,128,94,0.0381597222222222,7.64,"MILLER LITE BEER",23791,34100,0.0352443194444444,0.00395107393552184,6,4,0,0,0,0,0,1,0,0,0,0,0.116308209700146,0.883691790299854,-5.41012092396663,0.0381597222222222,0,0.0339707226661652
"1569",100,3410057306,129,77,0.0381597222222222,7.64,"MILLER LITE BEER",23092,34100,0.0352443194444444,0.00333448813441885,6,4,0,0,0,0,0,1,0,0,0,0,0.119230853928716,0.880769146071284,-5.57647637070224,0.0381635802469136,-3.85802469135554e-06,0.0279666548091018
"1580",100,3410057306,130,56,0.0416319444444444,1.33,"MILLER LITE BEER",27488,34100,0.0410782395833333,0.0020372526193248,6,4,0,0,0,0,0,1,0,0,0,0,0.110709567336545,0.889290432663455,-6.07882173313651,0.0416319444444444,0,0.0184017756399658
"1591",100,3410057306,131,75,0.0415625,2.27,"MILLER LITE BEER",24413,34100,0.04061903125,0.00307213369925859,6,4,0,0,0,0,0,1,0,0,0,0,0.113224222153805,0.886775777846195,-5.66521982702548,0.0416242283950617,-6.17283950617234e-05,0.0271331844089454
"1602",100,3410057306,132,84,0.0381597222222222,0.54,"MILLER LITE BEER",25432,34100,0.0379536597222222,0.00330292544825417,6,4,0,0,0,0,0,1,0,0,0,0,0.122438590667897,0.877561409332103,-5.58233835980142,0.0381597222222222,0,0.026976179897505
"1613",100,3410057306,133,105,0.0381597222222222,0.54,"MILLER LITE BEER",25472,34100,0.0379536597222222,0.00412217336683417,6,4,0,0,0,0,0,1,0,0,0,0,0.113110420383666,0.886889579616334,-5.37133994659733,0.0381597222222222,0,0.0364437984833928
"1624",100,3410057306,134,73,0.0416319444444444,8.84,"MILLER LITE BEER",23949,34100,0.0379516805555556,0.00304814397260846,6,4,0,0,0,0,0,1,0,0,0,0,0.0919781128432479,0.908021887156752,-5.69673561129234,0.0416319444444444,0,0.0331398838091319
"1635",100,3410057306,135,82,0.0415625,8.68,"MILLER LITE BEER",28179,34100,0.037954875,0.00290996841619646,6,4,0,0,0,0,0,1,0,0,0,0,0.087014757413691,0.912985242586309,-5.74857748922921,0.0416242283950617,-6.17283950617234e-05,0.0334422401749821
"1646",100,3410057306,136,91,0.0381597222222222,0.54,"MILLER LITE BEER",27371,34100,0.0379536597222222,0.00332468671221366,6,4,0,0,0,0,0,1,0,0,0,0,0.110040193489792,0.889959806510208,-5.58980085270387,0.0381597222222222,0,0.0302133848258097
"1657",100,3410057306,137,80,0.0381597222222222,0.54,"MILLER LITE BEER",23429,34100,0.0379536597222222,0.0034145716846643,6,4,0,0,0,0,0,1,0,0,0,0,0.145163684101017,0.854836315898983,-5.52285794382675,0.0381597222222222,0,0.0235222170462976
