Project/data - Copy.csv
"","store","upc","week","move","price","profit","descrip","custcoun","brand","wp","mks","csame","cdiff","Prod2","Prod3","Prod4","Prod5","Prod6","Prod7","Prod8","Prod9","Prod10","Prod11","summks","os","y","avg_price_product","pricediff_product","withingroupshare"
"1152",100,3410057528,91,17,0.0471527777777778,16.27,"MILLER LITE BEER N.R",28349,34100,0.0394810208333333,0.000599668418639105,6,4,0,0,0,0,0,0,1,0,0,0,0.160243720676529,0.839756279323471,-7.24449011820183,0.0471527777777778,0,0.00374222725300798
"1163",100,3410057528,92,10,0.0471527777777778,16.27,"MILLER LITE BEER N.R",28523,34100,0.0394810208333333,0.000350594257266066,6,4,0,0,0,0,0,0,1,0,0,0,0.179048444747772,0.820951555252228,-7.75858978707136,0.0471527777777778,0,0.00195809719408596
"1174",100,3410057528,93,27,0.0471527777777778,16.27,"MILLER LITE BEER N.R",28742,34100,0.0394810208333333,0.000939391830770301,6,4,0,0,0,0,0,0,1,0,0,0,0.163680188523833,0.836319811476167,-6.79153369119162,0.0471527777777778,0,0.00573919079176474
"1185",100,3410057528,94,20,0.0471527777777778,16.27,"MILLER LITE BEER N.R",31941,34100,0.0394810208333333,0.000626154472308319,6,4,0,0,0,0,0,0,1,0,0,0,0.171503153298151,0.828496846701849,-7.18777120827319,0.0471527777777778,0,0.00365097935674557
"1196",100,3410057528,95,16,0.0471527777777778,16.27,"MILLER LITE BEER N.R",27720,34100,0.0394810208333333,0.000577200577200577,6,4,0,0,0,0,0,0,1,0,0,0,0.295882349292852,0.704117650707148,-7.10651091175914,0.0471527777777778,0,0.00195077732274354
"1207",100,3410057528,96,21,0.0471527777777778,16.27,"MILLER LITE BEER N.R",29197,34100,0.0394810208333333,0.000719251977942939,6,4,0,0,0,0,0,0,1,0,0,0,0.228582258834122,0.771417741165878,-6.97777357071578,0.0471527777777778,0,0.00314657831107045
"1218",100,3410057528,97,30,0.0471527777777778,16.27,"MILLER LITE BEER N.R",28537,34100,0.0394810208333333,0.00105126677646564,6,4,0,0,0,0,0,0,1,0,0,0,0.154077437754725,0.845922562245275,-6.69043193066201,0.0471527777777778,0,0.00682297675626684
"1229",100,3410057528,98,26,0.0471527777777778,16.27,"MILLER LITE BEER N.R",30135,34100,0.0394810208333333,0.000862784138045462,6,4,0,0,0,0,0,0,1,0,0,0,0.161445559263888,0.838554440736112,-6.87927025440919,0.0471527777777778,0,0.0053441181162203
"1240",100,3410057528,99,12,0.0471527777777778,16.27,"MILLER LITE BEER N.R",32715,34100,0.0394810208333333,0.00036680421824851,6,4,0,0,0,0,0,0,1,0,0,0,0.142503970956944,0.857496029043056,-7.7569435867095,0.0471527777777778,0,0.00257399296163709
"1251",100,3410057528,100,15,0.0471527777777778,16.27,"MILLER LITE BEER N.R",27787,34100,0.0394810208333333,0.000539820779501206,6,4,0,0,0,0,0,0,1,0,0,0,0.152956618807566,0.847043381192434,-7.358269995129,0.0471527777777778,0,0.0035292410600443
"1262",100,3410057528,101,17,0.0471527777777778,16.27,"MILLER LITE BEER N.R",28328,34100,0.0394810208333333,0.000600112962439989,6,4,0,0,0,0,0,0,1,0,0,0,0.144578047442924,0.855421952557077,-7.26223222971593,0.0471527777777778,0,0.00415078895485085
"1273",100,3410057528,102,15,0.0471527777777778,16.27,"MILLER LITE BEER N.R",30449,34100,0.0394810208333333,0.000492627015665539,6,4,0,0,0,0,0,0,1,0,0,0,0.147551396581725,0.852448603418275,-7.45611586988671,0.0471527777777778,0,0.00333868080599756
"1284",100,3410057528,103,13,0.0471527777777778,16.27,"MILLER LITE BEER N.R",29504,34100,0.0394810208333333,0.000440618221258134,6,4,0,0,0,0,0,0,1,0,0,0,0.171644858056582,0.828355141943418,-7.5390184677306,0.0471527777777778,0,0.00256703420217159
"1295",100,3410057528,104,23,0.0471527777777778,16.27,"MILLER LITE BEER N.R",27582,34100,0.0394810208333333,0.000833877166267856,6,4,0,0,0,0,0,0,1,0,0,0,0.235510838015903,0.764489161984097,-6.82087701878482,0.0471527777777778,0,0.00354071673852881
"1306",100,3410057528,105,17,0.0471527777777778,16.27,"MILLER LITE BEER N.R",31303,34100,0.0394810208333333,0.000543078938120947,6,4,0,0,0,0,0,0,1,0,0,0,0.134631013358941,0.865368986641059,-7.37365658566877,0.0471527777777778,0,0.00403383235832178
"1317",100,3410057528,106,19,0.0471527777777778,16.27,"MILLER LITE BEER N.R",27968,34100,0.0394810208333333,0.000679347826086957,6,4,0,0,0,0,0,0,1,0,0,0,0.127541630663972,0.872458369336028,-7.15793695901686,0.0471527777777778,0,0.00532647906844475
"1328",100,3410057528,107,12,0.0471527777777778,16.27,"MILLER LITE BEER N.R",25762,34100,0.0394810208333333,0.000465802344538467,6,4,0,0,0,0,0,0,1,0,0,0,0.115288595803509,0.884711404196492,-7.54925538305954,0.0471527777777778,0,0.00404031588113325
"1339",100,3410057528,108,14,0.0471527777777778,16.27,"MILLER LITE BEER N.R",27742,34100,0.0394810208333333,0.000504649989186072,6,4,0,0,0,0,0,0,1,0,0,0,0.115815724839727,0.884184275160273,-7.46855567770319,0.0471527777777778,0,0.00435735294049609
"1350",100,3410057528,109,16,0.0471527777777778,16.27,"MILLER LITE BEER N.R",26917,34100,0.0394810208333333,0.000594419883345098,6,4,0,0,0,0,0,0,1,0,0,0,0.124851125911501,0.875148874088499,-7.29456334871969,0.0471527777777778,0,0.00476102941808025
"1361",100,3410057528,110,21,0.0471527777777778,16.27,"MILLER LITE BEER N.R",35029,34100,0.0394810208333333,0.000599503268720203,6,4,0,0,0,0,0,0,1,0,0,0,0.106163466721612,0.893836533278388,-7.30717676189152,0.0471527777777778,0,0.0056469827826201
"1372",100,3410057528,111,8,0.0471527777777778,16.27,"MILLER LITE BEER N.R",30026,34100,0.0394810208333333,0.000266435755678412,6,4,0,0,0,0,0,0,1,0,0,0,0.122334316510869,0.877665683489131,-8.09988788192038,0.0471527777777778,0,0.00217793145273952
"1383",100,3410057528,112,8,0.0471527777777778,16.27,"MILLER LITE BEER N.R",26837,34100,0.0394810208333333,0.000298095912359802,6,4,0,0,0,0,0,0,1,0,0,0,0.139806261452893,0.860193738547107,-7.96749763196087,0.0471527777777778,0,0.00213220716484321
"1394",100,3410057528,113,22,0.0471527777777778,16.27,"MILLER LITE BEER N.R",28496,34100,0.0394810208333333,0.000772038180797305,6,4,0,0,0,0,0,0,1,0,0,0,0.111227244022762,0.888772755977238,-7.04856285845374,0.0471527777777778,0,0.00694108882747567
"1405",100,3410057528,114,35,0.038125,3.55,"MILLER LITE BEER N.R",26631,34100,0.0367715625,0.00131425781983403,6,4,0,0,0,0,0,0,1,0,0,0,0.112970228581518,0.887029771418482,-6.51460643518085,0.038125,0,0.0116336652261058
"1416",100,3410057528,115,30,0.038125,3.55,"MILLER LITE BEER N.R",38200,34100,0.0367715625,0.000785340314136126,6,4,0,0,0,0,0,0,1,0,0,0,0.088921270428748,0.911078729571252,-7.05626744852043,0.038125,0,0.00883186115481125
"1427",100,3410057528,116,17,0.0471527777777778,16.27,"MILLER LITE BEER N.R",23663,34100,0.0394810208333333,0.000718421163842285,6,4,0,0,0,0,0,0,1,0,0,0,0.219650333031936,0.780349666968064,-6.99044141295265,0.0471527777777778,0,0.00327074925826692
"1438",100,3410057528,117,16,0.0471527777777778,16.27,"MILLER LITE BEER N.R",28151,34100,0.0394810208333333,0.000568363468438066,6,4,0,0,0,0,0,0,1,0,0,0,0.139797429405902,0.860202570594098,-7.32216206440675,0.0471527777777778,0,0.00406562174178342
"1449",100,3410057528,118,11,0.0471527777777778,16.27,"MILLER LITE BEER N.R",26929,34100,0.0394810208333333,0.000408481562627651,6,4,0,0,0,0,0,0,1,0,0,0,0.102755175164284,0.897244824835716,-7.69463726223179,0.0471527777777778,0,0.00397528943894624
"1460",100,3410057528,119,13,0.0471527777777778,16.27,"MILLER LITE BEER N.R",30522,34100,0.0394810208333333,0.000425922285564511,6,4,0,0,0,0,0,0,1,0,0,0,0.108132090593923,0.891867909406077,-7.64681641559622,0.0471527777777778,0,0.00393890734216923
"1471",100,3410057528,120,10,0.0471527777777778,16.27,"MILLER LITE BEER N.R",26551,34100,0.0394810208333333,0.000376633648450153,6,4,0,0,0,0,0,0,1,0,0,0,0.206769712513018,0.793230287486982,-7.65259589860675,0.0471527777777778,0,0.00182151265711336
"1482",100,3410057528,121,22,0.0471527777777778,16.27,"MILLER LITE BEER N.R",28366,34100,0.0394810208333333,0.000775576394274836,6,4,0,0,0,0,0,0,1,0,0,0,0.17975591860958,0.82024408139042,-6.9637507477126,0.0471527777777778,0,0.00431460838827425
"1493",100,3410057528,122,9,0.0489583333333333,17.91,"MILLER LITE BEER N.R",25294,34100,0.0401898958333333,0.00035581560844469,6,4,0,0,0,0,0,0,1,0,0,0,0.0955079544492083,0.904492045550792,-7.84071614661287,0.0483410493827161,0.000617283950617283,0.00372550758202989
"1504",100,3410057528,123,19,0.0513194444444444,19.95,"MILLER LITE BEER N.R",27123,34100,0.0410812152777778,0.000700512480182871,6,4,0,0,0,0,0,0,1,0,0,0,0.095828232503149,0.904171767496851,-7.16296244789276,0.0513194444444444,0,0.00731008453234125
"1515",100,3410057528,124,9,0.0513194444444444,19.95,"MILLER LITE BEER N.R",31610,34100,0.0410812152777778,0.000284720025308447,6,4,0,0,0,0,0,0,1,0,0,0,0.11012200102275,0.88987799897725,-8.04733332242036,0.0513194444444444,0,0.00258549629196827
"1526",100,3410057528,125,5,0.0513194444444444,19.95,"MILLER LITE BEER N.R",26337,34100,0.0410812152777778,0.000189846983331435,6,4,0,0,0,0,0,0,1,0,0,0,0.151938721522505,0.848061278477495,-8.40448977771472,0.0513194444444444,0,0.00124949704347298
"1537",100,3410057528,126,14,0.0513194444444444,19.95,"MILLER LITE BEER N.R",26189,34100,0.0410812152777778,0.000534575585169346,6,4,0,0,0,0,0,0,1,0,0,0,0.0977251858019289,0.902274814198071,-7.43120129138244,0.0513194444444444,0,0.00547019256891292
"1548",100,3410057528,127,12,0.0511805555555556,19.74,"MILLER LITE BEER N.R",27323,34100,0.0410775138888889,0.000439190425648721,6,4,0,0,0,0,0,0,1,0,0,0,0.0778651447013141,0.922134855298686,-7.64951366529171,0.0512191358024691,-3.85802469135832e-05,0.0056403982466536
"1559",100,3410057528,128,14,0.0499305555555556,17.73,"MILLER LITE BEER N.R",23791,34100,0.0410778680555556,0.000588457820184103,6,4,0,0,0,0,0,0,1,0,0,0,0.116308209700146,0.883691790299854,-7.31435837662137,0.0505478395061728,-0.000617283950617283,0.00505946933325864
"1570",100,3410057528,129,41,0.0415972222222222,1.25,"MILLER LITE BEER N.R",23092,34100,0.0410772569444444,0.00177550666897627,6,4,0,0,0,0,0,0,1,0,0,0,0.119230853928716,0.880769146071284,-6.20670972585162,0.0415972222222222,0,0.0148913356775737
"1581",100,3410057528,130,48,0.0415972222222222,1.25,"MILLER LITE BEER N.R",27488,34100,0.0410772569444444,0.00174621653084983,6,4,0,0,0,0,0,0,1,0,0,0,0.110709567336545,0.889290432663455,-6.23297241296377,0.0415972222222222,0,0.0157729505485422
"1592",100,3410057528,131,8,0.050625,18.86,"MILLER LITE BEER N.R",24413,34100,0.041077125,0.00032769426125425,6,4,0,0,0,0,0,0,1,0,0,0,0.113224222153805,0.886775777846195,-7.90326639888195,0.0496219135802469,0.00100308641975309,0.00289420633695418
"1603",100,3410057528,132,9,0.050625,18.86,"MILLER LITE BEER N.R",25432,34100,0.041077125,0.000353884869455804,6,4,0,0,0,0,0,0,1,0,0,0,0.122438590667897,0.877561409332103,-7.81593058130851,0.0496296296296296,0.000995370370370369,0.0028903049890184
"1614",100,3410057528,133,19,0.050625,18.86,"MILLER LITE BEER N.R",25472,34100,0.041077125,0.000745917085427136,6,4,0,0,0,0,0,0,1,0,0,0,0.113110420383666,0.886889579616334,-7.08086131758841,0.050462962962963,0.000162037037037037,0.0065945921065187
"1625",100,3410057528,134,6,0.050625,18.86,"MILLER LITE BEER N.R",23949,34100,0.041077125,0.000250532381310284,6,4,0,0,0,0,0,0,1,0,0,0,0.0919781128432479,0.908021887156752,-8.19543558321268,0.050625,0,0.00272382606650399
"1636",100,3410057528,135,21,0.050625,18.86,"MILLER LITE BEER N.R",28179,34100,0.041077125,0.000745235813903971,6,4,0,0,0,0,0,0,1,0,0,0,0.087014757413691,0.912985242586309,-7.11077429877004,0.050625,0,0.00856447614237347
"1647",100,3410057528,136,37,0.0415972222222222,1.25,"MILLER LITE BEER N.R",27371,34100,0.0410772569444444,0.00135179569617478,6,4,0,0,0,0,0,0,1,0,0,0,0.110040193489792,0.889959806510208,-6.4897424465765,0.0415972222222222,0,0.0122845630610435
"1658",100,3410057528,137,46,0.0417361111111111,1.58,"MILLER LITE BEER N.R",23429,34100,0.0410766805555556,0.00196337871868198,6,4,0,0,0,0,0,0,1,0,0,0,0.145163684101017,0.854836315898983,-6.07624318201154,0.0416126543209877,0.000123456790123461,0.0135252748016211
