Project/data - Copy.csv
"","store","upc","week","move","price","profit","descrip","custcoun","brand","wp","mks","csame","cdiff","Prod2","Prod3","Prod4","Prod5","Prod6","Prod7","Prod8","Prod9","Prod10","Prod11","summks","os","y","avg_price_product","pricediff_product","withingroupshare"
"1153",100,3410057602,91,46,0.0471527777777778,16.27,"MILLER LITE BEER",28349,34100,0.0394810208333333,0.0016226321916117,6,4,0,0,0,0,0,0,0,1,0,0,0.160243720676529,0.839756279323471,-6.24906206576895,0.0471527777777778,0,0.0101260266846098
"1164",100,3410057602,92,62,0.0415972222222222,5.09,"MILLER LITE BEER",28523,34100,0.0394799236111111,0.00217368439504961,6,4,0,0,0,0,0,0,0,1,0,0,0.179048444747772,0.820951555252228,-5.93404049502031,0.0415972222222222,0,0.0121402026033329
"1175",100,3410057602,93,50,0.038125,3.55,"MILLER LITE BEER",28742,34100,0.0367715625,0.00173961450142648,6,4,0,0,0,0,0,0,0,1,0,0,0.163680188523833,0.836319811476167,-6.1753475517678,0.038125,0,0.0106281310958606
"1186",100,3410057602,94,31,0.0471527777777778,16.27,"MILLER LITE BEER",31941,34100,0.0394810208333333,0.000970539432077894,6,4,0,0,0,0,0,0,0,1,0,0,0.171503153298151,0.828496846701849,-6.74951627734204,0.0471527777777778,0,0.00565901800295563
"1197",100,3410057602,95,62,0.0415972222222222,5.09,"MILLER LITE BEER",27720,34100,0.0394799236111111,0.00223665223665224,6,4,0,0,0,0,0,0,0,1,0,0,0.295882349292852,0.704117650707148,-5.75196524895383,0.0415972222222222,0,0.0075592621256312
"1208",100,3410057602,96,63,0.0415972222222222,5.09,"MILLER LITE BEER",29197,34100,0.0394799236111111,0.00215775593382882,6,4,0,0,0,0,0,0,0,1,0,0,0.228582258834122,0.771417741165878,-5.87916128204767,0.0416049382716049,-7.71604938271803e-06,0.00943973493321134
"1219",100,3410057602,97,35,0.0471527777777778,16.27,"MILLER LITE BEER",28537,34100,0.0394810208333333,0.00122647790587658,6,4,0,0,0,0,0,0,0,1,0,0,0.154077437754725,0.845922562245275,-6.53628125083475,0.0471527777777778,0,0.00796013954897798
"1230",100,3410057602,98,38,0.0471527777777778,16.27,"MILLER LITE BEER",30135,34100,0.0394810208333333,0.00126099220175875,6,4,0,0,0,0,0,0,0,1,0,0,0.161445559263888,0.838554440736112,-6.49978063270429,0.0471527777777778,0,0.00781063416986044
"1241",100,3410057602,99,24,0.0471527777777778,16.27,"MILLER LITE BEER",32715,34100,0.0394810208333333,0.00073360843649702,6,4,0,0,0,0,0,0,0,1,0,0,0.142503970956944,0.857496029043056,-7.06379640614955,0.0471527777777778,0,0.00514798592327418
"1252",100,3410057602,100,30,0.0469444444444444,15.9,"MILLER LITE BEER",27787,34100,0.0394802777777778,0.00107964155900241,6,4,0,0,0,0,0,0,0,1,0,0,0.152956618807566,0.847043381192434,-6.66512281456906,0.0471141975308642,-0.000169753086419755,0.00705848212008861
"1263",100,3410057602,101,76,0.0415972222222222,5.09,"MILLER LITE BEER",28328,34100,0.0394799236111111,0.00268285794973171,6,4,0,0,0,0,0,0,0,1,0,0,0.144578047442924,0.855421952557077,-5.76471223348581,0.0415972222222222,0,0.018556468268745
"1274",100,3410057602,102,71,0.0415972222222222,5.09,"MILLER LITE BEER",30449,34100,0.0394799236111111,0.00233176787415022,6,4,0,0,0,0,0,0,0,1,0,0,0.147551396581725,0.852448603418275,-5.9014861939476,0.0415972222222222,0,0.0158030891483884
"1285",100,3410057602,103,47,0.0471527777777778,16.27,"MILLER LITE BEER",29504,34100,0.0394810208333333,0.00159300433839479,6,4,0,0,0,0,0,0,0,1,0,0,0.171644858056582,0.828355141943418,-6.25382022348207,0.0471527777777778,0,0.00928081596169728
"1296",100,3410057602,104,38,0.0471527777777778,16.27,"MILLER LITE BEER",27582,34100,0.0394810208333333,0.00137771010079037,6,4,0,0,0,0,0,0,0,1,0,0,0.235510838015903,0.764489161984097,-6.31878507498758,0.0471527777777778,0,0.00584987982887369
"1307",100,3410057602,105,29,0.0471527777777778,16.27,"MILLER LITE BEER",31303,34100,0.0394810208333333,0.000926428776794556,6,4,0,0,0,0,0,0,0,1,0,0,0.134631013358941,0.865368986641059,-6.83957409973851,0.0471527777777778,0,0.00688124343478421
"1318",100,3410057602,106,26,0.0471527777777778,16.27,"MILLER LITE BEER",27968,34100,0.0394810208333333,0.000929633867276888,6,4,0,0,0,0,0,0,0,1,0,0,0.127541630663972,0.872458369336028,-6.84427940016182,0.0471527777777778,0,0.00728886609366124
"1329",100,3410057602,107,31,0.0471527777777778,16.27,"MILLER LITE BEER",25762,34100,0.0394810208333333,0.00120332272339104,6,4,0,0,0,0,0,0,0,1,0,0,0.115288595803509,0.884711404196492,-6.60017482836239,0.0471527777777778,0,0.0104374826929276
"1340",100,3410057602,108,48,0.0415972222222222,5.09,"MILLER LITE BEER",27742,34100,0.0394799236111111,0.00173022853435225,6,4,0,0,0,0,0,0,0,1,0,0,0.115815724839727,0.884184275160273,-6.23641199641056,0.0415972222222222,0,0.0149394957959866
"1351",100,3410057602,109,47,0.0415972222222222,5.09,"MILLER LITE BEER",26917,34100,0.0394799236111111,0.00174610840732622,6,4,0,0,0,0,0,0,0,1,0,0,0.124851125911501,0.875148874088499,-6.21700446924941,0.0415972222222222,0,0.0139855239156107
"1362",100,3410057602,110,14,0.0471527777777778,16.27,"MILLER LITE BEER",35029,34100,0.0394810208333333,0.000399668845813469,6,4,0,0,0,0,0,0,0,1,0,0,0.106163466721612,0.893836533278388,-7.71264186999968,0.0471527777777778,0,0.0037646551884134
"1373",100,3410057602,111,22,0.0471527777777778,16.27,"MILLER LITE BEER",30026,34100,0.0394810208333333,0.000732698328115633,6,4,0,0,0,0,0,0,0,1,0,0,0.122334316510869,0.877665683489131,-7.0882869702419,0.0471527777777778,0,0.00598931149503367
"1384",100,3410057602,112,41,0.0415972222222222,5.09,"MILLER LITE BEER",26837,34100,0.0394799236111111,0.00152774155084398,6,4,0,0,0,0,0,0,0,1,0,0,0.139806261452893,0.860193738547107,-6.3333671069364,0.0415972222222222,0,0.0109275617198215
"1395",100,3410057602,113,48,0.0415972222222222,5.09,"MILLER LITE BEER",28496,34100,0.0394799236111111,0.00168444693992139,6,4,0,0,0,0,0,0,0,1,0,0,0.111227244022762,0.888772755977238,-6.26840430090417,0.0415972222222222,0,0.0151441938054015
"1406",100,3410057602,114,27,0.0471527777777778,16.27,"MILLER LITE BEER",26631,34100,0.0394810208333333,0.00101385603244339,6,4,0,0,0,0,0,0,0,1,0,0,0.112970228581518,0.887029771418482,-6.77411763066593,0.0465972222222222,0.000555555555555552,0.00897454174585303
"1417",100,3410057602,115,24,0.0471527777777778,16.27,"MILLER LITE BEER",38200,34100,0.0394810208333333,0.0006282722513089,6,4,0,0,0,0,0,0,0,1,0,0,0.088921270428748,0.911078729571252,-7.27941099983464,0.0470601851851852,9.25925925925955e-05,0.007065488923849
"1428",100,3410057602,116,35,0.0471527777777778,16.27,"MILLER LITE BEER",23663,34100,0.0394810208333333,0.00147910239614588,6,4,0,0,0,0,0,0,0,1,0,0,0.219650333031936,0.780349666968064,-6.26830669551945,0.0471527777777778,0,0.006733895531726
"1439",100,3410057602,117,26,0.0395138888888889,0.08,"MILLER LITE BEER",28151,34100,0.0394822777777778,0.000923590636211857,6,4,0,0,0,0,0,0,0,1,0,0,0.139797429405902,0.860202570594098,-6.83665424862505,0.0403626543209877,-0.000848765432098768,0.00660663533039805
"1450",100,3410057602,118,32,0.038125,3.55,"MILLER LITE BEER",26929,34100,0.0367715625,0.00118831000037135,6,4,0,0,0,0,0,0,0,1,0,0,0.102755175164284,0.897244824835716,-6.62679663223044,0.038125,0,0.0115644783678436
"1461",100,3410057602,119,18,0.0471527777777778,16.27,"MILLER LITE BEER",30522,34100,0.0394810208333333,0.000589738549243169,6,4,0,0,0,0,0,0,0,1,0,0,0.108132090593923,0.891867909406077,-7.32139401516159,0.0471141975308642,3.85802469135832e-05,0.00545387170454202
"1472",100,3410057602,120,57,0.0415972222222222,5.09,"MILLER LITE BEER",26551,34100,0.0394799236111111,0.00214681179616587,6,4,0,0,0,0,0,0,0,1,0,0,0.206769712513018,0.793230287486982,-5.91212972376624,0.0415972222222222,0,0.0103826221455461
"1483",100,3410057602,121,70,0.0415972222222222,5.09,"MILLER LITE BEER",28366,34100,0.0394799236111111,0.00246774307269266,6,4,0,0,0,0,0,0,0,1,0,0,0.17975591860958,0.82024408139042,-5.80629795902156,0.0415972222222222,0,0.0137282994172363
"1494",100,3410057602,122,21,0.048125,17.18,"MILLER LITE BEER",25294,34100,0.039857125,0.000830236419704278,6,4,0,0,0,0,0,0,0,1,0,0,0.0955079544492083,0.904492045550792,-6.99341828622567,0.048070987654321,5.40123456790123e-05,0.0086928510247364
"1505",100,3410057602,123,24,0.0513194444444444,19.95,"MILLER LITE BEER",27123,34100,0.0410812152777778,0.000884857869704679,6,4,0,0,0,0,0,0,0,1,0,0,0.095828232503149,0.904171767496851,-6.92934759671126,0.0513194444444444,0,0.00923379098822052
"1516",100,3410057602,124,10,0.0513194444444444,19.95,"MILLER LITE BEER",31610,34100,0.0410812152777778,0.000316355583676052,6,4,0,0,0,0,0,0,0,1,0,0,0.11012200102275,0.88987799897725,-7.94197280676253,0.0513194444444444,0,0.00287277365774252
"1527",100,3410057602,125,41,0.0415972222222222,1.25,"MILLER LITE BEER",26337,34100,0.0410772569444444,0.00155674526331777,6,4,0,0,0,0,0,0,0,1,0,0,0.151938721522505,0.848061278477495,-6.30035562344451,0.0415972222222222,0,0.0102458757564784
"1538",100,3410057602,126,28,0.0513194444444444,19.95,"MILLER LITE BEER",26189,34100,0.0410812152777778,0.00106915117033869,6,4,0,0,0,0,0,0,0,1,0,0,0.0977251858019289,0.902274814198071,-6.7380541108225,0.0513194444444444,0,0.0109403851378258
"1549",100,3410057602,127,13,0.0509722222222222,19.41,"MILLER LITE BEER",27323,34100,0.0410785138888889,0.000475789627786114,6,4,0,0,0,0,0,0,0,1,0,0,0.0778651447013141,0.922134855298686,-7.56947095761818,0.0511033950617284,-0.000131172839506172,0.00611043143387473
"1560",100,3410057602,128,19,0.050625,18.86,"MILLER LITE BEER",23791,34100,0.041077125,0.000798621327392712,6,4,0,0,0,0,0,0,0,1,0,0,0.116308209700146,0.883691790299854,-7.00897672707019,0.050625,0,0.0068664226665653
"1571",100,3410057602,129,15,0.050625,18.86,"MILLER LITE BEER",23092,34100,0.041077125,0.000649575610601074,6,4,0,0,0,0,0,0,0,1,0,0,0.119230853928716,0.880769146071284,-7.21223159145371,0.050625,0,0.00544804963813672
"1582",100,3410057602,130,16,0.050625,18.86,"MILLER LITE BEER",27488,34100,0.041077125,0.000582072176949942,6,4,0,0,0,0,0,0,0,1,0,0,0.110709567336545,0.889290432663455,-7.33158470163188,0.050625,0,0.00525765018284738
"1593",100,3410057602,131,42,0.0415972222222222,1.25,"MILLER LITE BEER",24413,34100,0.0410772569444444,0.00172039487158481,6,4,0,0,0,0,0,0,0,1,0,0,0.113224222153805,0.886775777846195,-6.24503832227842,0.0415972222222222,0,0.0151945832690094
"1604",100,3410057602,132,48,0.0415972222222222,1.25,"MILLER LITE BEER",25432,34100,0.0410772569444444,0.00188738597043095,6,4,0,0,0,0,0,0,0,1,0,0,0.122438590667897,0.877561409332103,-6.14195414773684,0.0415972222222222,0,0.0154149599414314
"1615",100,3410057602,133,20,0.050625,18.86,"MILLER LITE BEER",25472,34100,0.041077125,0.000785175879396985,6,4,0,0,0,0,0,0,0,1,0,0,0.113110420383666,0.886889579616334,-7.02956802320086,0.050625,0,0.00694167590159863
"1626",100,3410057602,134,14,0.050625,18.86,"MILLER LITE BEER",23949,34100,0.041077125,0.000584575556390664,6,4,0,0,0,0,0,0,0,1,0,0,0.0919781128432479,0.908021887156752,-7.34813772282548,0.050625,0,0.00635559415517598
"1637",100,3410057602,135,14,0.050625,18.86,"MILLER LITE BEER",28179,34100,0.041077125,0.000496823875935981,6,4,0,0,0,0,0,0,0,1,0,0,0.087014757413691,0.912985242586309,-7.51623940687821,0.050625,0,0.00570965076158231
"1648",100,3410057602,136,13,0.050625,18.86,"MILLER LITE BEER",27371,34100,0.041077125,0.000474955244601951,6,4,0,0,0,0,0,0,0,1,0,0,0.110040193489792,0.889959806510208,-7.53571100175919,0.050625,0,0.00431619783225853
"1659",100,3410057602,137,32,0.0415972222222222,1.25,"MILLER LITE BEER",23429,34100,0.0410772569444444,0.00136582867386572,6,4,0,0,0,0,0,0,0,1,0,0,0.145163684101017,0.854836315898983,-6.43914867570091,0.0415972222222222,0,0.00940888681851902
