Project/data - Copy.csv
"","store","upc","week","move","price","profit","descrip","custcoun","brand","wp","mks","csame","cdiff","Prod2","Prod3","Prod4","Prod5","Prod6","Prod7","Prod8","Prod9","Prod10","Prod11","summks","os","y","avg_price_product","pricediff_product","withingroupshare"
"1154",100,7336011341,91,12,0.0471527777777778,17.45,"OLD STYLE BEER",28349,73360,0.0389246180555556,0.000423295354333486,1,9,0,0,0,0,0,0,0,0,1,0,0.160243720676529,0.839756279323471,-7.59279681247004,0.0471527777777778,0,0.00264157217859387
"1165",100,7336011341,92,12,0.0471527777777778,17.45,"OLD STYLE BEER",28523,73360,0.0389246180555556,0.000420713108719279,1,9,0,0,0,0,0,0,0,0,1,0,0.179048444747772,0.820951555252228,-7.5762682302774,0.0471527777777778,0,0.00234971663290315
"1176",100,7336011341,93,8,0.0471527777777778,17.45,"OLD STYLE BEER",28742,73360,0.0389246180555556,0.000278338320228237,1,9,0,0,0,0,0,0,0,0,1,0,0.163680188523833,0.836319811476167,-8.00792901551611,0.0471527777777778,0,0.0017005009753377
"1187",100,7336011341,94,16,0.0471527777777778,17.45,"OLD STYLE BEER",31941,73360,0.0389246180555556,0.000500923577846655,1,9,0,0,0,0,0,0,0,0,1,0,0.171503153298151,0.828496846701849,-7.4109147595874,0.0471527777777778,0,0.00292078348539646
"1198",100,7336011341,95,22,0.0471527777777778,17.45,"OLD STYLE BEER",27720,73360,0.0389246180555556,0.000793650793650794,1,9,0,0,0,0,0,0,0,0,1,0,0.295882349292852,0.704117650707148,-6.7880571806406,0.0471527777777778,0,0.00268231881877236
"1209",100,7336011341,96,24,0.0471527777777778,17.45,"OLD STYLE BEER",29197,73360,0.0389246180555556,0.000822002260506216,1,9,0,0,0,0,0,0,0,0,1,0,0.228582258834122,0.771417741165878,-6.84424217809126,0.0471527777777778,0,0.00359608949836623
"1220",100,7336011341,97,11,0.0471527777777778,17.45,"OLD STYLE BEER",28537,73360,0.0389246180555556,0.000385464484704068,1,9,0,0,0,0,0,0,0,0,1,0,0.154077437754725,0.845922562245275,-7.69373403952579,0.0471527777777778,0,0.00250175814396451
"1231",100,7336011341,98,20,0.0471527777777778,17.45,"OLD STYLE BEER",30135,73360,0.0389246180555556,0.000663680106188817,1,9,0,0,0,0,0,0,0,0,1,0,0.161445559263888,0.838554440736112,-7.14163451887668,0.0471527777777778,0,0.00411086008940023
"1242",100,7336011341,99,14,0.0471527777777778,17.45,"OLD STYLE BEER",32715,73360,0.0389246180555556,0.000427938254623261,1,9,0,0,0,0,0,0,0,0,1,0,0.142503970956944,0.857496029043056,-7.60279290688224,0.0471527777777778,0,0.00300299178857661
"1253",100,7336011341,100,24,0.0471527777777778,17.45,"OLD STYLE BEER",27787,73360,0.0389246180555556,0.000863713247201929,1,9,0,0,0,0,0,0,0,0,1,0,0.152956618807566,0.847043381192434,-6.88826636588326,0.0471527777777778,0,0.00564678569607089
"1264",100,7336011341,101,16,0.0471527777777778,17.45,"OLD STYLE BEER",28328,73360,0.0389246180555556,0.000564812199943519,1,9,0,0,0,0,0,0,0,0,1,0,0.144578047442924,0.855421952557077,-7.32285685153236,0.0471527777777778,0,0.00390662489868315
"1275",100,7336011341,102,14,0.0471527777777778,17.45,"OLD STYLE BEER",30449,73360,0.0389246180555556,0.00045978521462117,1,9,0,0,0,0,0,0,0,0,1,0,0.147551396581725,0.852448603418275,-7.52510874137366,0.0471527777777778,0,0.00311610208559772
"1286",100,7336011341,103,12,0.0471527777777778,17.45,"OLD STYLE BEER",29504,73360,0.0389246180555556,0.000406724511930586,1,9,0,0,0,0,0,0,0,0,1,0,0.171644858056582,0.828355141943418,-7.61906117540413,0.0471527777777778,0,0.00236957003277377
"1297",100,7336011341,104,14,0.0471527777777778,17.45,"OLD STYLE BEER",27582,73360,0.0389246180555556,0.000507577405554347,1,9,0,0,0,0,0,0,0,0,1,0,0.235510838015903,0.764489161984097,-7.31731390509871,0.0471527777777778,0,0.00215521888432188
"1308",100,7336011341,105,13,0.0471527777777778,17.45,"OLD STYLE BEER",31303,73360,0.0389246180555556,0.000415295658563077,1,9,0,0,0,0,0,0,0,0,1,0,0.134631013358941,0.865368986641059,-7.64192057226345,0.0471527777777778,0,0.0030846953328343
"1319",100,7336011341,106,25,0.0471527777777778,17.45,"OLD STYLE BEER",27968,73360,0.0389246180555556,0.000893878718535469,1,9,0,0,0,0,0,0,0,0,1,0,0.127541630663972,0.872458369336028,-6.8835001133151,0.0471527777777778,0,0.00700852509005888
"1330",100,7336011341,107,12,0.0471527777777778,17.45,"OLD STYLE BEER",25762,73360,0.0389246180555556,0.000465802344538467,1,9,0,0,0,0,0,0,0,0,1,0,0.115288595803509,0.884711404196492,-7.54925538305954,0.0471527777777778,0,0.00404031588113325
"1341",100,7336011341,108,16,0.0471527777777778,17.45,"OLD STYLE BEER",27742,73360,0.0389246180555556,0.000576742844784082,1,9,0,0,0,0,0,0,0,0,1,0,0.115815724839727,0.884184275160273,-7.33502428507867,0.0471527777777778,0,0.00497983193199553
"1352",100,7336011341,109,15,0.0471527777777778,17.45,"OLD STYLE BEER",26917,73360,0.0389246180555556,0.000557268640636029,1,9,0,0,0,0,0,0,0,0,1,0,0.124851125911501,0.875148874088499,-7.35910186985726,0.0471527777777778,0,0.00446346507945024
"1363",100,7336011341,110,16,0.0471527777777778,17.45,"OLD STYLE BEER",35029,73360,0.0389246180555556,0.000456764395215393,1,9,0,0,0,0,0,0,0,0,1,0,0.106163466721612,0.893836533278388,-7.57911047737516,0.0471527777777778,0,0.00430246307247246
"1374",100,7336011341,111,12,0.0471527777777778,17.45,"OLD STYLE BEER",30026,73360,0.0389246180555556,0.000399653633517618,1,9,0,0,0,0,0,0,0,0,1,0,0.122334316510869,0.877665683489131,-7.69442277381221,0.0471527777777778,0,0.00326689717910927
"1385",100,7336011341,112,6,0.0471527777777778,17.45,"OLD STYLE BEER",26837,73360,0.0389246180555556,0.000223571934269851,1,9,0,0,0,0,0,0,0,0,1,0,0.139806261452893,0.860193738547107,-8.25517970441265,0.0471527777777778,0,0.00159915537363241
"1396",100,7336011341,113,13,0.0471527777777778,17.45,"OLD STYLE BEER",28496,73360,0.0389246180555556,0.000456204379562044,1,9,0,0,0,0,0,0,0,0,1,0,0.111227244022762,0.888772755977238,-7.57465595435052,0.0471527777777778,0,0.00410155248896289
"1407",100,7336011341,114,22,0.0471527777777778,17.45,"OLD STYLE BEER",26631,73360,0.0389246180555556,0.000826104915324246,1,9,0,0,0,0,0,0,0,0,1,0,0.112970228581518,0.887029771418482,-6.97891204331194,0.0471527777777778,0,0.00731258957069507
"1418",100,7336011341,115,15,0.0471527777777778,17.45,"OLD STYLE BEER",38200,73360,0.0389246180555556,0.000392670157068063,1,9,0,0,0,0,0,0,0,0,1,0,0.088921270428748,0.911078729571252,-7.74941462908038,0.0471527777777778,0,0.00441593057740563
"1429",100,7336011341,116,16,0.0471527777777778,17.45,"OLD STYLE BEER",23663,73360,0.0389246180555556,0.000676161095380974,1,9,0,0,0,0,0,0,0,0,1,0,0.219650333031936,0.780349666968064,-7.05106603476909,0.0471527777777778,0,0.00307835224307474
"1440",100,7336011341,117,13,0.0471527777777778,17.45,"OLD STYLE BEER",28151,73360,0.0389246180555556,0.000461795318105929,1,9,0,0,0,0,0,0,0,0,1,0,0.139797429405902,0.860202570594098,-7.52980142918499,0.0473765432098765,-0.00022376543209876,0.00330331766519902
"1451",100,7336011341,118,5,0.0485416666666667,19.81,"OLD STYLE BEER",26929,73360,0.0389255625,0.000185673437558023,1,9,0,0,0,0,0,0,0,0,1,0,0.102755175164284,0.897244824835716,-8.48309462259606,0.0485416666666667,0,0.00180694974497556
"1462",100,7336011341,119,7,0.0485416666666667,19.81,"OLD STYLE BEER",30522,73360,0.0389255625,0.000229342769150121,1,9,0,0,0,0,0,0,0,0,1,0,0.108132090593923,0.891867909406077,-8.26585562400244,0.0485416666666667,0,0.0021209501073219
"1473",100,7336011341,120,15,0.0485416666666667,19.81,"OLD STYLE BEER",26551,73360,0.0389255625,0.000564950472675229,1,9,0,0,0,0,0,0,0,0,1,0,0.206769712513018,0.793230287486982,-7.24713079049858,0.0485416666666667,0,0.00273226898567004
"1484",100,7336011341,121,17,0.0485416666666667,19.81,"OLD STYLE BEER",28366,73360,0.0389255625,0.000599309031939646,1,9,0,0,0,0,0,0,0,0,1,0,0.17975591860958,0.82024408139042,-7.2215798570147,0.0485416666666667,0,0.00333401557275738
"1495",100,7336011341,122,9,0.0490972222222222,19.75,"OLD STYLE BEER",25294,73360,0.0394005208333333,0.00035581560844469,1,9,0,0,0,0,0,0,0,0,1,0,0.0955079544492083,0.904492045550792,-7.84071614661287,0.0493441358024691,-0.000246913580246914,0.00372550758202989
"1506",100,7336011341,123,8,0.0513194444444444,19.95,"OLD STYLE BEER",27123,73360,0.0410812152777778,0.000294952623234893,1,9,0,0,0,0,0,0,0,0,1,0,0.095828232503149,0.904171767496851,-8.02795988537937,0.0513194444444444,0,0.00307793032940684
"1517",100,7336011341,124,7,0.0513194444444444,19.95,"OLD STYLE BEER",31610,73360,0.0410812152777778,0.000221448908573236,1,9,0,0,0,0,0,0,0,0,1,0,0.11012200102275,0.88987799897725,-8.29864775070126,0.0513194444444444,0,0.00201094156041977
"1528",100,7336011341,125,5,0.0513194444444444,19.95,"OLD STYLE BEER",26337,73360,0.0410812152777778,0.000189846983331435,1,9,0,0,0,0,0,0,0,0,1,0,0.151938721522505,0.848061278477495,-8.40448977771472,0.0513194444444444,0,0.00124949704347298
"1539",100,7336011341,126,9,0.0513194444444444,19.95,"OLD STYLE BEER",26189,73360,0.0410812152777778,0.000343655733323151,1,9,0,0,0,0,0,0,0,0,1,0,0.0977251858019289,0.902274814198071,-7.87303404366148,0.0513194444444444,0,0.00351655236572974
"1550",100,7336011341,127,7,0.0509722222222222,19.41,"OLD STYLE BEER",27323,73360,0.0410785138888889,0.000256194414961754,1,9,0,0,0,0,0,0,0,0,1,0,0.0778651447013141,0.922134855298686,-8.1885101660244,0.0510493827160494,-7.71604938271594e-05,0.00329023231054793
"1561",100,7336011341,128,9,0.0415972222222222,1.25,"OLD STYLE BEER",23791,73360,0.0410772569444444,0.000378294312975495,1,9,0,0,0,0,0,0,0,0,1,0,0.116308209700146,0.883691790299854,-7.75619112890041,0.0415972222222222,0,0.00325251599995198
"1572",100,7336011341,129,14,0.0415972222222222,1.25,"OLD STYLE BEER",23092,73360,0.0410772569444444,0.000606270569894336,1,9,0,0,0,0,0,0,0,0,1,0,0.119230853928716,0.880769146071284,-7.28122446294067,0.0415972222222222,0,0.0050848463289276
"1583",100,7336011341,130,8,0.050625,18.86,"OLD STYLE BEER",27488,73360,0.041077125,0.000291036088474971,1,9,0,0,0,0,0,0,0,0,1,0,0.110709567336545,0.889290432663455,-8.02473188219182,0.050625,0,0.00262882509142369
"1594",100,7336011341,131,14,0.050625,18.86,"OLD STYLE BEER",24413,73360,0.041077125,0.000573464957194937,1,9,0,0,0,0,0,0,0,0,1,0,0.113224222153805,0.886775777846195,-7.34365061094653,0.050625,0,0.00506486108966981
"1605",100,7336011341,132,5,0.050625,18.86,"OLD STYLE BEER",25432,73360,0.041077125,0.000196602705253224,1,9,0,0,0,0,0,0,0,0,1,0,0.122438590667897,0.877561409332103,-8.40371724621063,0.050625,0,0.00160572499389911
"1616",100,7336011341,133,4,0.050625,18.86,"OLD STYLE BEER",25472,73360,0.041077125,0.000157035175879397,1,9,0,0,0,0,0,0,0,0,1,0,0.113110420383666,0.886889579616334,-8.63900593563496,0.050625,0,0.00138833518031973
"1627",100,7336011341,134,6,0.050625,18.86,"OLD STYLE BEER",23949,73360,0.041077125,0.000250532381310284,1,9,0,0,0,0,0,0,0,0,1,0,0.0919781128432479,0.908021887156752,-8.19543558321268,0.050625,0,0.00272382606650399
"1638",100,7336011341,135,3,0.050625,18.86,"OLD STYLE BEER",28179,73360,0.041077125,0.000106462259129139,1,9,0,0,0,0,0,0,0,0,1,0,0.087014757413691,0.912985242586309,-9.05668444782535,0.050625,0,0.00122349659176764
"1649",100,7336011341,136,5,0.050625,18.86,"OLD STYLE BEER",27371,73360,0.041077125,0.000182675094077673,1,9,0,0,0,0,0,0,0,0,1,0,0.110040193489792,0.889959806510208,-8.49122244678662,0.050625,0,0.0016600760893302
